<html>
<body>
<pre>
<h1>µVision Build Log</h1>
<h2>Tool Versions:</h2>
IDE-Version: ¦ÌVision V5.29.0.0
Copyright (C) 2019 ARM Ltd and ARM Germany GmbH. All rights reserved.
License Information: zhang mengjie, as, LIC=03C6R-K6497-NNGAF-6GZ94-QU6X7-7R4R2
 
Tool Versions:
Toolchain:       MDK-ARM Plus  Version: 5.29.0.0
Toolchain Path:  C:\Keil_v5\ARM\ARMCC\Bin
C Compiler:      Armcc.exe V5.06 update 6 (build 750)
Assembler:       Armasm.exe V5.06 update 6 (build 750)
Linker/Locator:  ArmLink.exe V5.06 update 6 (build 750)
Library Manager: ArmAr.exe V5.06 update 6 (build 750)
Hex Converter:   FromElf.exe V5.06 update 6 (build 750)
CPU DLL:         SARMCM3.DLL V5.29.0.0
Dialog DLL:      DCM.DLL V1.17.3.0
Target DLL:      Segger\JL2CM3.dll V2.99.36.0
Dialog DLL:      TCM.DLL V1.36.5.0
 
<h2>Project:</h2>
G:\WORK\Mingbo\ALL_AT_Aliyun_Mingbo\MDK-ARM\ALL_AT_Aliyun.uvprojx
Project File Date:  05/17/2020

<h2>Output:</h2>
*** Using Compiler 'V5.06 update 6 (build 750)', folder: 'C:\Keil_v5\ARM\ARMCC\Bin'
Build target 'ALL_AT_Aliyun'
compiling main.c...
../Drivers/STM32F4xx_HAL_Driver/Inc/stm32f4xx_hal_gpio_ex.h(1422): warning:  #47-D: incompatible redefinition of macro "IS_GPIO_AF"  (declared at line 1398)
  #define IS_GPIO_AF(AF)   (((AF) == GPIO_AF0_RTC_50Hz)   || ((AF) == GPIO_AF9_TIM14)      || \
../Inc/main.h(232): warning:  #1295-D: Deprecated declaration Pow_up_sim - give arg types
  void Pow_up_sim();
../Inc/main.h(233): warning:  #1295-D: Deprecated declaration close_socket - give arg types
  void close_socket();
../Inc/main.h(234): warning:  #1295-D: Deprecated declaration REST_SIM - give arg types
  void REST_SIM();
../Inc/main.h(236): warning:  #1295-D: Deprecated declaration feed_dog - give arg types
  void feed_dog();
..\Modbus_Master\modbus_master.h(29): warning:  #1295-D: Deprecated declaration ModbusMaster_clearResponseBuffer - give arg types
   void ModbusMaster_clearResponseBuffer();
..\Modbus_Master\modbus_master.h(31): warning:  #1295-D: Deprecated declaration ModbusMaster_clearTransmitBuffer - give arg types
   void ModbusMaster_clearTransmitBuffer();
../Src/main.c(340): warning:  #940-D: missing return statement at end of non-void function "HextoString" 
  }
../Src/main.c(285): warning:  #177-D: variable "j"  was declared but never referenced
  	uint16_t i,j;
../Src/main.c(357): warning:  #177-D: variable "Topic_temp_data"  was declared but never referenced
  	char 			 Topic_temp_data[256];
../Src/main.c(1743): warning:  #550-D: parameter "length_out"  was set but never used
  void StringtoHex(char *datain,uint16_t length,char *dataout,uint16_t length_out)
../Src/main.c(1944): warning:  #1035-D: single-precision operand implicitly converted to double-precision
  	if(Fversion >= App_Pram_data->Firmware_Version_new-0.1)
../Src/main.c(1822): warning:  #177-D: variable "j"  was declared but never referenced
  	uint8_t  j;
../Src/main.c(1824): warning:  #177-D: variable "LED_flag"  was declared but never referenced
  	uint8_t LED_flag=1;
../Src/main.c(1827): warning:  #177-D: variable "Input_Result"  was declared but never referenced
  	uint16_t  Input_Result[4];
../Src/main.c(1828): warning:  #177-D: variable "humidity"  was declared but never referenced
  	float 	humidity;
../Src/main.c(1829): warning:  #177-D: variable "temperature"  was declared but never referenced
  	float 	temperature;
../Src/main.c(1835): warning:  #177-D: variable "CurrentTemperature"  was declared but never referenced
  	float   CurrentTemperature=0;
../Src/main.c(1841): warning:  #177-D: variable "Rreg_temp_rev"  was declared but never referenced
  	uint32_t   Rreg_temp_rev;	
../Src/main.c(1842): warning:  #177-D: variable "float_temp"  was declared but never referenced
  	uint32_t   float_temp;
../Src/main.c(3459): warning:  #177-D: variable "Modbus_burrate"  was declared but never referenced
  	uint32_t			Modbus_burrate;   //0: 9600 1: 4800 2: 57600 3: 115200
../Src/main.c(3460): warning:  #177-D: variable "Modbus_databit"  was declared but never referenced
  	uint8_t				Modbus_databit;   //0: 8bit 1:9bit
../Src/main.c(3461): warning:  #177-D: variable "Modbus_Stopbit"  was declared but never referenced
  	uint8_t				Modbus_Stopbit;    // 0:1bit 1:2bit
../Src/main.c(3462): warning:  #177-D: variable "Modbus_Check"  was declared but never referenced
  	uint8_t				Modbus_Check;      //0: none 1:odd 2:even
../Src/main.c(2584): warning:  #177-D: function "MX_ADC1_Init"  was declared but never referenced
  static void MX_ADC1_Init(void)
../Src/main.c(3288): warning:  #177-D: function "MX_UART4_Init"  was declared but never referenced
  static void MX_UART4_Init(void)
../Src/main.c(3321): warning:  #177-D: function "MX_UART5_Init"  was declared but never referenced
  static void MX_UART5_Init(void)
../Src/main.c(3420): warning:  #177-D: function "MX_USART3_UART_Init"  was declared but never referenced
  static void MX_USART3_UART_Init(void)
../Src/main.c: 28 warnings, 0 errors
linking...
Program Size: Code=124188 RO-data=16816 RW-data=1576 ZI-data=119024  
FromELF: creating hex file...
After Build - User command #1: fromelf.exe --bin -o "ALL_AT_Aliyun.axfALL_AT_Aliyun.bin" "ALL_AT_Aliyun\ALL_AT_Aliyun.axf"
"ALL_AT_Aliyun\ALL_AT_Aliyun.axf" - 0 Error(s), 28 Warning(s).

<h2>Software Packages used:</h2>

Package Vendor: ARM
                http://www.keil.com/pack/ARM.CMSIS.5.6.0.pack
                ARM.CMSIS.5.6.0
                CMSIS (Cortex Microcontroller Software Interface Standard)
   * Component: CORE Version: 5.3.0

Package Vendor: Keil
                http://www.keil.com/pack/Keil.STM32F4xx_DFP.2.11.0.pack
                Keil.STM32F4xx_DFP.2.11.0
                STMicroelectronics STM32F4 Series Device Support, Drivers and Examples

<h2>Collection of Component include folders:</h2>
  .\RTE\_ALL_AT_Aliyun
  C:\Keil_v5\ARM\PACK\ARM\CMSIS\5.6.0\CMSIS\Core\Include
  C:\Keil_v5\ARM\PACK\Keil\STM32F4xx_DFP\2.11.0\Drivers\CMSIS\Device\ST\STM32F4xx\Include

<h2>Collection of Component Files used:</h2>

   * Component: ARM::CMSIS:CORE:5.3.0
Build Time Elapsed:  00:00:05
</pre>
</body>
</html>
