Component: ARM Compiler 5.06 update 6 (build 750) Tool: armlink [4d35ed]

==============================================================================

Section Cross References

    startup_stm32f407xx.o(RESET) refers to startup_stm32f407xx.o(STACK) for __initial_sp
    startup_stm32f407xx.o(RESET) refers to startup_stm32f407xx.o(.text) for Reset_Handler
    startup_stm32f407xx.o(RESET) refers to stm32f4xx_it.o(i.NMI_Handler) for NMI_Handler
    startup_stm32f407xx.o(RESET) refers to stm32f4xx_it.o(i.HardFault_Handler) for HardFault_Handler
    startup_stm32f407xx.o(RESET) refers to stm32f4xx_it.o(i.MemManage_Handler) for MemManage_Handler
    startup_stm32f407xx.o(RESET) refers to stm32f4xx_it.o(i.BusFault_Handler) for BusFault_Handler
    startup_stm32f407xx.o(RESET) refers to stm32f4xx_it.o(i.UsageFault_Handler) for UsageFault_Handler
    startup_stm32f407xx.o(RESET) refers to stm32f4xx_it.o(i.SVC_Handler) for SVC_Handler
    startup_stm32f407xx.o(RESET) refers to stm32f4xx_it.o(i.DebugMon_Handler) for DebugMon_Handler
    startup_stm32f407xx.o(RESET) refers to stm32f4xx_it.o(i.PendSV_Handler) for PendSV_Handler
    startup_stm32f407xx.o(RESET) refers to stm32f4xx_it.o(i.SysTick_Handler) for SysTick_Handler
    startup_stm32f407xx.o(RESET) refers to stm32f4xx_it.o(i.ADC_IRQHandler) for ADC_IRQHandler
    startup_stm32f407xx.o(RESET) refers to stm32f4xx_it.o(i.TIM1_BRK_TIM9_IRQHandler) for TIM1_BRK_TIM9_IRQHandler
    startup_stm32f407xx.o(RESET) refers to stm32f4xx_it.o(i.TIM1_UP_TIM10_IRQHandler) for TIM1_UP_TIM10_IRQHandler
    startup_stm32f407xx.o(RESET) refers to stm32f4xx_it.o(i.TIM1_TRG_COM_TIM11_IRQHandler) for TIM1_TRG_COM_TIM11_IRQHandler
    startup_stm32f407xx.o(RESET) refers to stm32f4xx_it.o(i.TIM2_IRQHandler) for TIM2_IRQHandler
    startup_stm32f407xx.o(RESET) refers to stm32f4xx_it.o(i.TIM3_IRQHandler) for TIM3_IRQHandler
    startup_stm32f407xx.o(RESET) refers to stm32f4xx_it.o(i.TIM4_IRQHandler) for TIM4_IRQHandler
    startup_stm32f407xx.o(RESET) refers to stm32f4xx_it.o(i.USART1_IRQHandler) for USART1_IRQHandler
    startup_stm32f407xx.o(RESET) refers to stm32f4xx_it.o(i.USART2_IRQHandler) for USART2_IRQHandler
    startup_stm32f407xx.o(RESET) refers to stm32f4xx_it.o(i.USART3_IRQHandler) for USART3_IRQHandler
    startup_stm32f407xx.o(RESET) refers to stm32f4xx_it.o(i.RTC_Alarm_IRQHandler) for RTC_Alarm_IRQHandler
    startup_stm32f407xx.o(RESET) refers to stm32f4xx_it.o(i.TIM5_IRQHandler) for TIM5_IRQHandler
    startup_stm32f407xx.o(RESET) refers to stm32f4xx_it.o(i.UART4_IRQHandler) for UART4_IRQHandler
    startup_stm32f407xx.o(RESET) refers to stm32f4xx_it.o(i.UART5_IRQHandler) for UART5_IRQHandler
    startup_stm32f407xx.o(RESET) refers to stm32f4xx_it.o(i.TIM6_DAC_IRQHandler) for TIM6_DAC_IRQHandler
    startup_stm32f407xx.o(RESET) refers to stm32f4xx_it.o(i.TIM7_IRQHandler) for TIM7_IRQHandler
    startup_stm32f407xx.o(RESET) refers to stm32f4xx_it.o(i.USART6_IRQHandler) for USART6_IRQHandler
    startup_stm32f407xx.o(.text) refers to system_stm32f4xx.o(i.SystemInit) for SystemInit
    startup_stm32f407xx.o(.text) refers to entry.o(.ARM.Collect$$$$00000000) for __main
    main.o(i.GSM_Status_Check) refers to _scanf_str.o(.text) for _scanf_string
    main.o(i.GSM_Status_Check) refers to _scanf_int.o(.text) for _scanf_int
    main.o(i.GSM_Status_Check) refers to strstr.o(.text) for strstr
    main.o(i.GSM_Status_Check) refers to printfa.o(i.__0printf) for __2printf
    main.o(i.GSM_Status_Check) refers to __0sscanf.o(.text) for __0sscanf
    main.o(i.GSM_Status_Check) refers to strlen.o(.text) for strlen
    main.o(i.GSM_Status_Check) refers to main.o(.data) for SIM_Init_Flag
    main.o(i.GSM_Status_Check) refers to main.o(.bss) for ServerIP
    main.o(i.GSM_Status_Check) refers to main.o(i.savenv) for savenv
    main.o(i.GSM_Status_Check) refers to memseta.o(.text) for __aeabi_memclr4
    main.o(i.GSM_Status_Check) refers to main.o(i.HextoString) for HextoString
    main.o(i.GSM_Status_Check) refers to atof.o(i.__hardfp_atof) for __hardfp_atof
    main.o(i.GSM_Status_Check) refers to d2f.o(.text) for __aeabi_d2f
    main.o(i.GSM_Status_Check) refers to f2d.o(.text) for __aeabi_f2d
    main.o(i.GSM_Status_Check) refers to main.o(.conststring) for .conststring
    main.o(i.GSM_Status_Check) refers to atol.o(.text) for atol
    main.o(i.GSM_Status_Check) refers to localtime_w.o(.text) for localtime
    main.o(i.GSM_Status_Check) refers to memmovea.o(.text) for __aeabi_memcpy4
    main.o(i.GSM_Status_Check) refers to asctime.o(.text) for asctime
    main.o(i.GSM_Status_Check) refers to stm32f4xx_hal_rtc.o(i.HAL_RTC_SetTime) for HAL_RTC_SetTime
    main.o(i.GSM_Status_Check) refers to stm32f4xx_hal_rtc.o(i.HAL_RTC_SetDate) for HAL_RTC_SetDate
    main.o(i.GSM_Status_Check) refers to stm32f4xx_hal_rtc.o(i.HAL_RTC_GetTime) for HAL_RTC_GetTime
    main.o(i.GSM_Status_Check) refers to stm32f4xx_hal_rtc.o(i.HAL_RTC_GetDate) for HAL_RTC_GetDate
[...]
    0x0800018c   0x0800018c   0x00000004   Code   RO        10061    .ARM.Collect$$$$00000004  mc_w.l(entry5.o)
    0x08000190   0x08000190   0x00000000   Code   RO        10063    .ARM.Collect$$$$00000008  mc_w.l(entry7b.o)
    0x08000190   0x08000190   0x00000000   Code   RO        10065    .ARM.Collect$$$$0000000A  mc_w.l(entry8b.o)
    0x08000190   0x08000190   0x00000008   Code   RO        10066    .ARM.Collect$$$$0000000B  mc_w.l(entry9a.o)
    0x08000198   0x08000198   0x00000000   Code   RO        10068    .ARM.Collect$$$$0000000D  mc_w.l(entry10a.o)
    0x08000198   0x08000198   0x00000000   Code   RO        10070    .ARM.Collect$$$$0000000F  mc_w.l(entry11a.o)
    0x08000198   0x08000198   0x00000004   Code   RO        10059    .ARM.Collect$$$$00002712  mc_w.l(entry2.o)
    0x0800019c   0x0800019c   0x00000024   Code   RO            4    .text               startup_stm32f407xx.o
    0x080001c0   0x080001c0   0x00000062   Code   RO         9709    .text               mc_w.l(uldiv.o)
    0x08000222   0x08000222   0x00000002   PAD
    0x08000224   0x08000224   0x00000024   Code   RO         9711    .text               mc_w.l(rand.o)
    0x08000248   0x08000248   0x000000a8   Code   RO         9718    .text               mc_w.l(mktime.o)
    0x080002f0   0x080002f0   0x000000bc   Code   RO         9721    .text               mc_w.l(asctime.o)
    0x080003ac   0x080003ac   0x00000040   Code   RO         9727    .text               mc_w.l(memmovea.o)
    0x080003ec   0x080003ec   0x00000024   Code   RO         9731    .text               mc_w.l(memseta.o)
    0x08000410   0x08000410   0x00000024   Code   RO         9733    .text               mc_w.l(strstr.o)
    0x08000434   0x08000434   0x0000000e   Code   RO         9735    .text               mc_w.l(strlen.o)
    0x08000442   0x08000442   0x0000001a   Code   RO         9739    .text               mc_w.l(memcmp.o)
    0x0800045c   0x0800045c   0x0000001c   Code   RO        10034    .text               mc_w.l(calloc.o)
    0x08000478   0x08000478   0x00000038   Code   RO        10036    .text               mc_w.l(__0sscanf.o)
    0x080004b0   0x080004b0   0x0000014c   Code   RO        10038    .text               mc_w.l(_scanf_int.o)
    0x080005fc   0x080005fc   0x000000e0   Code   RO        10040    .text               mc_w.l(_scanf_str.o)
    0x080006dc   0x080006dc   0x0000001a   Code   RO        10042    .text               mc_w.l(atoi.o)
    0x080006f6   0x080006f6   0x0000001a   Code   RO        10044    .text               mc_w.l(atol.o)
    0x08000710   0x08000710   0x0000014e   Code   RO        10046    .text               mf_w.l(dadd.o)
    0x0800085e   0x0800085e   0x000000e4   Code   RO        10048    .text               mf_w.l(dmul.o)
    0x08000942   0x08000942   0x000000de   Code   RO        10050    .text               mf_w.l(ddiv.o)
    0x08000a20   0x08000a20   0x00000026   Code   RO        10052    .text               mf_w.l(f2d.o)
    0x08000a46   0x08000a46   0x00000002   PAD
    0x08000a48   0x08000a48   0x00000030   Code   RO        10054    .text               mf_w.l(cdcmple.o)
    0x08000a78   0x08000a78   0x00000038   Code   RO        10056    .text               mf_w.l(d2f.o)
    0x08000ab0   0x08000ab0   0x0000002c   Code   RO        10073    .text               mc_w.l(uidiv.o)
    0x08000adc   0x08000adc   0x0000001e   Code   RO        10075    .text               mc_w.l(llshl.o)
    0x08000afa   0x08000afa   0x00000020   Code   RO        10077    .text               mc_w.l(llushr.o)
    0x08000b1a   0x08000b1a   0x00000024   Code   RO        10079    .text               mc_w.l(llsshr.o)
    0x08000b3e   0x08000b3e   0x00000002   PAD
    0x08000b40   0x08000b40   0x0000000c   Code   RO        10081    .text               mc_w.l(localtime_w.o)
    0x08000b4c   0x08000b4c   0x0000008c   Code   RO        10084    .text               mc_w.l(localtime_i.o)
    0x08000bd8   0x08000bd8   0x0000001c   Code   RO        10096    .text               mc_w.l(_chval.o)
    0x08000bf4   0x08000bf4   0x00000028   Code   RO        10098    .text               mc_w.l(scanf_char.o)
    0x08000c1c   0x08000c1c   0x00000040   Code   RO        10100    .text               mc_w.l(_sgetc.o)
    0x08000c5c   0x08000c5c   0x0000009c   Code   RO        10102    .text               mc_w.l(strtod.o)
    0x08000cf8   0x08000cf8   0x00000070   Code   RO        10104    .text               mc_w.l(strtol.o)
    0x08000d68   0x08000d68   0x00000000   Code   RO        10106    .text               mc_w.l(iusefp.o)
    0x08000d68   0x08000d68   0x0000006e   Code   RO        10107    .text               mf_w.l(fepilogue.o)
    0x08000dd6   0x08000dd6   0x000000ba   Code   RO        10109    .text               mf_w.l(depilogue.o)
    0x08000e90   0x08000e90   0x00000030   Code   RO        10111    .text               mf_w.l(dfixul.o)
    0x08000ec0   0x08000ec0   0x00000030   Code   RO        10113    .text               mf_w.l(cdrcmple.o)
    0x08000ef0   0x08000ef0   0x00000024   Code   RO        10115    .text               mc_w.l(init.o)
    0x08000f14   0x08000f14   0x00000008   Code   RO        10119    .text               mc_w.l(ctype_o.o)
    0x08000f1c   0x08000f1c   0x00000012   Code   RO        10141    .text               mc_w.l(isspace_o.o)
    0x08000f2e   0x08000f2e   0x00000002   PAD
    0x08000f30   0x08000f30   0x0000032c   Code   RO        10147    .text               mc_w.l(_scanf.o)
    0x0800125c   0x0800125c   0x00000360   Code   RO        10149    .text               mc_w.l(scanf_fp.o)
    0x080015bc   0x080015bc   0x0000009e   Code   RO        10153    .text               mc_w.l(_strtoul.o)
    0x0800165a   0x0800165a   0x00000018   Code   RO        10158    .text               mf_w.l(dfltul.o)
    0x08001672   0x08001672   0x00000056   Code   RO        10168    .text               mc_w.l(__dczerorl2.o)
    0x080016c8   0x080016c8   0x00000010   Code   RO          791    i.ADC_IRQHandler    stm32f4xx_it.o
    0x080016d8   0x080016d8   0x000000bc   Code   RO         1216    i.BSP_W25Qx_Erase_APP_Block  w25qxx.o
    0x08001794   0x08001794   0x00000058   Code   RO         1219    i.BSP_W25Qx_GetStatus  w25qxx.o
    0x080017ec   0x080017ec   0x0000000c   Code   RO         1220    i.BSP_W25Qx_Init    w25qxx.o
    0x080017f8   0x080017f8   0x00000064   Code   RO         1221    i.BSP_W25Qx_Read    w25qxx.o
    0x0800185c   0x0800185c   0x00000048   Code   RO         1222    i.BSP_W25Qx_Read_ID  w25qxx.o
    0x080018a4   0x080018a4   0x00000038   Code   RO         1223    i.BSP_W25Qx_Reset   w25qxx.o
    0x080018dc   0x080018dc   0x000000cc   Code   RO         1224    i.BSP_W25Qx_Write   w25qxx.o
    0x080019a8   0x080019a8   0x0000005c   Code   RO         1225    i.BSP_W25Qx_WriteEnable  w25qxx.o
    0x08001a04   0x08001a04   0x00000020   Code   RO          792    i.BusFault_Handler  stm32f4xx_it.o
    0x08001a24   0x08001a24   0x00000002   Code   RO          793    i.DebugMon_Handler  stm32f4xx_it.o
    0x08001a26   0x08001a26   0x00000002   Code   RO           13    i.Error_Handler     main.o
    0x08001a28   0x08001a28   0x0000005c   Code   RO         4541    i.FLASH_Erase_Sector  stm32f4xx_hal_flash_ex.o
    0x08001a84   0x08001a84   0x00000078   Code   RO         4542    i.FLASH_FlushCaches  stm32f4xx_hal_flash_ex.o
    0x08001afc   0x08001afc   0x00000030   Code   RO         4543    i.FLASH_MassErase   stm32f4xx_hal_flash_ex.o
    0x08001b2c   0x08001b2c   0x00000024   Code   RO         4423    i.FLASH_Program_Byte  stm32f4xx_hal_flash.o
    0x08001b50   0x08001b50   0x0000003c   Code   RO         4424    i.FLASH_Program_DoubleWord  stm32f4xx_hal_flash.o
    0x08001b8c   0x08001b8c   0x00000028   Code   RO         4425    i.FLASH_Program_HalfWord  stm32f4xx_hal_flash.o
    0x08001bb4   0x08001bb4   0x00000028   Code   RO         4426    i.FLASH_Program_Word  stm32f4xx_hal_flash.o
    0x08001bdc   0x08001bdc   0x00000016   Code   RO         1163    i.FLASH_Read        common.o
    0x08001bf2   0x08001bf2   0x00000002   PAD
    0x08001bf4   0x08001bf4   0x00000098   Code   RO         4427    i.FLASH_SetErrorCode  stm32f4xx_hal_flash.o
    0x08001c8c   0x08001c8c   0x00000064   Code   RO         4428    i.FLASH_WaitForLastOperation  stm32f4xx_hal_flash.o
    0x08001cf0   0x08001cf0   0x00000074   Code   RO         1165    i.Flash_write       common.o
    0x08001d64   0x08001d64   0x00002738   Code   RO           14    i.GSM_Status_Check  main.o
    0x0800449c   0x0800449c   0x00000002   Code   RO         1723    i.HAL_ADCEx_InjectedConvCpltCallback  stm32f4xx_hal_adc_ex.o
    0x0800449e   0x0800449e   0x00000002   Code   RO         1555    i.HAL_ADC_ConvCpltCallback  stm32f4xx_hal_adc.o
    0x080044a0   0x080044a0   0x00000002   Code   RO         1558    i.HAL_ADC_ErrorCallback  stm32f4xx_hal_adc.o
    0x080044a2   0x080044a2   0x00000174   Code   RO         1562    i.HAL_ADC_IRQHandler  stm32f4xx_hal_adc.o
    0x08004616   0x08004616   0x00000002   Code   RO         1564    i.HAL_ADC_LevelOutOfWindowCallback  stm32f4xx_hal_adc.o
    0x08004618   0x08004618   0x00000028   Code   RO         4775    i.HAL_DMA_Abort_IT  stm32f4xx_hal_dma.o
    0x08004640   0x08004640   0x00000028   Code   RO         5198    i.HAL_Delay         stm32f4xx_hal.o
    0x08004668   0x08004668   0x000000ac   Code   RO         4553    i.HAL_FLASHEx_Erase  stm32f4xx_hal_flash_ex.o
    0x08004714   0x08004714   0x00000014   Code   RO         4432    i.HAL_FLASH_Lock    stm32f4xx_hal_flash.o
    0x08004728   0x08004728   0x00000098   Code   RO         4437    i.HAL_FLASH_Program  stm32f4xx_hal_flash.o
    0x080047c0   0x080047c0   0x00000034   Code   RO         4439    i.HAL_FLASH_Unlock  stm32f4xx_hal_flash.o
    0x080047f4   0x080047f4   0x00000200   Code   RO         4667    i.HAL_GPIO_Init     stm32f4xx_hal_gpio.o
    0x080049f4   0x080049f4   0x00000010   Code   RO         4669    i.HAL_GPIO_ReadPin  stm32f4xx_hal_gpio.o
    0x08004a04   0x08004a04   0x0000000c   Code   RO         4671    i.HAL_GPIO_WritePin  stm32f4xx_hal_gpio.o
    0x08004a10   0x08004a10   0x0000000c   Code   RO         5204    i.HAL_GetTick       stm32f4xx_hal.o
    0x08004a1c   0x08004a1c   0x000001d0   Code   RO         1835    i.HAL_I2C_Init      stm32f4xx_hal_i2c.o
    0x08004bec   0x08004bec   0x00000088   Code   RO          975    i.HAL_I2C_MspInit   stm32f4xx_hal_msp.o
    0x08004c74   0x08004c74   0x00000018   Code   RO         5210    i.HAL_IncTick       stm32f4xx_hal.o
    0x08004c8c   0x08004c8c   0x0000003c   Code   RO         5211    i.HAL_Init          stm32f4xx_hal.o
    0x08004cc8   0x08004cc8   0x0000004c   Code   RO         5212    i.HAL_InitTick      stm32f4xx_hal.o
    0x08004d14   0x08004d14   0x00000048   Code   RO          976    i.HAL_MspInit       stm32f4xx_hal_msp.o
    0x08004d5c   0x08004d5c   0x00000024   Code   RO         5054    i.HAL_NVIC_ClearPendingIRQ  stm32f4xx_hal_cortex.o
    0x08004d80   0x08004d80   0x00000020   Code   RO         5056    i.HAL_NVIC_EnableIRQ  stm32f4xx_hal_cortex.o
    0x08004da0   0x08004da0   0x0000007c   Code   RO         5062    i.HAL_NVIC_SetPriority  stm32f4xx_hal_cortex.o
    0x08004e1c   0x08004e1c   0x00000028   Code   RO         5063    i.HAL_NVIC_SetPriorityGrouping  stm32f4xx_hal_cortex.o
    0x08004e44   0x08004e44   0x000001a0   Code   RO         4373    i.HAL_RCCEx_PeriphCLKConfig  stm32f4xx_hal_rcc_ex.o
    0x08004fe4   0x08004fe4   0x00000184   Code   RO         4268    i.HAL_RCC_ClockConfig  stm32f4xx_hal_rcc.o
    0x08005168   0x08005168   0x0000000c   Code   RO         4273    i.HAL_RCC_GetHCLKFreq  stm32f4xx_hal_rcc.o
    0x08005174   0x08005174   0x00000020   Code   RO         4275    i.HAL_RCC_GetPCLK1Freq  stm32f4xx_hal_rcc.o
    0x08005194   0x08005194   0x00000020   Code   RO         4276    i.HAL_RCC_GetPCLK2Freq  stm32f4xx_hal_rcc.o
    0x080051b4   0x080051b4   0x000000b0   Code   RO         4277    i.HAL_RCC_GetSysClockFreq  stm32f4xx_hal_rcc.o
    0x08005264   0x08005264   0x00000488   Code   RO         4280    i.HAL_RCC_OscConfig  stm32f4xx_hal_rcc.o
    0x080056ec   0x080056ec   0x00000002   Code   RO         2447    i.HAL_RTCEx_AlarmBEventCallback  stm32f4xx_hal_rtc_ex.o
    0x080056ee   0x080056ee   0x00000002   Code   RO         2309    i.HAL_RTC_AlarmAEventCallback  stm32f4xx_hal_rtc.o
    0x080056f0   0x080056f0   0x0000006c   Code   RO         2310    i.HAL_RTC_AlarmIRQHandler  stm32f4xx_hal_rtc.o
    0x0800575c   0x0800575c   0x0000004c   Code   RO         2314    i.HAL_RTC_GetDate   stm32f4xx_hal_rtc.o
    0x080057a8   0x080057a8   0x00000060   Code   RO         2316    i.HAL_RTC_GetTime   stm32f4xx_hal_rtc.o
    0x08005808   0x08005808   0x000000d8   Code   RO         2317    i.HAL_RTC_Init      stm32f4xx_hal_rtc.o
    0x080058e0   0x080058e0   0x0000002c   Code   RO          978    i.HAL_RTC_MspInit   stm32f4xx_hal_msp.o
    0x0800590c   0x0800590c   0x00000208   Code   RO         2322    i.HAL_RTC_SetAlarm_IT  stm32f4xx_hal_rtc.o
    0x08005b14   0x08005b14   0x00000104   Code   RO         2323    i.HAL_RTC_SetDate   stm32f4xx_hal_rtc.o
    0x08005c18   0x08005c18   0x0000012c   Code   RO         2324    i.HAL_RTC_SetTime   stm32f4xx_hal_rtc.o
    0x08005d44   0x08005d44   0x0000003a   Code   RO         2325    i.HAL_RTC_WaitForSynchro  stm32f4xx_hal_rtc.o
    0x08005d7e   0x08005d7e   0x0000008c   Code   RO         2686    i.HAL_SPI_Init      stm32f4xx_hal_spi.o
    0x08005e0a   0x08005e0a   0x00000002   PAD
    0x08005e0c   0x08005e0c   0x000000a4   Code   RO          980    i.HAL_SPI_MspInit   stm32f4xx_hal_msp.o
    0x08005eb0   0x08005eb0   0x00000164   Code   RO         2689    i.HAL_SPI_Receive   stm32f4xx_hal_spi.o
    0x08006014   0x08006014   0x000001a2   Code   RO         2694    i.HAL_SPI_Transmit  stm32f4xx_hal_spi.o
    0x080061b6   0x080061b6   0x0000022a   Code   RO         2695    i.HAL_SPI_TransmitReceive  stm32f4xx_hal_spi.o
    0x080063e0   0x080063e0   0x00000034   Code   RO         5067    i.HAL_SYSTICK_Config  stm32f4xx_hal_cortex.o
    0x08006414   0x08006414   0x00000002   Code   RO         3685    i.HAL_TIMEx_BreakCallback  stm32f4xx_hal_tim_ex.o
    0x08006416   0x08006416   0x00000002   Code   RO         3686    i.HAL_TIMEx_CommutCallback  stm32f4xx_hal_tim_ex.o
    0x08006418   0x08006418   0x000000b4   Code   RO         3703    i.HAL_TIMEx_MasterConfigSynchronization  stm32f4xx_hal_tim_ex.o
    0x080064cc   0x080064cc   0x00000034   Code   RO         2999    i.HAL_TIM_Base_Init  stm32f4xx_hal_tim.o
    0x08006500   0x08006500   0x000002f4   Code   RO          982    i.HAL_TIM_Base_MspInit  stm32f4xx_hal_msp.o
    0x080067f4   0x080067f4   0x0000002a   Code   RO         3004    i.HAL_TIM_Base_Start_IT  stm32f4xx_hal_tim.o
    0x0800681e   0x0800681e   0x00000038   Code   RO         3005    i.HAL_TIM_Base_Stop  stm32f4xx_hal_tim.o
    0x08006856   0x08006856   0x00000038   Code   RO         3007    i.HAL_TIM_Base_Stop_IT  stm32f4xx_hal_tim.o
    0x0800688e   0x0800688e   0x00000108   Code   RO         3008    i.HAL_TIM_ConfigClockSource  stm32f4xx_hal_tim.o
    0x08006996   0x08006996   0x00000002   Code   RO         3028    i.HAL_TIM_IC_CaptureCallback  stm32f4xx_hal_tim.o
    0x08006998   0x08006998   0x00000196   Code   RO         3042    i.HAL_TIM_IRQHandler  stm32f4xx_hal_tim.o
    0x08006b2e   0x08006b2e   0x00000002   Code   RO         3045    i.HAL_TIM_OC_DelayElapsedCallback  stm32f4xx_hal_tim.o
    0x08006b30   0x08006b30   0x00000002   Code   RO         3072    i.HAL_TIM_PWM_PulseFinishedCallback  stm32f4xx_hal_tim.o
    0x08006b32   0x08006b32   0x00000002   PAD
    0x08006b34   0x08006b34   0x0000018c   Code   RO           15    i.HAL_TIM_PeriodElapsedCallback  main.o
    0x08006cc0   0x08006cc0   0x00000002   Code   RO         3085    i.HAL_TIM_TriggerCallback  stm32f4xx_hal_tim.o
    0x08006cc2   0x08006cc2   0x00000002   Code   RO         3957    i.HAL_UART_ErrorCallback  stm32f4xx_hal_uart.o
    0x08006cc4   0x08006cc4   0x00000154   Code   RO         3960    i.HAL_UART_IRQHandler  stm32f4xx_hal_uart.o
    0x08006e18   0x08006e18   0x00000072   Code   RO         3961    i.HAL_UART_Init     stm32f4xx_hal_uart.o
    0x08006e8a   0x08006e8a   0x00000002   PAD
    0x08006e8c   0x08006e8c   0x0000035c   Code   RO          984    i.HAL_UART_MspInit  stm32f4xx_hal_msp.o
    0x080071e8   0x080071e8   0x000000e0   Code   RO         3964    i.HAL_UART_Receive  stm32f4xx_hal_uart.o
    0x080072c8   0x080072c8   0x00000070   Code   RO         3966    i.HAL_UART_Receive_IT  stm32f4xx_hal_uart.o
    0x08007338   0x08007338   0x000000ec   Code   RO           16    i.HAL_UART_RxCpltCallback  main.o
    0x08007424   0x08007424   0x000000d8   Code   RO         3969    i.HAL_UART_Transmit  stm32f4xx_hal_uart.o
    0x080074fc   0x080074fc   0x00000002   Code   RO         3972    i.HAL_UART_TxCpltCallback  stm32f4xx_hal_uart.o
    0x080074fe   0x080074fe   0x00000002   PAD
    0x08007500   0x08007500   0x00000020   Code   RO          794    i.HardFault_Handler  stm32f4xx_it.o
    0x08007520   0x08007520   0x00000152   Code   RO           17    i.HextoString       main.o
    0x08007672   0x08007672   0x00000002   PAD
    0x08007674   0x08007674   0x00000444   Code   RO         1293    i.Https_download    https_download.o
    0x08007ab8   0x08007ab8   0x00000550   Code   RO         1294    i.Https_init        https_download.o
    0x08008008   0x08008008   0x0000021c   Code   RO         1411    i.MQTT_Link         mqtt_connect.o
    0x08008224   0x08008224   0x00000030   Code   RO         1412    i.MQTT_NTP_request_pub  mqtt_connect.o
    0x08008254   0x08008254   0x00000030   Code   RO         1413    i.MQTT_NTP_resp_sub  mqtt_connect.o
    0x08008284   0x08008284   0x00000034   Code   RO         1414    i.MQTT_OTA_Sub      mqtt_connect.o
    0x080082b8   0x080082b8   0x00000034   Code   RO         1415    i.MQTT_OTA_info_pub  mqtt_connect.o
    0x080082ec   0x080082ec   0x00000034   Code   RO         1416    i.MQTT_OTA_progress_pub  mqtt_connect.o
    0x08008320   0x08008320   0x0000003c   Code   RO         1418    i.MQTT_Server       mqtt_connect.o
    0x0800835c   0x0800835c   0x00000040   Code   RO         1419    i.MQTT_attrib_Sub   mqtt_connect.o
    0x0800839c   0x0800839c   0x00000040   Code   RO         1420    i.MQTT_attrib_post  mqtt_connect.o
    0x080083dc   0x080083dc   0x000000d0   Code   RO         1421    i.MQTT_pub_NTP_topic  mqtt_connect.o
    0x080084ac   0x080084ac   0x000000d0   Code   RO         1422    i.MQTT_pub_OTAProg_topic  mqtt_connect.o
    0x0800857c   0x0800857c   0x000000d0   Code   RO         1423    i.MQTT_pub_OTAinfo_topic  mqtt_connect.o
    0x0800864c   0x0800864c   0x000000d0   Code   RO         1424    i.MQTT_pub_attrib_topic  mqtt_connect.o
    0x0800871c   0x0800871c   0x0000003c   Code   RO         1426    i.MQTT_register_reply_sub  mqtt_connect.o
    0x08008758   0x08008758   0x000001f0   Code   RO         1427    i.MQTT_sub_topic    mqtt_connect.o
    0x08008948   0x08008948   0x00000164   Code   RO           19    i.MX_GPIO_Init      main.o
    0x08008aac   0x08008aac   0x0000003c   Code   RO           20    i.MX_I2C1_Init      main.o
    0x08008ae8   0x08008ae8   0x0000004c   Code   RO          440    i.MX_MBEDTLS_Init   mbedtls.o
    0x08008b34   0x08008b34   0x000000cc   Code   RO           21    i.MX_RTC_Init       main.o
    0x08008c00   0x08008c00   0x00000044   Code   RO           22    i.MX_SPI1_Init      main.o
    0x08008c44   0x08008c44   0x00000038   Code   RO           23    i.MX_TIM10_Init     main.o
    0x08008c7c   0x08008c7c   0x00000038   Code   RO           24    i.MX_TIM11_Init     main.o
    0x08008cb4   0x08008cb4   0x00000054   Code   RO           25    i.MX_TIM12_Init     main.o
    0x08008d08   0x08008d08   0x00000038   Code   RO           26    i.MX_TIM13_Init     main.o
    0x08008d40   0x08008d40   0x00000038   Code   RO           27    i.MX_TIM14_Init     main.o
    0x08008d78   0x08008d78   0x0000006c   Code   RO           28    i.MX_TIM2_Init      main.o
    0x08008de4   0x08008de4   0x00000070   Code   RO           29    i.MX_TIM3_Init      main.o
    0x08008e54   0x08008e54   0x00000070   Code   RO           30    i.MX_TIM4_Init      main.o
    0x08008ec4   0x08008ec4   0x00000070   Code   RO           31    i.MX_TIM5_Init      main.o
    0x08008f34   0x08008f34   0x0000004c   Code   RO           32    i.MX_TIM6_Init      main.o
    0x08008f80   0x08008f80   0x00000050   Code   RO           33    i.MX_TIM7_Init      main.o
    0x08008fd0   0x08008fd0   0x00000074   Code   RO           34    i.MX_TIM8_Init      main.o
    0x08009044   0x08009044   0x00000050   Code   RO           35    i.MX_TIM9_Init      main.o
    0x08009094   0x08009094   0x00000038   Code   RO           38    i.MX_USART1_UART_Init  main.o
    0x080090cc   0x080090cc   0x00000038   Code   RO           39    i.MX_USART2_UART_Init  main.o
    0x08009104   0x08009104   0x0000011c   Code   RO           41    i.MX_USART6_UART_Init  main.o
    0x08009220   0x08009220   0x00000020   Code   RO          795    i.MemManage_Handler  stm32f4xx_it.o
    0x08009240   0x08009240   0x00000520   Code   RO         9381    i.ModbusMaster_ModbusMasterTransaction  modbus_master.o
    0x08009760   0x08009760   0x0000001c   Code   RO         9383    i.ModbusMaster_begin  modbus_master.o
    0x0800977c   0x0800977c   0x00000018   Code   RO         9387    i.ModbusMaster_getResponseBuffer  modbus_master.o
    0x08009794   0x08009794   0x00000028   Code   RO         9391    i.ModbusMaster_readHoldingRegisters  modbus_master.o
    0x080097bc   0x080097bc   0x00000020   Code   RO         9633    i.Modbus_Master_GetByte  trans_recieve_buff_control.o
    0x080097dc   0x080097dc   0x00000008   Code   RO         9634    i.Modbus_Master_Millis  trans_recieve_buff_control.o
    0x080097e4   0x080097e4   0x00000018   Code   RO         9635    i.Modbus_Master_RB_Initialize  trans_recieve_buff_control.o
    0x080097fc   0x080097fc   0x0000001c   Code   RO         9636    i.Modbus_Master_Read  trans_recieve_buff_control.o
    0x08009818   0x08009818   0x00000024   Code   RO         9637    i.Modbus_Master_Rece_Available  trans_recieve_buff_control.o
    0x0800983c   0x0800983c   0x00000010   Code   RO         9638    i.Modbus_Master_Rece_Flush  trans_recieve_buff_control.o
    0x0800984c   0x0800984c   0x0000001c   Code   RO         9639    i.Modbus_Master_Rece_Handler  trans_recieve_buff_control.o
    0x08009868   0x08009868   0x00000020   Code   RO         9640    i.Modbus_Master_Write  trans_recieve_buff_control.o
    0x08009888   0x08009888   0x00000002   Code   RO          796    i.NMI_Handler       stm32f4xx_it.o
    0x0800988a   0x0800988a   0x00000002   Code   RO          797    i.PendSV_Handler    stm32f4xx_it.o
    0x0800988c   0x0800988c   0x00000028   Code   RO           42    i.Pow_up_sim        main.o
    0x080098b4   0x080098b4   0x00000024   Code   RO           43    i.REST_SIM          main.o
    0x080098d8   0x080098d8   0x00000010   Code   RO          798    i.RTC_Alarm_IRQHandler  stm32f4xx_it.o
    0x080098e8   0x080098e8   0x00000016   Code   RO         2326    i.RTC_Bcd2ToByte    stm32f4xx_hal_rtc.o
    0x080098fe   0x080098fe   0x0000001a   Code   RO         2327    i.RTC_ByteToBcd2    stm32f4xx_hal_rtc.o
    0x08009918   0x08009918   0x0000003e   Code   RO         2328    i.RTC_EnterInitMode  stm32f4xx_hal_rtc.o
    0x08009956   0x08009956   0x00000002   PAD
    0x08009958   0x08009958   0x00000064   Code   RO         1429    i.Read_CQS          mqtt_connect.o
    0x080099bc   0x080099bc   0x00000094   Code   RO         2723    i.SPI_EndRxTransaction  stm32f4xx_hal_spi.o
    0x08009a50   0x08009a50   0x0000006c   Code   RO         2724    i.SPI_EndRxTxTransaction  stm32f4xx_hal_spi.o
    0x08009abc   0x08009abc   0x000000a8   Code   RO         2729    i.SPI_WaitFlagStateUntilTimeout  stm32f4xx_hal_spi.o
    0x08009b64   0x08009b64   0x00000002   Code   RO          799    i.SVC_Handler       stm32f4xx_it.o
    0x08009b66   0x08009b66   0x00000002   PAD
    0x08009b68   0x08009b68   0x00000038   Code   RO           46    i.Sleep_break       main.o
    0x08009ba0   0x08009ba0   0x00000092   Code   RO           48    i.StringtoHex       main.o
    0x08009c32   0x08009c32   0x00000008   Code   RO          800    i.SysTick_Handler   stm32f4xx_it.o
    0x08009c3a   0x08009c3a   0x00000002   PAD
    0x08009c3c   0x08009c3c   0x000000d4   Code   RO           49    i.SystemClock_Config  main.o
    0x08009d10   0x08009d10   0x0000001c   Code   RO         5450    i.SystemInit        system_stm32f4xx.o
    0x08009d2c   0x08009d2c   0x00000010   Code   RO          801    i.TIM1_BRK_TIM9_IRQHandler  stm32f4xx_it.o
    0x08009d3c   0x08009d3c   0x00000010   Code   RO          802    i.TIM1_TRG_COM_TIM11_IRQHandler  stm32f4xx_it.o
    0x08009d4c   0x08009d4c   0x00000010   Code   RO          803    i.TIM1_UP_TIM10_IRQHandler  stm32f4xx_it.o
    0x08009d5c   0x08009d5c   0x00000010   Code   RO          804    i.TIM2_IRQHandler   stm32f4xx_it.o
    0x08009d6c   0x08009d6c   0x00000010   Code   RO          805    i.TIM3_IRQHandler   stm32f4xx_it.o
    0x08009d7c   0x08009d7c   0x00000010   Code   RO          806    i.TIM4_IRQHandler   stm32f4xx_it.o
    0x08009d8c   0x08009d8c   0x00000010   Code   RO          807    i.TIM5_IRQHandler   stm32f4xx_it.o
    0x08009d9c   0x08009d9c   0x00000010   Code   RO          808    i.TIM6_DAC_IRQHandler  stm32f4xx_it.o
    0x08009dac   0x08009dac   0x00000010   Code   RO          809    i.TIM7_IRQHandler   stm32f4xx_it.o
    0x08009dbc   0x08009dbc   0x000000d8   Code   RO         3087    i.TIM_Base_SetConfig  stm32f4xx_hal_tim.o
    0x08009e94   0x08009e94   0x00000016   Code   RO         3098    i.TIM_ETR_SetConfig  stm32f4xx_hal_tim.o
    0x08009eaa   0x08009eaa   0x00000012   Code   RO         3099    i.TIM_ITRx_SetConfig  stm32f4xx_hal_tim.o
    0x08009ebc   0x08009ebc   0x00000026   Code   RO         3105    i.TIM_TI1_ConfigInputStage  stm32f4xx_hal_tim.o
    0x08009ee2   0x08009ee2   0x00000028   Code   RO         3107    i.TIM_TI2_ConfigInputStage  stm32f4xx_hal_tim.o
    0x08009f0a   0x08009f0a   0x00000002   PAD
    0x08009f0c   0x08009f0c   0x00000010   Code   RO          810    i.UART4_IRQHandler  stm32f4xx_it.o
    0x08009f1c   0x08009f1c   0x00000010   Code   RO          811    i.UART5_IRQHandler  stm32f4xx_it.o
    0x08009f2c   0x08009f2c   0x00000014   Code   RO         3974    i.UART_DMAAbortOnError  stm32f4xx_hal_uart.o
    0x08009f40   0x08009f40   0x00000020   Code   RO         3984    i.UART_EndRxTransfer  stm32f4xx_hal_uart.o
    0x08009f60   0x08009f60   0x00000020   Code   RO         3985    i.UART_EndTransmit_IT  stm32f4xx_hal_uart.o
    0x08009f80   0x08009f80   0x000000a6   Code   RO         3987    i.UART_Receive_IT   stm32f4xx_hal_uart.o
    0x0800a026   0x0800a026   0x00000002   PAD
    0x0800a028   0x0800a028   0x000003e8   Code   RO         3988    i.UART_SetConfig    stm32f4xx_hal_uart.o
    0x0800a410   0x0800a410   0x00000068   Code   RO         3989    i.UART_Transmit_IT  stm32f4xx_hal_uart.o
    0x0800a478   0x0800a478   0x0000006c   Code   RO         3990    i.UART_WaitOnFlagUntilTimeout  stm32f4xx_hal_uart.o
    0x0800a4e4   0x0800a4e4   0x00000010   Code   RO          812    i.USART1_IRQHandler  stm32f4xx_it.o
    0x0800a4f4   0x0800a4f4   0x00000010   Code   RO          813    i.USART2_IRQHandler  stm32f4xx_it.o
    0x0800a504   0x0800a504   0x00000010   Code   RO          814    i.USART3_IRQHandler  stm32f4xx_it.o
    0x0800a514   0x0800a514   0x00000034   Code   RO          815    i.USART6_IRQHandler  stm32f4xx_it.o
    0x0800a548   0x0800a548   0x00000024   Code   RO          816    i.UsageFault_Handler  stm32f4xx_it.o
    0x0800a56c   0x0800a56c   0x00000020   Code   RO         9978    i.__0printf         mc_w.l(printfa.o)
    0x0800a58c   0x0800a58c   0x00000030   Code   RO         9979    i.__0snprintf       mc_w.l(printfa.o)
    0x0800a5bc   0x0800a5bc   0x00000028   Code   RO         9980    i.__0sprintf        mc_w.l(printfa.o)
    0x0800a5e4   0x0800a5e4   0x00000010   Code   RO         5069    i.__NVIC_GetPriorityGrouping  stm32f4xx_hal_cortex.o
    0x0800a5f4   0x0800a5f4   0x00000028   Code   RO         5070    i.__NVIC_SetPriority  stm32f4xx_hal_cortex.o
    0x0800a61c   0x0800a61c   0x00000008   Code   RO        10089    i.__aeabi_errno_addr  mc_w.l(errno.o)
    0x0800a624   0x0800a624   0x00000004   PAD
    0x0800a628   0x0800a628   0x00000038   Code   RO         9700    i.__hardfp_atof     m_wm.l(atof.o)
    0x0800a660   0x0800a660   0x0000000c   Code   RO        10090    i.__read_errno      mc_w.l(errno.o)
    0x0800a66c   0x0800a66c   0x0000000e   Code   RO        10162    i.__scatterload_copy  mc_w.l(handlers.o)
    0x0800a67a   0x0800a67a   0x00000002   Code   RO        10163    i.__scatterload_null  mc_w.l(handlers.o)
    0x0800a67c   0x0800a67c   0x0000000e   Code   RO        10164    i.__scatterload_zeroinit  mc_w.l(handlers.o)
    0x0800a68a   0x0800a68a   0x00000002   PAD
    0x0800a68c   0x0800a68c   0x0000000c   Code   RO        10091    i.__set_errno       mc_w.l(errno.o)
    0x0800a698   0x0800a698   0x00000184   Code   RO         9985    i._fp_digits        mc_w.l(printfa.o)
    0x0800a81c   0x0800a81c   0x0000000e   Code   RO        10151    i._is_digit         mc_w.l(scanf_fp.o)
    0x0800a82a   0x0800a82a   0x00000002   PAD
    0x0800a82c   0x0800a82c   0x000006dc   Code   RO         9986    i._printf_core      mc_w.l(printfa.o)
    0x0800af08   0x0800af08   0x00000024   Code   RO         9987    i._printf_post_padding  mc_w.l(printfa.o)
    0x0800af2c   0x0800af2c   0x0000002e   Code   RO         9988    i._printf_pre_padding  mc_w.l(printfa.o)
    0x0800af5a   0x0800af5a   0x00000016   Code   RO         9989    i._snputc           mc_w.l(printfa.o)
    0x0800af70   0x0800af70   0x0000000a   Code   RO         9990    i._sputc            mc_w.l(printfa.o)
    0x0800af7a   0x0800af7a   0x00000020   Code   RO         6671    i.add32             ecp_curves.o
    0x0800af9a   0x0800af9a   0x00000024   Code   RO         6217    i.aes_crypt_cbc_wrap  cipher_wrap.o
    0x0800afbe   0x0800afbe   0x0000001c   Code   RO         6218    i.aes_crypt_ecb_wrap  cipher_wrap.o
    0x0800afda   0x0800afda   0x0000001e   Code   RO         6219    i.aes_ctx_alloc     cipher_wrap.o
    0x0800aff8   0x0800aff8   0x00000012   Code   RO         6220    i.aes_ctx_free      cipher_wrap.o
    0x0800b00a   0x0800b00a   0x00000014   Code   RO         6221    i.aes_setkey_dec_wrap  cipher_wrap.o
    0x0800b01e   0x0800b01e   0x00000014   Code   RO         6222    i.aes_setkey_enc_wrap  cipher_wrap.o
    0x0800b032   0x0800b032   0x00000170   Code   RO         6270    i.block_cipher_df   ctr_drbg.o
    0x0800b1a2   0x0800b1a2   0x00000020   Code   RO         9405    i.crc16_update      modbus_master.o
    0x0800b1c2   0x0800b1c2   0x0000009a   Code   RO         6271    i.ctr_drbg_update_internal  ctr_drbg.o
    0x0800b25c   0x0800b25c   0x0000000c   Code   RO         1167    i.delay_flash       common.o
    0x0800b268   0x0800b268   0x00000018   Code   RO         7621    i.eckey_alloc_wrap  pk_wrap.o
    0x0800b280   0x0800b280   0x00000016   Code   RO         7622    i.eckey_can_do      pk_wrap.o
    0x0800b296   0x0800b296   0x00000010   Code   RO         7623    i.eckey_check_pair  pk_wrap.o
    0x0800b2a6   0x0800b2a6   0x00000002   PAD
    0x0800b2a8   0x0800b2a8   0x00000018   Code   RO         7624    i.eckey_debug       pk_wrap.o
    0x0800b2c0   0x0800b2c0   0x00000012   Code   RO         7625    i.eckey_free_wrap   pk_wrap.o
    0x0800b2d2   0x0800b2d2   0x00000006   Code   RO         7626    i.eckey_get_bitlen  pk_wrap.o
    0x0800b2d8   0x0800b2d8   0x00000012   Code   RO         7627    i.eckeydh_can_do    pk_wrap.o
    0x0800b2ea   0x0800b2ea   0x00000002   PAD
    0x0800b2ec   0x0800b2ec   0x000004e0   Code   RO         6391    i.ecp_add_mixed     ecp.o
    0x0800b7cc   0x0800b7cc   0x000001a4   Code   RO         6392    i.ecp_check_pubkey_sw  ecp.o
    0x0800b970   0x0800b970   0x0000008e   Code   RO         6393    i.ecp_comb_fixed    ecp.o
    0x0800b9fe   0x0800b9fe   0x0000056c   Code   RO         6394    i.ecp_double_jac    ecp.o
    0x0800bf6a   0x0800bf6a   0x00000016   Code   RO         6395    i.ecp_get_type      ecp.o
    0x0800bf80   0x0800bf80   0x0000008c   Code   RO         6672    i.ecp_group_load    ecp_curves.o
    0x0800c00c   0x0800c00c   0x000004a0   Code   RO         6673    i.ecp_mod_p256      ecp_curves.o
    0x0800c4ac   0x0800c4ac   0x000005f4   Code   RO         6674    i.ecp_mod_p384      ecp_curves.o
    0x0800caa0   0x0800caa0   0x0000009c   Code   RO         6396    i.ecp_modp          ecp.o
    0x0800cb3c   0x0800cb3c   0x0000000c   Code   RO         6675    i.ecp_mpi_load      ecp_curves.o
    0x0800cb48   0x0800cb48   0x000001bc   Code   RO         6397    i.ecp_mul_comb      ecp.o
    0x0800cd04   0x0800cd04   0x000000ca   Code   RO         6398    i.ecp_mul_comb_core  ecp.o
    0x0800cdce   0x0800cdce   0x00000112   Code   RO         6399    i.ecp_normalize_jac  ecp.o
    0x0800cee0   0x0800cee0   0x000002b4   Code   RO         6400    i.ecp_normalize_jac_many  ecp.o
    0x0800d194   0x0800d194   0x00000126   Code   RO         6401    i.ecp_precompute_comb  ecp.o
    0x0800d2ba   0x0800d2ba   0x00000002   PAD
    0x0800d2bc   0x0800d2bc   0x00000184   Code   RO         6402    i.ecp_randomize_jac  ecp.o
    0x0800d440   0x0800d440   0x00000064   Code   RO         6403    i.ecp_safe_invert_jac  ecp.o
    0x0800d4a4   0x0800d4a4   0x00000092   Code   RO         6404    i.ecp_select_comb   ecp.o
    0x0800d536   0x0800d536   0x000000ac   Code   RO         6721    i.entropy_gather_internal  entropy.o
    0x0800d5e2   0x0800d5e2   0x00000086   Code   RO         6722    i.entropy_update    entropy.o
    0x0800d668   0x0800d668   0x00000024   Code   RO           52    i.feed_dog          main.o
    0x0800d68c   0x0800d68c   0x0000003a   Code   RO         6676    i.fix_negative      ecp_curves.o
    0x0800d6c6   0x0800d6c6   0x00000002   PAD
    0x0800d6c8   0x0800d6c8   0x0000001c   Code   RO          985    i.fputc             stm32f4xx_hal_msp.o
    0x0800d6e4   0x0800d6e4   0x00000050   Code   RO        10006    i.free              mc_w.l(malloc.o)
    0x0800d734   0x0800d734   0x00000014   Code   RO         6108    i.get_no_padding    cipher.o
    0x0800d748   0x0800d748   0x00000006   Code   RO         9406    i.highByte          modbus_master.o
    0x0800d74e   0x0800d74e   0x00000002   PAD
    0x0800d750   0x0800d750   0x00000318   Code   RO           53    i.init_SIM          main.o
    0x0800da68   0x0800da68   0x00000006   Code   RO         9407    i.lowByte           modbus_master.o
    0x0800da6e   0x0800da6e   0x00000002   PAD
    0x0800da70   0x0800da70   0x000014c0   Code   RO           54    i.main              main.o
    0x0800ef30   0x0800ef30   0x0000006c   Code   RO        10007    i.malloc            mc_w.l(malloc.o)
    0x0800ef9c   0x0800ef9c   0x000000a2   Code   RO         5483    i.mbedtls_aes_crypt_cbc  aes.o
    0x0800f03e   0x0800f03e   0x00000026   Code   RO         5484    i.mbedtls_aes_crypt_ecb  aes.o
    0x0800f064   0x0800f064   0x00000016   Code   RO         5487    i.mbedtls_aes_free  aes.o
    0x0800f07a   0x0800f07a   0x00000010   Code   RO         5488    i.mbedtls_aes_init  aes.o
    0x0800f08a   0x0800f08a   0x00000002   PAD
    0x0800f08c   0x0800f08c   0x000000e0   Code   RO         5489    i.mbedtls_aes_setkey_dec  aes.o
    0x0800f16c   0x0800f16c   0x000001f8   Code   RO         5490    i.mbedtls_aes_setkey_enc  aes.o
    0x0800f364   0x0800f364   0x000000ae   Code   RO         5578    i.mbedtls_asn1_get_alg  asn1parse.o
    0x0800f412   0x0800f412   0x00000060   Code   RO         5580    i.mbedtls_asn1_get_bitstring  asn1parse.o
    0x0800f472   0x0800f472   0x0000003a   Code   RO         5581    i.mbedtls_asn1_get_bitstring_null  asn1parse.o
    0x0800f4ac   0x0800f4ac   0x00000040   Code   RO         5582    i.mbedtls_asn1_get_bool  asn1parse.o
    0x0800f4ec   0x0800f4ec   0x0000005c   Code   RO         5583    i.mbedtls_asn1_get_int  asn1parse.o
    0x0800f548   0x0800f548   0x000000fe   Code   RO         5584    i.mbedtls_asn1_get_len  asn1parse.o
    0x0800f646   0x0800f646   0x00000096   Code   RO         5586    i.mbedtls_asn1_get_sequence_of  asn1parse.o
    0x0800f6dc   0x0800f6dc   0x00000038   Code   RO         5587    i.mbedtls_asn1_get_tag  asn1parse.o
    0x0800f714   0x0800f714   0x00000164   Code   RO         5761    i.mbedtls_base64_decode  base64.o
    0x0800f878   0x0800f878   0x00000072   Code   RO         6109    i.mbedtls_cipher_crypt  cipher.o
    0x0800f8ea   0x0800f8ea   0x00000002   PAD
    0x0800f8ec   0x0800f8ec   0x00000128   Code   RO         6110    i.mbedtls_cipher_finish  cipher.o
    0x0800fa14   0x0800fa14   0x00000022   Code   RO         6111    i.mbedtls_cipher_free  cipher.o
    0x0800fa36   0x0800fa36   0x00000012   Code   RO         6112    i.mbedtls_cipher_get_block_size  cipher.o
    0x0800fa48   0x0800fa48   0x00000012   Code   RO         8366    i.mbedtls_cipher_get_cipher_mode  ssl_tls.o
    0x0800fa5a   0x0800fa5a   0x00000002   PAD
    0x0800fa5c   0x0800fa5c   0x00000020   Code   RO         6114    i.mbedtls_cipher_info_from_type  cipher.o
    0x0800fa7c   0x0800fa7c   0x0000000e   Code   RO         6116    i.mbedtls_cipher_init  cipher.o
    0x0800fa8a   0x0800fa8a   0x00000002   PAD
    0x0800fa8c   0x0800fa8c   0x00000018   Code   RO         6118    i.mbedtls_cipher_reset  cipher.o
    0x0800faa4   0x0800faa4   0x00000054   Code   RO         6119    i.mbedtls_cipher_set_iv  cipher.o
    0x0800faf8   0x0800faf8   0x00000034   Code   RO         6120    i.mbedtls_cipher_set_padding_mode  cipher.o
    0x0800fb2c   0x0800fb2c   0x00000078   Code   RO         6121    i.mbedtls_cipher_setkey  cipher.o
    0x0800fba4   0x0800fba4   0x00000038   Code   RO         6122    i.mbedtls_cipher_setup  cipher.o
    0x0800fbdc   0x0800fbdc   0x000001a4   Code   RO         6123    i.mbedtls_cipher_update  cipher.o
    0x0800fd80   0x0800fd80   0x0000001e   Code   RO         5784    i.mbedtls_clz       bignum.o
    0x0800fd9e   0x0800fd9e   0x0000001e   Code   RO         6272    i.mbedtls_ctr_drbg_free  ctr_drbg.o
    0x0800fdbc   0x0800fdbc   0x00000010   Code   RO         6273    i.mbedtls_ctr_drbg_init  ctr_drbg.o
    0x0800fdcc   0x0800fdcc   0x00000024   Code   RO         6274    i.mbedtls_ctr_drbg_random  ctr_drbg.o
    0x0800fdf0   0x0800fdf0   0x000000f4   Code   RO         6275    i.mbedtls_ctr_drbg_random_with_add  ctr_drbg.o
    0x0800fee4   0x0800fee4   0x0000008e   Code   RO         6276    i.mbedtls_ctr_drbg_reseed  ctr_drbg.o
    0x0800ff72   0x0800ff72   0x00000026   Code   RO         6277    i.mbedtls_ctr_drbg_seed  ctr_drbg.o
    0x0800ff98   0x0800ff98   0x00000068   Code   RO         6278    i.mbedtls_ctr_drbg_seed_entropy_len  ctr_drbg.o
    0x08010000   0x08010000   0x00000040   Code   RO         6405    i.mbedtls_ecp_check_privkey  ecp.o
    0x08010040   0x08010040   0x000000b8   Code   RO         6406    i.mbedtls_ecp_check_pub_priv  ecp.o
    0x080100f8   0x080100f8   0x00000038   Code   RO         6407    i.mbedtls_ecp_check_pubkey  ecp.o
    0x08010130   0x08010130   0x0000004a   Code   RO         6408    i.mbedtls_ecp_copy  ecp.o
    0x0801017a   0x0801017a   0x00000002   PAD
    0x0801017c   0x0801017c   0x00000008   Code   RO         6412    i.mbedtls_ecp_curve_list  ecp.o
    0x08010184   0x08010184   0x00000010   Code   RO         6416    i.mbedtls_ecp_group_copy  ecp.o
    0x08010194   0x08010194   0x00000064   Code   RO         6417    i.mbedtls_ecp_group_free  ecp.o
    0x080101f8   0x080101f8   0x00000014   Code   RO         6418    i.mbedtls_ecp_group_init  ecp.o
    0x0801020c   0x0801020c   0x000000bc   Code   RO         6677    i.mbedtls_ecp_group_load  ecp_curves.o
    0x080102c8   0x080102c8   0x0000003c   Code   RO         6419    i.mbedtls_ecp_grp_id_list  ecp.o
    0x08010304   0x08010304   0x00000022   Code   RO         6421    i.mbedtls_ecp_keypair_free  ecp.o
    0x08010326   0x08010326   0x00000022   Code   RO         6422    i.mbedtls_ecp_keypair_init  ecp.o
    0x08010348   0x08010348   0x0000006c   Code   RO         6423    i.mbedtls_ecp_mul   ecp.o
    0x080103b4   0x080103b4   0x00000022   Code   RO         6427    i.mbedtls_ecp_point_free  ecp.o
    0x080103d6   0x080103d6   0x00000022   Code   RO         6428    i.mbedtls_ecp_point_init  ecp.o
    0x080103f8   0x080103f8   0x0000009c   Code   RO         6429    i.mbedtls_ecp_point_read_binary  ecp.o
    0x08010494   0x08010494   0x00000044   Code   RO         6432    i.mbedtls_ecp_set_zero  ecp.o
    0x080104d8   0x080104d8   0x00000052   Code   RO         6723    i.mbedtls_entropy_add_source  entropy.o
    0x0801052a   0x0801052a   0x0000001e   Code   RO         6724    i.mbedtls_entropy_free  entropy.o
    0x08010548   0x08010548   0x00000110   Code   RO         6725    i.mbedtls_entropy_func  entropy.o
    0x08010658   0x08010658   0x00000034   Code   RO         6727    i.mbedtls_entropy_init  entropy.o
    0x0801068c   0x0801068c   0x00000020   Code   RO         6776    i.mbedtls_hardware_poll  entropy_poll.o
    0x080106ac   0x080106ac   0x00000068   Code   RO         5785    i.mbedtls_int_div_int  bignum.o
    0x08010714   0x08010714   0x00000504   Code   RO         5491    i.mbedtls_internal_aes_decrypt  aes.o
    0x08010c18   0x08010c18   0x00000504   Code   RO         5492    i.mbedtls_internal_aes_encrypt  aes.o
    0x0801111c   0x0801111c   0x00000910   Code   RO         6974    i.mbedtls_internal_md5_process  md5.o
    0x08011a2c   0x08011a2c   0x000015d0   Code   RO         7975    i.mbedtls_internal_sha1_process  sha1.o
    0x08012ffc   0x08012ffc   0x00000dd4   Code   RO         8064    i.mbedtls_internal_sha256_process  sha256.o
    0x08013dd0   0x08013dd0   0x00000024   Code   RO         6821    i.mbedtls_md        md.o
    0x08013df4   0x08013df4   0x00000012   Code   RO         6976    i.mbedtls_md5_clone  md5.o
    0x08013e06   0x08013e06   0x00000010   Code   RO         6977    i.mbedtls_md5_finish  md5.o
    0x08013e16   0x08013e16   0x00000002   PAD
    0x08013e18   0x08013e18   0x000000e8   Code   RO         6978    i.mbedtls_md5_finish_ret  md5.o
    0x08013f00   0x08013f00   0x00000014   Code   RO         6979    i.mbedtls_md5_free  md5.o
    0x08013f14   0x08013f14   0x0000000e   Code   RO         6980    i.mbedtls_md5_init  md5.o
    0x08013f22   0x08013f22   0x00000048   Code   RO         6982    i.mbedtls_md5_ret   md5.o
    0x08013f6a   0x08013f6a   0x0000000c   Code   RO         6983    i.mbedtls_md5_starts  md5.o
    0x08013f76   0x08013f76   0x00000002   PAD
    0x08013f78   0x08013f78   0x00000028   Code   RO         6984    i.mbedtls_md5_starts_ret  md5.o
    0x08013fa0   0x08013fa0   0x00000014   Code   RO         6985    i.mbedtls_md5_update  md5.o
    0x08013fb4   0x08013fb4   0x00000092   Code   RO         6986    i.mbedtls_md5_update_ret  md5.o
    0x08014046   0x08014046   0x0000003a   Code   RO         6824    i.mbedtls_md_free   md.o
    0x08014080   0x08014080   0x0000000c   Code   RO         6826    i.mbedtls_md_get_size  md.o
    0x0801408c   0x0801408c   0x0000007c   Code   RO         6829    i.mbedtls_md_hmac_finish  md.o
    0x08014108   0x08014108   0x00000038   Code   RO         6830    i.mbedtls_md_hmac_reset  md.o
    0x08014140   0x08014140   0x000000dc   Code   RO         6831    i.mbedtls_md_hmac_starts  md.o
    0x0801421c   0x0801421c   0x00000028   Code   RO         6832    i.mbedtls_md_hmac_update  md.o
    0x08014244   0x08014244   0x00000038   Code   RO         6834    i.mbedtls_md_info_from_type  md.o
    0x0801427c   0x0801427c   0x0000000a   Code   RO         6835    i.mbedtls_md_init   md.o
    0x08014286   0x08014286   0x00000002   PAD
    0x08014288   0x08014288   0x00000020   Code   RO         6838    i.mbedtls_md_process  md.o
    0x080142a8   0x080142a8   0x00000044   Code   RO         6839    i.mbedtls_md_setup  md.o
    0x080142ec   0x080142ec   0x000000f2   Code   RO         5786    i.mbedtls_mpi_add_abs  bignum.o
    0x080143de   0x080143de   0x00000038   Code   RO         5787    i.mbedtls_mpi_add_int  bignum.o
    0x08014416   0x08014416   0x00000078   Code   RO         5788    i.mbedtls_mpi_add_mpi  bignum.o
    0x0801448e   0x0801448e   0x00000038   Code   RO         5789    i.mbedtls_mpi_bitlen  bignum.o
    0x080144c6   0x080144c6   0x0000008a   Code   RO         5790    i.mbedtls_mpi_cmp_abs  bignum.o
    0x08014550   0x08014550   0x00000034   Code   RO         5791    i.mbedtls_mpi_cmp_int  bignum.o
    0x08014584   0x08014584   0x000000ac   Code   RO         5792    i.mbedtls_mpi_cmp_mpi  bignum.o
    0x08014630   0x08014630   0x00000078   Code   RO         5793    i.mbedtls_mpi_copy  bignum.o
    0x080146a8   0x080146a8   0x000003d4   Code   RO         5795    i.mbedtls_mpi_div_mpi  bignum.o
    0x08014a7c   0x08014a7c   0x0000047a   Code   RO         5796    i.mbedtls_mpi_exp_mod  bignum.o
    0x08014ef6   0x08014ef6   0x00000058   Code   RO         5797    i.mbedtls_mpi_fill_random  bignum.o
    0x08014f4e   0x08014f4e   0x00000028   Code   RO         5798    i.mbedtls_mpi_free  bignum.o
    0x08014f76   0x08014f76   0x0000015c   Code   RO         5799    i.mbedtls_mpi_gcd   bignum.o
    0x080150d2   0x080150d2   0x00000022   Code   RO         5800    i.mbedtls_mpi_get_bit  bignum.o
    0x080150f4   0x080150f4   0x00000052   Code   RO         5801    i.mbedtls_mpi_grow  bignum.o
    0x08015146   0x08015146   0x00000012   Code   RO         5802    i.mbedtls_mpi_init  bignum.o
    0x08015158   0x08015158   0x00000330   Code   RO         5803    i.mbedtls_mpi_inv_mod  bignum.o
    0x08015488   0x08015488   0x00000034   Code   RO         5804    i.mbedtls_mpi_lsb   bignum.o
    0x080154bc   0x080154bc   0x00000044   Code   RO         5805    i.mbedtls_mpi_lset  bignum.o
    0x08015500   0x08015500   0x0000007e   Code   RO         5807    i.mbedtls_mpi_mod_mpi  bignum.o
    0x0801557e   0x0801557e   0x00000022   Code   RO         5808    i.mbedtls_mpi_mul_int  bignum.o
    0x080155a0   0x080155a0   0x000000e8   Code   RO         5809    i.mbedtls_mpi_mul_mpi  bignum.o
    0x08015688   0x08015688   0x00000088   Code   RO         5810    i.mbedtls_mpi_read_binary  bignum.o
    0x08015710   0x08015710   0x00000086   Code   RO         5812    i.mbedtls_mpi_safe_cond_assign  bignum.o
    0x08015796   0x08015796   0x000000c2   Code   RO         5815    i.mbedtls_mpi_shift_l  bignum.o
    0x08015858   0x08015858   0x000000a6   Code   RO         5816    i.mbedtls_mpi_shift_r  bignum.o
    0x080158fe   0x080158fe   0x00000070   Code   RO         5817    i.mbedtls_mpi_shrink  bignum.o
    0x0801596e   0x0801596e   0x00000010   Code   RO         5818    i.mbedtls_mpi_size  bignum.o
    0x0801597e   0x0801597e   0x0000008c   Code   RO         5819    i.mbedtls_mpi_sub_abs  bignum.o
    0x08015a0a   0x08015a0a   0x00000038   Code   RO         5820    i.mbedtls_mpi_sub_int  bignum.o
    0x08015a42   0x08015a42   0x00000078   Code   RO         5821    i.mbedtls_mpi_sub_mpi  bignum.o
    0x08015aba   0x08015aba   0x00000050   Code   RO         5823    i.mbedtls_mpi_write_binary  bignum.o
    0x08015b0a   0x08015b0a   0x00000010   Code   RO         5825    i.mbedtls_mpi_zeroize  bignum.o
    0x08015b1a   0x08015b1a   0x00000002   PAD
    0x08015b1c   0x08015b1c   0x000000fc   Code   RO          546    i.mbedtls_net_connect  net_sockets.o
    0x08015c18   0x08015c18   0x0000007c   Code   RO          547    i.mbedtls_net_free  net_sockets.o
    0x08015c94   0x08015c94   0x00000098   Code   RO          548    i.mbedtls_net_init  net_sockets.o
    0x08015d2c   0x08015d2c   0x00000190   Code   RO          549    i.mbedtls_net_recv  net_sockets.o
    0x08015ebc   0x08015ebc   0x00000448   Code   RO          551    i.mbedtls_net_send  net_sockets.o
    0x08016304   0x08016304   0x0000001e   Code   RO         7210    i.mbedtls_oid_get_ec_grp  oid.o
    0x08016322   0x08016322   0x00000002   PAD
    0x08016324   0x08016324   0x00000030   Code   RO         7216    i.mbedtls_oid_get_oid_by_md  oid.o
    0x08016354   0x08016354   0x0000001e   Code   RO         7219    i.mbedtls_oid_get_pk_alg  oid.o
    0x08016372   0x08016372   0x00000028   Code   RO         7220    i.mbedtls_oid_get_sig_alg  oid.o
    0x0801639a   0x0801639a   0x0000001e   Code   RO         7222    i.mbedtls_oid_get_x509_ext_type  oid.o
    0x080163b8   0x080163b8   0x00000026   Code   RO         7362    i.mbedtls_pem_free  pem.o
    0x080163de   0x080163de   0x0000000a   Code   RO         7363    i.mbedtls_pem_init  pem.o
    0x080163e8   0x080163e8   0x000002fc   Code   RO         7364    i.mbedtls_pem_read_buffer  pem.o
    0x080166e4   0x080166e4   0x0000001a   Code   RO         7413    i.mbedtls_pk_can_do  pk.o
    0x080166fe   0x080166fe   0x00000002   PAD
    0x08016700   0x08016700   0x00000048   Code   RO         7417    i.mbedtls_pk_encrypt  pk.o
    0x08016748   0x08016748   0x00000020   Code   RO         7418    i.mbedtls_pk_free   pk.o
    0x08016768   0x08016768   0x00000018   Code   RO         7419    i.mbedtls_pk_get_bitlen  pk.o
    0x08016780   0x08016780   0x00000012   Code   RO         7421    i.mbedtls_pk_get_type  pk.o
    0x08016792   0x08016792   0x00000002   PAD
    0x08016794   0x08016794   0x0000002c   Code   RO         7422    i.mbedtls_pk_info_from_type  pk.o
    0x080167c0   0x080167c0   0x0000010c   Code   RO         7544    i.mbedtls_pk_parse_subpubkey  pkparse.o
    0x080168cc   0x080168cc   0x0000002c   Code   RO         7424    i.mbedtls_pk_setup  pk.o
    0x080168f8   0x080168f8   0x00000050   Code   RO         7425    i.mbedtls_pk_sign   pk.o
    0x08016948   0x08016948   0x00000050   Code   RO         7426    i.mbedtls_pk_verify  pk.o
    0x08016998   0x08016998   0x00000058   Code   RO         7427    i.mbedtls_pk_verify_ext  pk.o
    0x080169f0   0x080169f0   0x00000018   Code   RO         7740    i.mbedtls_platform_zeroize  platform_util.o
    0x08016a08   0x08016a08   0x0000006c   Code   RO         7760    i.mbedtls_rsa_check_privkey  rsa.o
    0x08016a74   0x08016a74   0x00000044   Code   RO         7761    i.mbedtls_rsa_check_pub_priv  rsa.o
    0x08016ab8   0x08016ab8   0x00000058   Code   RO         7762    i.mbedtls_rsa_check_pubkey  rsa.o
    0x08016b10   0x08016b10   0x000001b4   Code   RO         7763    i.mbedtls_rsa_complete  rsa.o
    0x08016cc4   0x08016cc4   0x000000a0   Code   RO         7939    i.mbedtls_rsa_deduce_crt  rsa_internal.o
    0x08016d64   0x08016d64   0x0000024c   Code   RO         7940    i.mbedtls_rsa_deduce_primes  rsa_internal.o
    0x08016fb0   0x08016fb0   0x000000f4   Code   RO         7941    i.mbedtls_rsa_deduce_private_exponent  rsa_internal.o
    0x080170a4   0x080170a4   0x0000006e   Code   RO         7768    i.mbedtls_rsa_free  rsa.o
    0x08017112   0x08017112   0x00000006   Code   RO         7769    i.mbedtls_rsa_get_len  rsa.o
    0x08017118   0x08017118   0x000000c2   Code   RO         7771    i.mbedtls_rsa_import_raw  rsa.o
    0x080171da   0x080171da   0x0000001c   Code   RO         7772    i.mbedtls_rsa_init  rsa.o
    0x080171f6   0x080171f6   0x00000002   PAD
    0x080171f8   0x080171f8   0x00000038   Code   RO         7773    i.mbedtls_rsa_pkcs1_decrypt  rsa.o
    0x08017230   0x08017230   0x00000038   Code   RO         7774    i.mbedtls_rsa_pkcs1_encrypt  rsa.o
    0x08017268   0x08017268   0x00000038   Code   RO         7775    i.mbedtls_rsa_pkcs1_sign  rsa.o
    0x080172a0   0x080172a0   0x00000038   Code   RO         7776    i.mbedtls_rsa_pkcs1_verify  rsa.o
    0x080172d8   0x080172d8   0x00000318   Code   RO         7777    i.mbedtls_rsa_private  rsa.o
    0x080175f0   0x080175f0   0x0000009c   Code   RO         7778    i.mbedtls_rsa_public  rsa.o
    0x0801768c   0x0801768c   0x0000014c   Code   RO         7779    i.mbedtls_rsa_rsaes_pkcs1_v15_decrypt  rsa.o
    0x080177d8   0x080177d8   0x000000f0   Code   RO         7780    i.mbedtls_rsa_rsaes_pkcs1_v15_encrypt  rsa.o
    0x080178c8   0x080178c8   0x000000dc   Code   RO         7781    i.mbedtls_rsa_rsassa_pkcs1_v15_sign  rsa.o
    0x080179a4   0x080179a4   0x000000cc   Code   RO         7782    i.mbedtls_rsa_rsassa_pkcs1_v15_verify  rsa.o
    0x08017a70   0x08017a70   0x0000000a   Code   RO         7783    i.mbedtls_rsa_set_padding  rsa.o
    0x08017a7a   0x08017a7a   0x00000002   PAD
    0x08017a7c   0x08017a7c   0x00000150   Code   RO         7942    i.mbedtls_rsa_validate_crt  rsa_internal.o
    0x08017bcc   0x08017bcc   0x000001cc   Code   RO         7943    i.mbedtls_rsa_validate_params  rsa_internal.o
    0x08017d98   0x08017d98   0x00000024   Code   RO         7784    i.mbedtls_safer_memcmp  rsa.o
    0x08017dbc   0x08017dbc   0x00000012   Code   RO         7977    i.mbedtls_sha1_clone  sha1.o
    0x08017dce   0x08017dce   0x00000002   PAD
    0x08017dd0   0x08017dd0   0x00000100   Code   RO         7979    i.mbedtls_sha1_finish_ret  sha1.o
    0x08017ed0   0x08017ed0   0x00000014   Code   RO         7980    i.mbedtls_sha1_free  sha1.o
    0x08017ee4   0x08017ee4   0x0000000e   Code   RO         7981    i.mbedtls_sha1_init  sha1.o
    0x08017ef2   0x08017ef2   0x00000048   Code   RO         7983    i.mbedtls_sha1_ret  sha1.o
    0x08017f3a   0x08017f3a   0x00000002   PAD
    0x08017f3c   0x08017f3c   0x00000030   Code   RO         7985    i.mbedtls_sha1_starts_ret  sha1.o
    0x08017f6c   0x08017f6c   0x00000092   Code   RO         7987    i.mbedtls_sha1_update_ret  sha1.o
    0x08017ffe   0x08017ffe   0x00000012   Code   RO         8066    i.mbedtls_sha256_clone  sha256.o
    0x08018010   0x08018010   0x00000178   Code   RO         8068    i.mbedtls_sha256_finish_ret  sha256.o
    0x08018188   0x08018188   0x00000014   Code   RO         8069    i.mbedtls_sha256_free  sha256.o
    0x0801819c   0x0801819c   0x0000000e   Code   RO         8070    i.mbedtls_sha256_init  sha256.o
    0x080181aa   0x080181aa   0x00000056   Code   RO         8072    i.mbedtls_sha256_ret  sha256.o
    0x08018200   0x08018200   0x00000094   Code   RO         8074    i.mbedtls_sha256_starts_ret  sha256.o
    0x08018294   0x08018294   0x00000092   Code   RO         8076    i.mbedtls_sha256_update_ret  sha256.o
    0x08018326   0x08018326   0x00000008   Code   RO         8367    i.mbedtls_ssl_check_cert_usage  ssl_tls.o
    0x0801832e   0x0801832e   0x0000002c   Code   RO         8368    i.mbedtls_ssl_check_curve  ssl_tls.o
    0x0801835a   0x0801835a   0x00000002   PAD
    0x0801835c   0x0801835c   0x00000020   Code   RO         8165    i.mbedtls_ssl_ciphersuite_from_id  ssl_ciphersuites.o
    0x0801837c   0x0801837c   0x0000000a   Code   RO         8372    i.mbedtls_ssl_conf_authmode  ssl_tls.o
    0x08018386   0x08018386   0x00000006   Code   RO         8373    i.mbedtls_ssl_conf_ca_chain  ssl_tls.o
    0x0801838c   0x0801838c   0x0000000a   Code   RO         8379    i.mbedtls_ssl_conf_endpoint  ssl_tls.o
    0x08018396   0x08018396   0x00000006   Code   RO         8385    i.mbedtls_ssl_conf_rng  ssl_tls.o
    0x0801839c   0x0801839c   0x0000000a   Code   RO         8387    i.mbedtls_ssl_conf_transport  ssl_tls.o
    0x080183a6   0x080183a6   0x00000002   PAD
    0x080183a8   0x080183a8   0x000000a4   Code   RO         8389    i.mbedtls_ssl_config_defaults  ssl_tls.o
    0x0801844c   0x0801844c   0x00000014   Code   RO         8390    i.mbedtls_ssl_config_free  ssl_tls.o
    0x08018460   0x08018460   0x0000000e   Code   RO         8391    i.mbedtls_ssl_config_init  ssl_tls.o
    0x0801846e   0x0801846e   0x00000002   PAD
    0x08018470   0x08018470   0x00000360   Code   RO         8392    i.mbedtls_ssl_derive_keys  ssl_tls.o
    0x080187d0   0x080187d0   0x000000c8   Code   RO         8393    i.mbedtls_ssl_fetch_input  ssl_tls.o
    0x08018898   0x08018898   0x000000cc   Code   RO         8394    i.mbedtls_ssl_flush_output  ssl_tls.o
    0x08018964   0x08018964   0x000000b2   Code   RO         8395    i.mbedtls_ssl_free  ssl_tls.o
    0x08018a16   0x08018a16   0x00000018   Code   RO         8397    i.mbedtls_ssl_get_ciphersuite  ssl_tls.o
    0x08018a2e   0x08018a2e   0x00000002   PAD
    0x08018a30   0x08018a30   0x00000020   Code   RO         8168    i.mbedtls_ssl_get_ciphersuite_name  ssl_ciphersuites.o
    0x08018a50   0x08018a50   0x00000060   Code   RO         8400    i.mbedtls_ssl_get_record_expansion  ssl_tls.o
    0x08018ab0   0x08018ab0   0x00000050   Code   RO         8403    i.mbedtls_ssl_get_version  ssl_tls.o
    0x08018b00   0x08018b00   0x00000074   Code   RO         8404    i.mbedtls_ssl_handle_message_type  ssl_tls.o
    0x08018b74   0x08018b74   0x00000038   Code   RO         8405    i.mbedtls_ssl_handshake  ssl_tls.o
    0x08018bac   0x08018bac   0x000000ec   Code   RO         8259    i.mbedtls_ssl_handshake_client_step  ssl_cli.o
    0x08018c98   0x08018c98   0x00000020   Code   RO         8406    i.mbedtls_ssl_handshake_free  ssl_tls.o
    0x08018cb8   0x08018cb8   0x00000030   Code   RO         8407    i.mbedtls_ssl_handshake_step  ssl_tls.o
    0x08018ce8   0x08018ce8   0x00000056   Code   RO         8408    i.mbedtls_ssl_handshake_wrapup  ssl_tls.o
    0x08018d3e   0x08018d3e   0x00000028   Code   RO         8409    i.mbedtls_ssl_hash_from_md_alg  ssl_tls.o
    0x08018d66   0x08018d66   0x0000000e   Code   RO         8410    i.mbedtls_ssl_init  ssl_tls.o
    0x08018d74   0x08018d74   0x00000008   Code   RO         8171    i.mbedtls_ssl_list_ciphersuites  ssl_ciphersuites.o
    0x08018d7c   0x08018d7c   0x0000001c   Code   RO         8412    i.mbedtls_ssl_optimize_checksum  ssl_tls.o
    0x08018d98   0x08018d98   0x00000020   Code   RO         8260    i.mbedtls_ssl_own_key  ssl_cli.o
    0x08018db8   0x08018db8   0x00000368   Code   RO         8413    i.mbedtls_ssl_parse_certificate  ssl_tls.o
    0x08019120   0x08019120   0x00000098   Code   RO         8414    i.mbedtls_ssl_parse_change_cipher_spec  ssl_tls.o
    0x080191b8   0x080191b8   0x000000c8   Code   RO         8415    i.mbedtls_ssl_parse_finished  ssl_tls.o
    0x08019280   0x08019280   0x00000050   Code   RO         8417    i.mbedtls_ssl_prepare_handshake_record  ssl_tls.o
    0x080192d0   0x080192d0   0x00000168   Code   RO         8418    i.mbedtls_ssl_read  ssl_tls.o
    0x08019438   0x08019438   0x00000068   Code   RO         8419    i.mbedtls_ssl_read_record  ssl_tls.o
    0x080194a0   0x080194a0   0x000000b4   Code   RO         8420    i.mbedtls_ssl_read_record_layer  ssl_tls.o
    0x08019554   0x08019554   0x0000000c   Code   RO         8421    i.mbedtls_ssl_read_version  ssl_tls.o
    0x08019560   0x08019560   0x00000036   Code   RO         8423    i.mbedtls_ssl_safer_memcmp  ssl_tls.o
    0x08019596   0x08019596   0x00000002   PAD
    0x08019598   0x08019598   0x00000050   Code   RO         8424    i.mbedtls_ssl_send_alert_message  ssl_tls.o
    0x080195e8   0x080195e8   0x00000024   Code   RO         8426    i.mbedtls_ssl_session_free  ssl_tls.o
    0x0801960c   0x0801960c   0x0000000e   Code   RO         8427    i.mbedtls_ssl_session_init  ssl_tls.o
    0x0801961a   0x0801961a   0x0000000e   Code   RO         8429    i.mbedtls_ssl_set_bio  ssl_tls.o
    0x08019628   0x08019628   0x00000080   Code   RO         8431    i.mbedtls_ssl_set_hostname  ssl_tls.o
    0x080196a8   0x080196a8   0x00000090   Code   RO         8434    i.mbedtls_ssl_setup  ssl_tls.o
    0x08019738   0x08019738   0x00000016   Code   RO         8435    i.mbedtls_ssl_sig_from_pk  ssl_tls.o
    0x0801974e   0x0801974e   0x00000006   Code   RO         8438    i.mbedtls_ssl_sig_hash_set_const_hash  ssl_tls.o
    0x08019754   0x08019754   0x00000034   Code   RO         8440    i.mbedtls_ssl_transform_free  ssl_tls.o
    0x08019788   0x08019788   0x0000001c   Code   RO         8441    i.mbedtls_ssl_update_handshake_status  ssl_tls.o
    0x080197a4   0x080197a4   0x0000004c   Code   RO         8442    i.mbedtls_ssl_write  ssl_tls.o
    0x080197f0   0x080197f0   0x00000128   Code   RO         8443    i.mbedtls_ssl_write_certificate  ssl_tls.o
    0x08019918   0x08019918   0x0000003a   Code   RO         8444    i.mbedtls_ssl_write_change_cipher_spec  ssl_tls.o
    0x08019952   0x08019952   0x000000b2   Code   RO         8445    i.mbedtls_ssl_write_finished  ssl_tls.o
    0x08019a04   0x08019a04   0x000000f0   Code   RO         8446    i.mbedtls_ssl_write_record  ssl_tls.o
    0x08019af4   0x08019af4   0x00000008   Code   RO         8447    i.mbedtls_ssl_write_version  ssl_tls.o
    0x08019afc   0x08019afc   0x000000c8   Code   RO         9149    i.mbedtls_x509_crt_free  x509_crt.o
    0x08019bc4   0x08019bc4   0x00000010   Code   RO         9151    i.mbedtls_x509_crt_init  x509_crt.o
    0x08019bd4   0x08019bd4   0x00000134   Code   RO         9152    i.mbedtls_x509_crt_parse  x509_crt.o
    0x08019d08   0x08019d08   0x0000008c   Code   RO         9153    i.mbedtls_x509_crt_parse_der  x509_crt.o
    0x08019d94   0x08019d94   0x000000cc   Code   RO         9156    i.mbedtls_x509_crt_verify_with_profile  x509_crt.o
    0x08019e60   0x08019e60   0x0000002a   Code   RO         9013    i.mbedtls_x509_get_alg  x509.o
    0x08019e8a   0x08019e8a   0x00000002   PAD
    0x08019e8c   0x08019e8c   0x0000006c   Code   RO         9015    i.mbedtls_x509_get_ext  x509.o
    0x08019ef8   0x08019ef8   0x00000088   Code   RO         9016    i.mbedtls_x509_get_name  x509.o
    0x08019f80   0x08019f80   0x00000060   Code   RO         9017    i.mbedtls_x509_get_serial  x509.o
    0x08019fe0   0x08019fe0   0x00000050   Code   RO         9018    i.mbedtls_x509_get_sig  x509.o
    0x0801a030   0x0801a030   0x00000050   Code   RO         9019    i.mbedtls_x509_get_sig_alg  x509.o
    0x0801a080   0x0801a080   0x00000060   Code   RO         9020    i.mbedtls_x509_get_time  x509.o
    0x0801a0e0   0x0801a0e0   0x00000006   Code   RO         9024    i.mbedtls_x509_time_is_future  x509.o
    0x0801a0e6   0x0801a0e6   0x00000006   Code   RO         9025    i.mbedtls_x509_time_is_past  x509.o
    0x0801a0ec   0x0801a0ec   0x000001d0   Code   RO         1295    i.md5Check          https_download.o
    0x0801a2bc   0x0801a2bc   0x00000010   Code   RO         7063    i.md5_clone_wrap    md_wrap.o
    0x0801a2cc   0x0801a2cc   0x00000018   Code   RO         7064    i.md5_ctx_alloc     md_wrap.o
    0x0801a2e4   0x0801a2e4   0x00000012   Code   RO         7065    i.md5_ctx_free      md_wrap.o
    0x0801a2f6   0x0801a2f6   0x00000010   Code   RO         7066    i.md5_finish_wrap   md_wrap.o
    0x0801a306   0x0801a306   0x00000010   Code   RO         7067    i.md5_process_wrap  md_wrap.o
    0x0801a316   0x0801a316   0x0000000c   Code   RO         7068    i.md5_starts_wrap   md_wrap.o
    0x0801a322   0x0801a322   0x00000014   Code   RO         7069    i.md5_update_wrap   md_wrap.o
    0x0801a336   0x0801a336   0x00000032   Code   RO         5827    i.mpi_montg_init    bignum.o
    0x0801a368   0x0801a368   0x000000cc   Code   RO         5828    i.mpi_montmul       bignum.o
    0x0801a434   0x0801a434   0x0000002c   Code   RO         5829    i.mpi_montred       bignum.o
    0x0801a460   0x0801a460   0x00000630   Code   RO         5830    i.mpi_mul_hlp       bignum.o
    0x0801aa90   0x0801aa90   0x00000062   Code   RO         5831    i.mpi_sub_hlp       bignum.o
    0x0801aaf2   0x0801aaf2   0x00000002   PAD
    0x0801aaf4   0x0801aaf4   0x0000003c   Code   RO         7225    i.oid_grp_id_from_asn1  oid.o
    0x0801ab30   0x0801ab30   0x0000003c   Code   RO         7228    i.oid_pk_alg_from_asn1  oid.o
    0x0801ab6c   0x0801ab6c   0x0000003c   Code   RO         7229    i.oid_sig_alg_from_asn1  oid.o
    0x0801aba8   0x0801aba8   0x0000003c   Code   RO         7230    i.oid_x509_ext_from_asn1  oid.o
    0x0801abe4   0x0801abe4   0x00000054   Code   RO          441    i.os_get_random     mbedtls.o
    0x0801ac38   0x0801ac38   0x00000070   Code   RO         7365    i.pem_aes_decrypt   pem.o
    0x0801aca8   0x0801aca8   0x0000008c   Code   RO         7366    i.pem_get_iv        pem.o
    0x0801ad34   0x0801ad34   0x000000f6   Code   RO         7367    i.pem_pbkdf1        pem.o
    0x0801ae2a   0x0801ae2a   0x00000032   Code   RO         7546    i.pk_get_ecpubkey   pkparse.o
    0x0801ae5c   0x0801ae5c   0x00000060   Code   RO         7547    i.pk_get_pk_alg     pkparse.o
    0x0801aebc   0x0801aebc   0x000000e4   Code   RO         7548    i.pk_get_rsapubkey  pkparse.o
    0x0801afa0   0x0801afa0   0x00000028   Code   RO         7428    i.pk_hashlen_helper  pk.o
    0x0801afc8   0x0801afc8   0x00000050   Code   RO         7552    i.pk_use_ecparams   pkparse.o
    0x0801b018   0x0801b018   0x0000000e   Code   RO         9570    i.rbClear           ringbuffer.o
    0x0801b026   0x0801b026   0x00000012   Code   RO         9572    i.rbInitialize      ringbuffer.o
    0x0801b038   0x0801b038   0x00000012   Code   RO         9573    i.rbIsEmpty         ringbuffer.o
    0x0801b04a   0x0801b04a   0x0000002a   Code   RO         9575    i.rbPop             ringbuffer.o
    0x0801b074   0x0801b074   0x00000024   Code   RO         9576    i.rbPush            ringbuffer.o
    0x0801b098   0x0801b098   0x0000001c   Code   RO         7628    i.rsa_alloc_wrap    pk_wrap.o
    0x0801b0b4   0x0801b0b4   0x00000012   Code   RO         7629    i.rsa_can_do        pk_wrap.o
    0x0801b0c6   0x0801b0c6   0x00000002   PAD
    0x0801b0c8   0x0801b0c8   0x000000cc   Code   RO         7785    i.rsa_check_context  rsa.o
    0x0801b194   0x0801b194   0x00000010   Code   RO         7630    i.rsa_check_pair_wrap  pk_wrap.o
    0x0801b1a4   0x0801b1a4   0x00000030   Code   RO         7631    i.rsa_debug         pk_wrap.o
    0x0801b1d4   0x0801b1d4   0x00000044   Code   RO         7632    i.rsa_decrypt_wrap  pk_wrap.o
    0x0801b218   0x0801b218   0x00000048   Code   RO         7633    i.rsa_encrypt_wrap  pk_wrap.o
    0x0801b260   0x0801b260   0x00000012   Code   RO         7634    i.rsa_free_wrap     pk_wrap.o
    0x0801b272   0x0801b272   0x00000010   Code   RO         7635    i.rsa_get_bitlen    pk_wrap.o
    0x0801b282   0x0801b282   0x00000002   PAD
    0x0801b284   0x0801b284   0x00000110   Code   RO         7786    i.rsa_prepare_blinding  rsa.o
    0x0801b394   0x0801b394   0x00000144   Code   RO         7787    i.rsa_rsassa_pkcs1_v15_encode  rsa.o
    0x0801b4d8   0x0801b4d8   0x0000003c   Code   RO         7636    i.rsa_sign_wrap     pk_wrap.o
    0x0801b514   0x0801b514   0x0000005c   Code   RO         7637    i.rsa_verify_wrap   pk_wrap.o
    0x0801b570   0x0801b570   0x00000054   Code   RO           55    i.savebootnv        main.o
    0x0801b5c4   0x0801b5c4   0x0000005c   Code   RO           56    i.savenv            main.o
    0x0801b620   0x0801b620   0x00000010   Code   RO         7070    i.sha1_clone_wrap   md_wrap.o
    0x0801b630   0x0801b630   0x00000018   Code   RO         7071    i.sha1_ctx_alloc    md_wrap.o
    0x0801b648   0x0801b648   0x00000012   Code   RO         7072    i.sha1_ctx_free     md_wrap.o
    0x0801b65a   0x0801b65a   0x00000010   Code   RO         7073    i.sha1_finish_wrap  md_wrap.o
    0x0801b66a   0x0801b66a   0x00000010   Code   RO         7074    i.sha1_process_wrap  md_wrap.o
    0x0801b67a   0x0801b67a   0x0000000c   Code   RO         7075    i.sha1_starts_wrap  md_wrap.o
    0x0801b686   0x0801b686   0x00000014   Code   RO         7076    i.sha1_update_wrap  md_wrap.o
    0x0801b69a   0x0801b69a   0x00000010   Code   RO         7077    i.sha224_clone_wrap  md_wrap.o
    0x0801b6aa   0x0801b6aa   0x00000018   Code   RO         7078    i.sha224_ctx_alloc  md_wrap.o
    0x0801b6c2   0x0801b6c2   0x00000012   Code   RO         7079    i.sha224_ctx_free   md_wrap.o
    0x0801b6d4   0x0801b6d4   0x00000010   Code   RO         7080    i.sha224_finish_wrap  md_wrap.o
    0x0801b6e4   0x0801b6e4   0x00000010   Code   RO         7081    i.sha224_process_wrap  md_wrap.o
    0x0801b6f4   0x0801b6f4   0x0000000e   Code   RO         7082    i.sha224_starts_wrap  md_wrap.o
    0x0801b702   0x0801b702   0x00000014   Code   RO         7083    i.sha224_update_wrap  md_wrap.o
    0x0801b716   0x0801b716   0x00000016   Code   RO         7084    i.sha224_wrap       md_wrap.o
    0x0801b72c   0x0801b72c   0x0000000e   Code   RO         7085    i.sha256_starts_wrap  md_wrap.o
    0x0801b73a   0x0801b73a   0x00000016   Code   RO         7086    i.sha256_wrap       md_wrap.o
    0x0801b750   0x0801b750   0x00000098   Code   RO         8449    i.ssl_calc_finished_tls_sha256  ssl_tls.o
    0x0801b7e8   0x0801b7e8   0x00000038   Code   RO         8450    i.ssl_calc_verify_tls_sha256  ssl_tls.o
    0x0801b820   0x0801b820   0x00000022   Code   RO         8451    i.ssl_check_timer   ssl_tls.o
    0x0801b842   0x0801b842   0x00000002   PAD
    0x0801b844   0x0801b844   0x00000320   Code   RO         8452    i.ssl_decrypt_buf   ssl_tls.o
    0x0801bb64   0x0801bb64   0x000001dc   Code   RO         8453    i.ssl_encrypt_buf   ssl_tls.o
    0x0801bd40   0x0801bd40   0x00000048   Code   RO         8261    i.ssl_generate_random  ssl_cli.o
    0x0801bd88   0x0801bd88   0x00000098   Code   RO         8454    i.ssl_handshake_init  ssl_tls.o
    0x0801be20   0x0801be20   0x00000038   Code   RO         8455    i.ssl_handshake_params_init  ssl_tls.o
    0x0801be58   0x0801be58   0x00000036   Code   RO         8456    i.ssl_handshake_wrapup_free_hs_transform  ssl_tls.o
    0x0801be8e   0x0801be8e   0x00000018   Code   RO         8457    i.ssl_key_cert_free  ssl_tls.o
    0x0801bea6   0x0801bea6   0x00000002   PAD
    0x0801bea8   0x0801bea8   0x00000180   Code   RO         8262    i.ssl_parse_certificate_request  ssl_cli.o
    0x0801c028   0x0801c028   0x000000ec   Code   RO         8458    i.ssl_parse_record_header  ssl_tls.o
    0x0801c114   0x0801c114   0x00000030   Code   RO         8263    i.ssl_parse_renegotiation_info  ssl_cli.o
    0x0801c144   0x0801c144   0x000003bc   Code   RO         8264    i.ssl_parse_server_hello  ssl_cli.o
    0x0801c500   0x0801c500   0x00000064   Code   RO         8265    i.ssl_parse_server_hello_done  ssl_cli.o
    0x0801c564   0x0801c564   0x000000b4   Code   RO         8266    i.ssl_parse_server_key_exchange  ssl_cli.o
    0x0801c618   0x0801c618   0x00000040   Code   RO         8459    i.ssl_prepare_record_content  ssl_tls.o
    0x0801c658   0x0801c658   0x0000001e   Code   RO         8462    i.ssl_set_timer     ssl_tls.o
    0x0801c676   0x0801c676   0x0000002e   Code   RO         8463    i.ssl_transform_init  ssl_tls.o
    0x0801c6a4   0x0801c6a4   0x00000018   Code   RO         8464    i.ssl_update_checksum_sha256  ssl_tls.o
    0x0801c6bc   0x0801c6bc   0x00000018   Code   RO         8465    i.ssl_update_checksum_start  ssl_tls.o
    0x0801c6d4   0x0801c6d4   0x0000001e   Code   RO         8267    i.ssl_validate_ciphersuite  ssl_cli.o
    0x0801c6f2   0x0801c6f2   0x00000002   PAD
    0x0801c6f4   0x0801c6f4   0x00000194   Code   RO         8268    i.ssl_write_certificate_verify  ssl_cli.o
    0x0801c888   0x0801c888   0x000001e0   Code   RO         8269    i.ssl_write_client_hello  ssl_cli.o
    0x0801ca68   0x0801ca68   0x0000006c   Code   RO         8270    i.ssl_write_client_key_exchange  ssl_cli.o
    0x0801cad4   0x0801cad4   0x00000108   Code   RO         8271    i.ssl_write_encrypted_pms  ssl_cli.o
    0x0801cbdc   0x0801cbdc   0x00000058   Code   RO         8466    i.ssl_write_real    ssl_tls.o
    0x0801cc34   0x0801cc34   0x000000aa   Code   RO         8272    i.ssl_write_signature_algorithms_ext  ssl_cli.o
    0x0801ccde   0x0801ccde   0x00000020   Code   RO         6678    i.sub32             ecp_curves.o
    0x0801ccfe   0x0801ccfe   0x00000002   PAD
    0x0801cd00   0x0801cd00   0x0000065c   Code   RO         1296    i.tcpc_httpc_dnld_on_data  https_download.o
    0x0801d35c   0x0801d35c   0x00000006   Code   RO          702    i.time              retarget.o
    0x0801d362   0x0801d362   0x00000002   PAD
    0x0801d364   0x0801d364   0x00000120   Code   RO         8467    i.tls_prf_generic   ssl_tls.o
    0x0801d484   0x0801d484   0x0000002a   Code   RO         8468    i.tls_prf_sha256    ssl_tls.o
    0x0801d4ae   0x0801d4ae   0x00000002   PAD
    0x0801d4b0   0x0801d4b0   0x000000cc   Code   RO         1297    i.url_config        https_download.o
    0x0801d57c   0x0801d57c   0x0000000a   Code   RO         9408    i.word              modbus_master.o
    0x0801d586   0x0801d586   0x00000074   Code   RO         9157    i.x509_check_wildcard  x509_crt.o
    0x0801d5fa   0x0801d5fa   0x00000032   Code   RO         9158    i.x509_crt_check_cn  x509_crt.o
    0x0801d62c   0x0801d62c   0x00000042   Code   RO         9159    i.x509_crt_check_ee_locally_trusted  x509_crt.o
    0x0801d66e   0x0801d66e   0x0000003e   Code   RO         9160    i.x509_crt_check_parent  x509_crt.o
    0x0801d6ac   0x0801d6ac   0x00000066   Code   RO         9161    i.x509_crt_check_signature  x509_crt.o
    0x0801d712   0x0801d712   0x00000040   Code   RO         9162    i.x509_crt_find_parent  x509_crt.o
    0x0801d752   0x0801d752   0x00000080   Code   RO         9163    i.x509_crt_find_parent_in  x509_crt.o
    0x0801d7d2   0x0801d7d2   0x0000004c   Code   RO         9164    i.x509_crt_merge_flags_with_cb  x509_crt.o
    0x0801d81e   0x0801d81e   0x00000002   PAD
    0x0801d820   0x0801d820   0x0000032c   Code   RO         9165    i.x509_crt_parse_der_core  x509_crt.o
    0x0801db4c   0x0801db4c   0x0000011c   Code   RO         9166    i.x509_crt_verify_chain  x509_crt.o
    0x0801dc68   0x0801dc68   0x00000090   Code   RO         9167    i.x509_crt_verify_name  x509_crt.o
    0x0801dcf8   0x0801dcf8   0x000000d0   Code   RO         9026    i.x509_date_is_valid  x509.o
    0x0801ddc8   0x0801ddc8   0x000000e8   Code   RO         9027    i.x509_get_attr_type_value  x509.o
    0x0801deb0   0x0801deb0   0x000000a0   Code   RO         9168    i.x509_get_basic_constraints  x509_crt.o
    0x0801df50   0x0801df50   0x000001c4   Code   RO         9169    i.x509_get_crt_ext  x509_crt.o
    0x0801e114   0x0801e114   0x00000060   Code   RO         9170    i.x509_get_dates    x509_crt.o
    0x0801e174   0x0801e174   0x00000034   Code   RO         9171    i.x509_get_ext_key_usage  x509_crt.o
    0x0801e1a8   0x0801e1a8   0x0000005c   Code   RO         9172    i.x509_get_key_usage  x509_crt.o
    0x0801e204   0x0801e204   0x0000003c   Code   RO         9173    i.x509_get_ns_cert_type  x509_crt.o
    0x0801e240   0x0801e240   0x000000dc   Code   RO         9174    i.x509_get_subject_alt_name  x509_crt.o
    0x0801e31c   0x0801e31c   0x0000004e   Code   RO         9175    i.x509_get_uid      x509_crt.o
    0x0801e36a   0x0801e36a   0x00000002   PAD
    0x0801e36c   0x0801e36c   0x00000054   Code   RO         9176    i.x509_get_version  x509_crt.o
    0x0801e3c0   0x0801e3c0   0x0000004c   Code   RO         9181    i.x509_memcasecmp   x509_crt.o
    0x0801e40c   0x0801e40c   0x00000066   Code   RO         9182    i.x509_name_cmp     x509_crt.o
    0x0801e472   0x0801e472   0x00000002   PAD
    0x0801e474   0x0801e474   0x00000048   Code   RO         9028    i.x509_parse_int    x509.o
    0x0801e4bc   0x0801e4bc   0x000000f8   Code   RO         9029    i.x509_parse_time   x509.o
    0x0801e5b4   0x0801e5b4   0x00000060   Code   RO         9183    i.x509_profile_check_key  x509_crt.o
    0x0801e614   0x0801e614   0x0000001a   Code   RO         9184    i.x509_profile_check_md_alg  x509_crt.o
    0x0801e62e   0x0801e62e   0x0000001a   Code   RO         9185    i.x509_profile_check_pk_alg  x509_crt.o
    0x0801e648   0x0801e648   0x0000005c   Code   RO         9186    i.x509_string_cmp   x509_crt.o
    0x0801e6a4   0x0801e6a4   0x00000018   Data   RO         5451    .constdata          system_stm32f4xx.o
    0x0801e6bc   0x0801e6bc   0x00002228   Data   RO         5493    .constdata          aes.o
    0x080208e4   0x080208e4   0x000000c0   Data   RO         5763    .constdata          base64.o
    0x080209a4   0x080209a4   0x000000fc   Data   RO         6224    .constdata          cipher_wrap.o
    0x08020aa0   0x08020aa0   0x00000024   Data   RO         6437    .constdata          ecp.o
    0x08020ac4   0x08020ac4   0x00000190   Data   RO         6679    .constdata          ecp_curves.o
    0x08020c54   0x08020c54   0x00000040   Data   RO         6987    .constdata          md5.o
    0x08020c94   0x08020c94   0x000000c0   Data   RO         7087    .constdata          md_wrap.o
    0x08020d54   0x08020d54   0x00000480   Data   RO         7232    .constdata          oid.o
    0x080211d4   0x080211d4   0x00000090   Data   RO         7638    .constdata          pk_wrap.o
    0x08021264   0x08021264   0x00000040   Data   RO         7988    .constdata          sha1.o
    0x080212a4   0x080212a4   0x00000140   Data   RO         8077    .constdata          sha256.o
    0x080213e4   0x080213e4   0x000000a8   Data   RO         8172    .constdata          ssl_ciphersuites.o
    0x0802148c   0x0802148c   0x000000d8   Data   RO         9187    .constdata          x509_crt.o
    0x08021564   0x08021564   0x0000000c   Data   RO         9719    .constdata          mc_w.l(mktime.o)
    0x08021570   0x08021570   0x00000039   Data   RO         9723    .constdata          mc_w.l(asctime.o)
    0x080215a9   0x080215a9   0x0000000c   Data   RO        10085    .constdata          mc_w.l(localtime_i.o)
    0x080215b5   0x080215b5   0x00000081   Data   RO        10120    .constdata          mc_w.l(ctype_o.o)
    0x08021636   0x08021636   0x00000002   PAD
    0x08021638   0x08021638   0x00000004   Data   RO        10121    .constdata          mc_w.l(ctype_o.o)
    0x0802163c   0x0802163c   0x000002b5   Data   RO           58    .conststring        main.o
    0x080218f1   0x080218f1   0x00000003   PAD
    0x080218f4   0x080218f4   0x0000004d   Data   RO         1299    .conststring        https_download.o
    0x08021941   0x08021941   0x00000003   PAD
    0x08021944   0x08021944   0x00000048   Data   RO         6225    .conststring        cipher_wrap.o
    0x0802198c   0x0802198c   0x00000016   Data   RO         6438    .conststring        ecp.o
    0x080219a2   0x080219a2   0x00000002   PAD
    0x080219a4   0x080219a4   0x00000004   Data   RO         7088    .conststring        md_wrap.o
    0x080219a8   0x080219a8   0x00000847   Data   RO         7233    .conststring        oid.o
    0x080221ef   0x080221ef   0x00000001   PAD
    0x080221f0   0x080221f0   0x0000000a   Data   RO         7639    .conststring        pk_wrap.o
    0x080221fa   0x080221fa   0x00000002   PAD
    0x080221fc   0x080221fc   0x0000007d   Data   RO         8173    .conststring        ssl_ciphersuites.o
    0x08022279   0x08022279   0x00000003   PAD
    0x0802227c   0x0802227c   0x00000406   Data   RO         9188    .conststring        x509_crt.o
    0x08022682   0x08022682   0x00000002   PAD
    0x08022684   0x08022684   0x00000006   Data   RO         7234    .conststrlit        oid.o
    0x0802268a   0x0802268a   0x00000002   PAD
    0x0802268c   0x0802268c   0x00000040   Data   RO        10160    Region$$Table       anon$$obj.o


    Execution Region RW_IRAM2 (Exec base: 0x10000000, Load base: 0x08022750, Size: 0x00006b90, Max: 0x00010000, ABSOLUTE, COMPRESSED[0x000004dc])

    Exec Addr    Load Addr    Size         Type   Attr      Idx    E Section Name        Object

    0x10000000   COMPRESSED   0x00000078   Data   RW           59    .data               main.o
    0x10000078   COMPRESSED   0x00000507   Data   RW         1300    .data               https_download.o
    0x1000057f   COMPRESSED   0x00000001   PAD
    0x10000580   COMPRESSED   0x00000009   Data   RW         5218    .data               stm32f4xx_hal.o
    0x10000589   COMPRESSED   0x00000003   PAD
    0x1000058c   COMPRESSED   0x00000008   Data   RW         6439    .data               ecp.o
    0x10000594   COMPRESSED   0x00000004   Data   RW         6680    .data               ecp_curves.o
    0x10000598   COMPRESSED   0x00000004   Data   RW         9712    .data               mc_w.l(rand.o)
    0x1000059c   COMPRESSED   0x00000004   Data   RW        10087    .data               mc_w.l(mvars.o)
    0x100005a0   COMPRESSED   0x00000004   Data   RW        10092    .data               mc_w.l(errno.o)
    0x100005a4        -       0x00000484   Zero   RW          442    .bss                mbedtls.o
    0x10000a28        -       0x00000020   Zero   RW         4440    .bss                stm32f4xx_hal_flash.o
    0x10000a48        -       0x00000100   Zero   RW         9409    .bss                modbus_master.o
    0x10000b48        -       0x0000001a   Zero   RW         9722    .bss                mc_w.l(asctime.o)
    0x10000b62   COMPRESSED   0x00000002   PAD
    0x10000b64        -       0x0000002c   Zero   RW        10082    .bss                mc_w.l(localtime_w.o)
    0x10000b90        -       0x00006000   Zero   RW            1    STACK               startup_stm32f407xx.o


    Execution Region RW_IRAM1 (Exec base: 0x20000000, Load base: 0x080226cc, Size: 0x00016b88, Max: 0x00020000, ABSOLUTE)

    Exec Addr    Load Addr    Size         Type   Attr      Idx    E Section Name        Object

    0x20000000   0x080226cc   0x00000004   Data   RW          443    .data               mbedtls.o
    0x20000004   0x080226d0   0x00000008   Data   RW          557    .data               net_sockets.o
    0x2000000c   0x080226d8   0x00000018   Data   RW         1082    .data               timing_alt.o
    0x20000024   0x080226f0   0x00000004   Data   RW         5452    .data               system_stm32f4xx.o
    0x20000028   0x080226f4   0x00000004   Data   RW         7741    .data               platform_util.o
    0x2000002c   0x080226f8   0x00000027   Data   RW         8469    .data               ssl_tls.o
    0x20000053   0x0802271f   0x00000001   PAD
    0x20000054   0x08022720   0x00000028   Data   RW         9410    .data               modbus_master.o
    0x2000007c   0x08022748   0x00000004   Data   RW        10072    .data               mc_w.l(stdout.o)
    0x20000080   0x0802274c   0x00000004   Data   RW        10088    .data               mc_w.l(mvars.o)
    0x20000084        -       0x00006628   Zero   RW           57    .bss                main.o
    0x200066ac        -       0x00000400   Zero   RW         1298    .bss                https_download.o
    0x20006aac        -       0x000000dc   Zero   RW         9641    .bss                trans_recieve_buff_control.o
    0x20006b88        -       0x00010000   Zero   RW            2    HEAP                startup_stm32f407xx.o


==============================================================================

Image component sizes


      Code (inc. data)   RO Data    RW Data    ZI Data      Debug   Object Name

      3534         72       8744          0          0      19578   aes.o
       944          0          0          0          0       9886   asn1parse.o
       356          6        192          0          0       2080   base64.o
      8304          0          0          0          0      38814   bignum.o
      1284         58          0          0          0      17533   cipher.o
       152          0        324          0          0      11574   cipher_wrap.o
       150          0          0          0          0       2293   common.o
      1132          0          0          0          0      10671   ctr_drbg.o
      6966         84         58          8          0      29050   ecp.o
      3170         58        400          4          0      10189   ecp_curves.o
       742          6          0          0          0       7102   entropy.o
        32          0          0          0          0       1380   entropy_poll.o
      4748       2518         77       1287       1024      25442   https_download.o
     20006       3124        693        120      26152     745594   main.o
       160         28          0          4       1156      40654   mbedtls.o
       712         50          0          0          0      11123   md.o
      2910        268         64          0          0      10737   md5.o
       426          0        196          0          0      17361   md_wrap.o
      1458         76          0         40        256       8199   modbus_master.o
      2468        940          0          0          0      11062   mqtt_connect.o
      2024        356          0          8          0       7448   net_sockets.o
       418         22       3277          0          0      20240   oid.o
      1310        138          0          0          0      12548   pem.o
       548         42          0          0          0      12365   pk.o
       564         42        154          0          0      15619   pk_wrap.o
       722         32          0          0          0       8009   pkparse.o
        24          4          0          4          0       1419   platform_util.o
         6          0          0          0          0       1879   retarget.o
       128          0          0          0          0       3646   ringbuffer.o
      4052        104          0          0          0      25171   rsa.o
      1788         72          0          0          0       6200   rsa_internal.o
      6158         42         64          0          0       9462   sha1.o
      4348         84        320          0          0       9298   sha256.o
        72         18        293          0          0      35786   ssl_ciphersuites.o
      3464        122          0          0          0      41504   ssl_cli.o
      8416        362          0         39          0      94087   ssl_tls.o
        36          8        392          0      90112        836   startup_stm32f407xx.o
       212         36          0          9          0       9377   stm32f4xx_hal.o
       378          0          0          0          0       3051   stm32f4xx_hal_adc.o
         2          0          0          0          0       1005   stm32f4xx_hal_adc_ex.o
       340         28          0          0          0      35166   stm32f4xx_hal_cortex.o
        40          0          0          0          0       1123   stm32f4xx_hal_dma.o
       652         64          0          0         32       5966   stm32f4xx_hal_flash.o
       432         26          0          0          0       3246   stm32f4xx_hal_flash_ex.o
       540         46          0          0          0       2979   stm32f4xx_hal_gpio.o
       464         18          0          0          0       2039   stm32f4xx_hal_i2c.o
      2060        136          0          0          0       6247   stm32f4xx_hal_msp.o
      1800         84          0          0          0       5600   stm32f4xx_hal_rcc.o
       416         20          0          0          0       1400   stm32f4xx_hal_rcc_ex.o
      1746         36          0          0          0       9660   stm32f4xx_hal_rtc.o
         2          0          0          0          0        980   stm32f4xx_hal_rtc_ex.o
      1892          8          0          0          0       7730   stm32f4xx_hal_spi.o
      1218         46          0          0          0      10730   stm32f4xx_hal_tim.o
       184         30          0          0          0       2485   stm32f4xx_hal_tim_ex.o
      2472         12          0          0          0      10994   stm32f4xx_hal_uart.o
       456        192          0          0          0      12442   stm32f4xx_it.o
        28          4         24          4          0       1127   system_stm32f4xx.o
         0          0          0         24          0       2947   timing_alt.o
       204         34          0          0        220       5626   trans_recieve_buff_control.o
       812        104          0          0          0       5804   w25qxx.o
      1410         70          0          0          0      16012   x509.o
      4484        140       1246          0          0      34770   x509_crt.o

    ----------------------------------------------------------------------
    116078       9870      16600       1556     118952    1534345   Object Totals
         0          0         64          0          0          0   (incl. Generated)
       102          0         18          5          0          0   (incl. Padding)

    ----------------------------------------------------------------------

      Code (inc. data)   RO Data    RW Data    ZI Data      Debug   Library Member Name

        56         12          0          0          0        132   atof.o
        56          8          0          0          0         84   __0sscanf.o
        86          0          0          0          0          0   __dczerorl2.o
        28          0          0          0          0         68   _chval.o
       812          4          0          0          0        112   _scanf.o
       332          0          0          0          0         96   _scanf_int.o
       224          0          0          0          0         96   _scanf_str.o
        64          0          0          0          0         84   _sgetc.o
       158          0          0          0          0         92   _strtoul.o
       188         16         57          0         26         88   asctime.o
        26          0          0          0          0         80   atoi.o
        26          0          0          0          0         80   atol.o
        28          0          0          0          0         76   calloc.o
         8          4        133          0          0         68   ctype_o.o
         0          0          0          0          0          0   entry.o
         0          0          0          0          0          0   entry10a.o
         0          0          0          0          0          0   entry11a.o
         8          4          0          0          0          0   entry2.o
         4          0          0          0          0          0   entry5.o
         0          0          0          0          0          0   entry7b.o
         0          0          0          0          0          0   entry8b.o
         8          4          0          0          0          0   entry9a.o
        32         16          0          4          0        204   errno.o
        30          0          0          0          0          0   handlers.o
        36          8          0          0          0         68   init.o
        18          0          0          0          0         76   isspace_o.o
         0          0          0          0          0          0   iusefp.o
        30          0          0          0          0         68   llshl.o
        36          0          0          0          0         68   llsshr.o
        32          0          0          0          0         68   llushr.o
       140          6         12          0          0         76   localtime_i.o
        12          6          0          0         44         68   localtime_w.o
       188         20          0          0          0        160   malloc.o
        26          0          0          0          0         80   memcmp.o
        64          0          0          0          0         76   memmovea.o
        36          0          0          0          0        108   memseta.o
       168         18         12          0          0         80   mktime.o
         0          0          0          8          0          0   mvars.o
      2378        100          0          0          0        756   printfa.o
        36         10          0          4          0        136   rand.o
        40          8          0          0          0         84   scanf_char.o
       878         12          0          0          0        216   scanf_fp.o
         0          0          0          4          0          0   stdout.o
        14          0          0          0          0         68   strlen.o
        36          0          0          0          0         80   strstr.o
       156         12          0          0          0        120   strtod.o
       112          0          0          0          0         88   strtol.o
        44          0          0          0          0         80   uidiv.o
        98          0          0          0          0         92   uldiv.o
        48          0          0          0          0         68   cdcmple.o
        48          0          0          0          0         68   cdrcmple.o
        56          0          0          0          0         88   d2f.o
       334          0          0          0          0        148   dadd.o
       222          0          0          0          0        100   ddiv.o
       186          0          0          0          0        176   depilogue.o
        48          0          0          0          0         68   dfixul.o
        24          0          0          0          0         76   dfltul.o
       228          0          0          0          0         96   dmul.o
        38          0          0          0          0         68   f2d.o
       110          0          0          0          0        168   fepilogue.o

    ----------------------------------------------------------------------
      8110        272        216         20         72       5200   Library Totals
        16          4          2          0          2          0   (incl. Padding)

    ----------------------------------------------------------------------

      Code (inc. data)   RO Data    RW Data    ZI Data      Debug   Library Name

        56         12          0          0          0        132   m_wm.l
      6696        256        214         20         70       3944   mc_w.l
      1342          0          0          0          0       1124   mf_w.l

    ----------------------------------------------------------------------
      8110        272        216         20         72       5200   Library Totals

    ----------------------------------------------------------------------

==============================================================================


      Code (inc. data)   RO Data    RW Data    ZI Data      Debug   

    124188      10142      16816       1576     119024    1475269   Grand Totals
    124188      10142      16816       1376     119024    1475269   ELF Image Totals (compressed)
    124188      10142      16816       1376          0          0   ROM Totals

==============================================================================

    Total RO  Size (Code + RO Data)               141004 ( 137.70kB)
    Total RW  Size (RW Data + ZI Data)            120600 ( 117.77kB)
    Total ROM Size (Code + RO Data + RW Data)     142380 ( 139.04kB)

==============================================================================

