<!doctype html public "-//w3c//dtd html 4.0 transitional//en">
<html><head>
<title>Static Call Graph - [ALL_AT_Aliyun\ALL_AT_Aliyun.axf]</title></head>
<body><HR>
<H1>Static Call Graph for image ALL_AT_Aliyun\ALL_AT_Aliyun.axf</H1><HR>
<BR><P>#&#060CALLGRAPH&#062# ARM Linker, 5060750: Last Updated: Fri Oct 09 10:57:10 2020
<BR><P>
<H3>Maximum Stack Usage =       8064 bytes + Unknown(Cycles, Untraceable Function Pointers)</H3><H3>
Call chain for Maximum Stack Depth:</H3>
main &rArr; Https_download &rArr; mbedtls_ssl_write &rArr; mbedtls_ssl_handshake &rArr; mbedtls_ssl_handshake_step &rArr; mbedtls_ssl_handshake_client_step &rArr; mbedtls_ssl_parse_certificate &rArr; mbedtls_x509_crt_parse_der &rArr; x509_crt_parse_der_core &rArr; mbedtls_pk_parse_subpubkey &rArr; pk_get_rsapubkey &rArr; mbedtls_rsa_complete &rArr; mbedtls_rsa_deduce_primes &rArr; mbedtls_mpi_exp_mod &rArr; mbedtls_mpi_mod_mpi &rArr; mbedtls_mpi_div_mpi &rArr; mbedtls_mpi_mul_int &rArr; mbedtls_mpi_mul_mpi &rArr; mbedtls_mpi_copy &rArr; mbedtls_mpi_grow &rArr; mbedtls_mpi_zeroize &rArr; mbedtls_platform_zeroize
<P>
<H3>
Mutually Recursive functions
</H3> <LI><a href="#[1f]">CAN1_RX0_IRQHandler</a>&nbsp;&nbsp;&nbsp;&rArr;&nbsp;&nbsp;&nbsp;<a href="#[1f]">CAN1_RX0_IRQHandler</a><BR>
</UL>
<P>
<H3>
Function Pointers
</H3><UL>
 <LI><a href="#[1d]">ADC_IRQHandler</a> from stm32f4xx_it.o(i.ADC_IRQHandler) referenced from startup_stm32f407xx.o(RESET)
 <LI><a href="#[5]">BusFault_Handler</a> from stm32f4xx_it.o(i.BusFault_Handler) referenced from startup_stm32f407xx.o(RESET)
 <LI><a href="#[1f]">CAN1_RX0_IRQHandler</a> from startup_stm32f407xx.o(.text) referenced from startup_stm32f407xx.o(RESET)
 <LI><a href="#[20]">CAN1_RX1_IRQHandler</a> from startup_stm32f407xx.o(.text) referenced from startup_stm32f407xx.o(RESET)
 <LI><a href="#[21]">CAN1_SCE_IRQHandler</a> from startup_stm32f407xx.o(.text) referenced from startup_stm32f407xx.o(RESET)
 <LI><a href="#[1e]">CAN1_TX_IRQHandler</a> from startup_stm32f407xx.o(.text) referenced from startup_stm32f407xx.o(RESET)
 <LI><a href="#[49]">CAN2_RX0_IRQHandler</a> from startup_stm32f407xx.o(.text) referenced from startup_stm32f407xx.o(RESET)
 <LI><a href="#[4a]">CAN2_RX1_IRQHandler</a> from startup_stm32f407xx.o(.text) referenced from startup_stm32f407xx.o(RESET)
 <LI><a href="#[4b]">CAN2_SCE_IRQHandler</a> from startup_stm32f407xx.o(.text) referenced from startup_stm32f407xx.o(RESET)
 <LI><a href="#[48]">CAN2_TX_IRQHandler</a> from startup_stm32f407xx.o(.text) referenced from startup_stm32f407xx.o(RESET)
 <LI><a href="#[16]">DMA1_Stream0_IRQHandler</a> from startup_stm32f407xx.o(.text) referenced from startup_stm32f407xx.o(RESET)
 <LI><a href="#[17]">DMA1_Stream1_IRQHandler</a> from startup_stm32f407xx.o(.text) referenced from startup_stm32f407xx.o(RESET)
 <LI><a href="#[18]">DMA1_Stream2_IRQHandler</a> from startup_stm32f407xx.o(.text) referenced from startup_stm32f407xx.o(RESET)
 <LI><a href="#[19]">DMA1_Stream3_IRQHandler</a> from startup_stm32f407xx.o(.text) referenced from startup_stm32f407xx.o(RESET)
 <LI><a href="#[1a]">DMA1_Stream4_IRQHandler</a> from startup_stm32f407xx.o(.text) referenced from startup_stm32f407xx.o(RESET)
 <LI><a href="#[1b]">DMA1_Stream5_IRQHandler</a> from startup_stm32f407xx.o(.text) referenced from startup_stm32f407xx.o(RESET)
 <LI><a href="#[1c]">DMA1_Stream6_IRQHandler</a> from startup_stm32f407xx.o(.text) referenced from startup_stm32f407xx.o(RESET)
 <LI><a href="#[3a]">DMA1_Stream7_IRQHandler</a> from startup_stm32f407xx.o(.text) referenced from startup_stm32f407xx.o(RESET)
 <LI><a href="#[43]">DMA2_Stream0_IRQHandler</a> from startup_stm32f407xx.o(.text) referenced from startup_stm32f407xx.o(RESET)
 <LI><a href="#[44]">DMA2_Stream1_IRQHandler</a> from startup_stm32f407xx.o(.text) referenced from startup_stm32f407xx.o(RESET)
 <LI><a href="#[45]">DMA2_Stream2_IRQHandler</a> from startup_stm32f407xx.o(.text) referenced from startup_stm32f407xx.o(RESET)
 <LI><a href="#[46]">DMA2_Stream3_IRQHandler</a> from startup_stm32f407xx.o(.text) referenced from startup_stm32f407xx.o(RESET)
 <LI><a href="#[47]">DMA2_Stream4_IRQHandler</a> from startup_stm32f407xx.o(.text) referenced from startup_stm32f407xx.o(RESET)
 <LI><a href="#[4d]">DMA2_Stream5_IRQHandler</a> from startup_stm32f407xx.o(.text) referenced from startup_stm32f407xx.o(RESET)
 <LI><a href="#[4e]">DMA2_Stream6_IRQHandler</a> from startup_stm32f407xx.o(.text) referenced from startup_stm32f407xx.o(RESET)
 <LI><a href="#[4f]">DMA2_Stream7_IRQHandler</a> from startup_stm32f407xx.o(.text) referenced from startup_stm32f407xx.o(RESET)
 <LI><a href="#[8]">DebugMon_Handler</a> from stm32f4xx_it.o(i.DebugMon_Handler) referenced from startup_stm32f407xx.o(RESET)
 <LI><a href="#[11]">EXTI0_IRQHandler</a> from startup_stm32f407xx.o(.text) referenced from startup_stm32f407xx.o(RESET)
 <LI><a href="#[33]">EXTI15_10_IRQHandler</a> from startup_stm32f407xx.o(.text) referenced from startup_stm32f407xx.o(RESET)
 <LI><a href="#[12]">EXTI1_IRQHandler</a> from startup_stm32f407xx.o(.text) referenced from startup_stm32f407xx.o(RESET)
 <LI><a href="#[13]">EXTI2_IRQHandler</a> from startup_stm32f407xx.o(.text) referenced from startup_stm32f407xx.o(RESET)
 <LI><a href="#[14]">EXTI3_IRQHandler</a> from startup_stm32f407xx.o(.text) referenced from startup_stm32f407xx.o(RESET)
 <LI><a href="#[15]">EXTI4_IRQHandler</a> from startup_stm32f407xx.o(.text) referenced from startup_stm32f407xx.o(RESET)
 <LI><a href="#[22]">EXTI9_5_IRQHandler</a> from startup_stm32f407xx.o(.text) referenced from startup_stm32f407xx.o(RESET)
 <LI><a href="#[f]">FLASH_IRQHandler</a> from startup_stm32f407xx.o(.text) referenced from startup_stm32f407xx.o(RESET)
 <LI><a href="#[3b]">FMC_IRQHandler</a> from startup_stm32f407xx.o(.text) referenced from startup_stm32f407xx.o(RESET)
 <LI><a href="#[58]">FPU_IRQHandler</a> from startup_stm32f407xx.o(.text) referenced from startup_stm32f407xx.o(RESET)
 <LI><a href="#[57]">HASH_RNG_IRQHandler</a> from startup_stm32f407xx.o(.text) referenced from startup_stm32f407xx.o(RESET)
 <LI><a href="#[3]">HardFault_Handler</a> from stm32f4xx_it.o(i.HardFault_Handler) referenced from startup_stm32f407xx.o(RESET)
 <LI><a href="#[2b]">I2C1_ER_IRQHandler</a> from startup_stm32f407xx.o(.text) referenced from startup_stm32f407xx.o(RESET)
 <LI><a href="#[2a]">I2C1_EV_IRQHandler</a> from startup_stm32f407xx.o(.text) referenced from startup_stm32f407xx.o(RESET)
 <LI><a href="#[2d]">I2C2_ER_IRQHandler</a> from startup_stm32f407xx.o(.text) referenced from startup_stm32f407xx.o(RESET)
 <LI><a href="#[2c]">I2C2_EV_IRQHandler</a> from startup_stm32f407xx.o(.text) referenced from startup_stm32f407xx.o(RESET)
 <LI><a href="#[52]">I2C3_ER_IRQHandler</a> from startup_stm32f407xx.o(.text) referenced from startup_stm32f407xx.o(RESET)
 <LI><a href="#[51]">I2C3_EV_IRQHandler</a> from startup_stm32f407xx.o(.text) referenced from startup_stm32f407xx.o(RESET)
 <LI><a href="#[4]">MemManage_Handler</a> from stm32f4xx_it.o(i.MemManage_Handler) referenced from startup_stm32f407xx.o(RESET)
 <LI><a href="#[2]">NMI_Handler</a> from stm32f4xx_it.o(i.NMI_Handler) referenced from startup_stm32f407xx.o(RESET)
 <LI><a href="#[4c]">OTG_FS_IRQHandler</a> from startup_stm32f407xx.o(.text) referenced from startup_stm32f407xx.o(RESET)
 <LI><a href="#[35]">OTG_FS_WKUP_IRQHandler</a> from startup_stm32f407xx.o(.text) referenced from startup_stm32f407xx.o(RESET)
 <LI><a href="#[54]">OTG_HS_EP1_IN_IRQHandler</a> from startup_stm32f407xx.o(.text) referenced from startup_stm32f407xx.o(RESET)
 <LI><a href="#[53]">OTG_HS_EP1_OUT_IRQHandler</a> from startup_stm32f407xx.o(.text) referenced from startup_stm32f407xx.o(RESET)
 <LI><a href="#[56]">OTG_HS_IRQHandler</a> from startup_stm32f407xx.o(.text) referenced from startup_stm32f407xx.o(RESET)
 <LI><a href="#[55]">OTG_HS_WKUP_IRQHandler</a> from startup_stm32f407xx.o(.text) referenced from startup_stm32f407xx.o(RESET)
 <LI><a href="#[c]">PVD_IRQHandler</a> from startup_stm32f407xx.o(.text) referenced from startup_stm32f407xx.o(RESET)
 <LI><a href="#[9]">PendSV_Handler</a> from stm32f4xx_it.o(i.PendSV_Handler) referenced from startup_stm32f407xx.o(RESET)
 <LI><a href="#[10]">RCC_IRQHandler</a> from startup_stm32f407xx.o(.text) referenced from startup_stm32f407xx.o(RESET)
 <LI><a href="#[34]">RTC_Alarm_IRQHandler</a> from stm32f4xx_it.o(i.RTC_Alarm_IRQHandler) referenced from startup_stm32f407xx.o(RESET)
 <LI><a href="#[e]">RTC_WKUP_IRQHandler</a> from startup_stm32f407xx.o(.text) referenced from startup_stm32f407xx.o(RESET)
 <LI><a href="#[1]">Reset_Handler</a> from startup_stm32f407xx.o(.text) referenced from startup_stm32f407xx.o(RESET)
 <LI><a href="#[3c]">SDIO_IRQHandler</a> from startup_stm32f407xx.o(.text) referenced from startup_stm32f407xx.o(RESET)
 <LI><a href="#[2e]">SPI1_IRQHandler</a> from startup_stm32f407xx.o(.text) referenced from startup_stm32f407xx.o(RESET)
 <LI><a href="#[2f]">SPI2_IRQHandler</a> from startup_stm32f407xx.o(.text) referenced from startup_stm32f407xx.o(RESET)
 <LI><a href="#[3e]">SPI3_IRQHandler</a> from startup_stm32f407xx.o(.text) referenced from startup_stm32f407xx.o(RESET)
 <LI><a href="#[7]">SVC_Handler</a> from stm32f4xx_it.o(i.SVC_Handler) referenced from startup_stm32f407xx.o(RESET)
 <LI><a href="#[a]">SysTick_Handler</a> from stm32f4xx_it.o(i.SysTick_Handler) referenced from startup_stm32f407xx.o(RESET)
 <LI><a href="#[5a]">SystemInit</a> from system_stm32f4xx.o(i.SystemInit) referenced from startup_stm32f407xx.o(.text)
 <LI><a href="#[d]">TAMP_STAMP_IRQHandler</a> from startup_stm32f407xx.o(.text) referenced from startup_stm32f407xx.o(RESET)
 <LI><a href="#[23]">TIM1_BRK_TIM9_IRQHandler</a> from stm32f4xx_it.o(i.TIM1_BRK_TIM9_IRQHandler) referenced from startup_stm32f407xx.o(RESET)
 <LI><a href="#[26]">TIM1_CC_IRQHandler</a> from startup_stm32f407xx.o(.text) referenced from startup_stm32f407xx.o(RESET)
 <LI><a href="#[25]">TIM1_TRG_COM_TIM11_IRQHandler</a> from stm32f4xx_it.o(i.TIM1_TRG_COM_TIM11_IRQHandler) referenced from startup_stm32f407xx.o(RESET)
 <LI><a href="#[24]">TIM1_UP_TIM10_IRQHandler</a> from stm32f4xx_it.o(i.TIM1_UP_TIM10_IRQHandler) referenced from startup_stm32f407xx.o(RESET)
 <LI><a href="#[27]">TIM2_IRQHandler</a> from stm32f4xx_it.o(i.TIM2_IRQHandler) referenced from startup_stm32f407xx.o(RESET)
 <LI><a href="#[28]">TIM3_IRQHandler</a> from stm32f4xx_it.o(i.TIM3_IRQHandler) referenced from startup_stm32f407xx.o(RESET)
 <LI><a href="#[29]">TIM4_IRQHandler</a> from stm32f4xx_it.o(i.TIM4_IRQHandler) referenced from startup_stm32f407xx.o(RESET)
 <LI><a href="#[3d]">TIM5_IRQHandler</a> from stm32f4xx_it.o(i.TIM5_IRQHandler) referenced from startup_stm32f407xx.o(RESET)
 <LI><a href="#[41]">TIM6_DAC_IRQHandler</a> from stm32f4xx_it.o(i.TIM6_DAC_IRQHandler) referenced from startup_stm32f407xx.o(RESET)
 <LI><a href="#[42]">TIM7_IRQHandler</a> from stm32f4xx_it.o(i.TIM7_IRQHandler) referenced from startup_stm32f407xx.o(RESET)
 <LI><a href="#[36]">TIM8_BRK_TIM12_IRQHandler</a> from startup_stm32f407xx.o(.text) referenced from startup_stm32f407xx.o(RESET)
 <LI><a href="#[39]">TIM8_CC_IRQHandler</a> from startup_stm32f407xx.o(.text) referenced from startup_stm32f407xx.o(RESET)
 <LI><a href="#[38]">TIM8_TRG_COM_TIM14_IRQHandler</a> from startup_stm32f407xx.o(.text) referenced from startup_stm32f407xx.o(RESET)
 <LI><a href="#[37]">TIM8_UP_TIM13_IRQHandler</a> from startup_stm32f407xx.o(.text) referenced from startup_stm32f407xx.o(RESET)
 <LI><a href="#[3f]">UART4_IRQHandler</a> from stm32f4xx_it.o(i.UART4_IRQHandler) referenced from startup_stm32f407xx.o(RESET)
 <LI><a href="#[40]">UART5_IRQHandler</a> from stm32f4xx_it.o(i.UART5_IRQHandler) referenced from startup_stm32f407xx.o(RESET)
 <LI><a href="#[60]">UART_DMAAbortOnError</a> from stm32f4xx_hal_uart.o(i.UART_DMAAbortOnError) referenced from stm32f4xx_hal_uart.o(i.HAL_UART_IRQHandler)
 <LI><a href="#[30]">USART1_IRQHandler</a> from stm32f4xx_it.o(i.USART1_IRQHandler) referenced from startup_stm32f407xx.o(RESET)
 <LI><a href="#[31]">USART2_IRQHandler</a> from stm32f4xx_it.o(i.USART2_IRQHandler) referenced from startup_stm32f407xx.o(RESET)
 <LI><a href="#[32]">USART3_IRQHandler</a> from stm32f4xx_it.o(i.USART3_IRQHandler) referenced from startup_stm32f407xx.o(RESET)
 <LI><a href="#[50]">USART6_IRQHandler</a> from stm32f4xx_it.o(i.USART6_IRQHandler) referenced from startup_stm32f407xx.o(RESET)
 <LI><a href="#[6]">UsageFault_Handler</a> from stm32f4xx_it.o(i.UsageFault_Handler) referenced from startup_stm32f407xx.o(RESET)
 <LI><a href="#[b]">WWDG_IRQHandler</a> from startup_stm32f407xx.o(.text) referenced from startup_stm32f407xx.o(RESET)
 <LI><a href="#[5b]">__main</a> from entry.o(.ARM.Collect$$$$00000000) referenced from startup_stm32f407xx.o(.text)
 <LI><a href="#[5d]">_sbackspace</a> from _sgetc.o(.text) referenced 2 times from __0sscanf.o(.text)
 <LI><a href="#[5e]">_scanf_char_input</a> from scanf_char.o(.text) referenced from scanf_char.o(.text)
 <LI><a href="#[5c]">_sgetc</a> from _sgetc.o(.text) referenced 2 times from __0sscanf.o(.text)
 <LI><a href="#[66]">_snputc</a> from printfa.o(i._snputc) referenced from printfa.o(i.__0snprintf)
 <LI><a href="#[67]">_sputc</a> from printfa.o(i._sputc) referenced from printfa.o(i.__0sprintf)
 <LI><a href="#[72]">aes_crypt_cbc_wrap</a> from cipher_wrap.o(i.aes_crypt_cbc_wrap) referenced from cipher_wrap.o(.constdata)
 <LI><a href="#[71]">aes_crypt_ecb_wrap</a> from cipher_wrap.o(i.aes_crypt_ecb_wrap) referenced from cipher_wrap.o(.constdata)
 <LI><a href="#[75]">aes_ctx_alloc</a> from cipher_wrap.o(i.aes_ctx_alloc) referenced from cipher_wrap.o(.constdata)
 <LI><a href="#[76]">aes_ctx_free</a> from cipher_wrap.o(i.aes_ctx_free) referenced from cipher_wrap.o(.constdata)
 <LI><a href="#[74]">aes_setkey_dec_wrap</a> from cipher_wrap.o(i.aes_setkey_dec_wrap) referenced from cipher_wrap.o(.constdata)
 <LI><a href="#[73]">aes_setkey_enc_wrap</a> from cipher_wrap.o(i.aes_setkey_enc_wrap) referenced from cipher_wrap.o(.constdata)
 <LI><a href="#[9e]">eckey_alloc_wrap</a> from pk_wrap.o(i.eckey_alloc_wrap) referenced 2 times from pk_wrap.o(.constdata)
 <LI><a href="#[9c]">eckey_can_do</a> from pk_wrap.o(i.eckey_can_do) referenced from pk_wrap.o(.constdata)
 <LI><a href="#[9d]">eckey_check_pair</a> from pk_wrap.o(i.eckey_check_pair) referenced 2 times from pk_wrap.o(.constdata)
 <LI><a href="#[a0]">eckey_debug</a> from pk_wrap.o(i.eckey_debug) referenced 2 times from pk_wrap.o(.constdata)
 <LI><a href="#[9f]">eckey_free_wrap</a> from pk_wrap.o(i.eckey_free_wrap) referenced 2 times from pk_wrap.o(.constdata)
 <LI><a href="#[9b]">eckey_get_bitlen</a> from pk_wrap.o(i.eckey_get_bitlen) referenced 2 times from pk_wrap.o(.constdata)
 <LI><a href="#[a1]">eckeydh_can_do</a> from pk_wrap.o(i.eckeydh_can_do) referenced from pk_wrap.o(.constdata)
 <LI><a href="#[69]">ecp_mod_p256</a> from ecp_curves.o(i.ecp_mod_p256) referenced from ecp_curves.o(i.mbedtls_ecp_group_load)
 <LI><a href="#[6a]">ecp_mod_p384</a> from ecp_curves.o(i.ecp_mod_p384) referenced from ecp_curves.o(i.mbedtls_ecp_group_load)
 <LI><a href="#[65]">fputc</a> from stm32f4xx_hal_msp.o(i.fputc) referenced from printfa.o(i.__0printf)
 <LI><a href="#[68]">get_no_padding</a> from cipher.o(i.get_no_padding) referenced from cipher.o(i.mbedtls_cipher_set_padding_mode)
 <LI><a href="#[5f]">isspace</a> from isspace_o.o(.text) referenced 2 times from scanf_char.o(.text)
 <LI><a href="#[59]">main</a> from main.o(i.main) referenced from entry9a.o(.ARM.Collect$$$$0000000B)
 <LI><a href="#[62]">mbedtls_ctr_drbg_random</a> from ctr_drbg.o(i.mbedtls_ctr_drbg_random) referenced from https_download.o(i.Https_init)
 <LI><a href="#[61]">mbedtls_entropy_func</a> from entropy.o(i.mbedtls_entropy_func) referenced from https_download.o(i.Https_init)
 <LI><a href="#[6b]">mbedtls_hardware_poll</a> from entropy_poll.o(i.mbedtls_hardware_poll) referenced from entropy.o(i.mbedtls_entropy_init)
 <LI><a href="#[7a]">mbedtls_md5_ret</a> from md5.o(i.mbedtls_md5_ret) referenced from md_wrap.o(.constdata)
 <LI><a href="#[63]">mbedtls_net_recv</a> from net_sockets.o(i.mbedtls_net_recv) referenced from https_download.o(i.Https_init)
 <LI><a href="#[64]">mbedtls_net_send</a> from net_sockets.o(i.mbedtls_net_send) referenced from https_download.o(i.Https_init)
 <LI><a href="#[82]">mbedtls_sha1_ret</a> from sha1.o(i.mbedtls_sha1_ret) referenced from md_wrap.o(.constdata)
 <LI><a href="#[7d]">md5_clone_wrap</a> from md_wrap.o(i.md5_clone_wrap) referenced from md_wrap.o(.constdata)
 <LI><a href="#[7b]">md5_ctx_alloc</a> from md_wrap.o(i.md5_ctx_alloc) referenced from md_wrap.o(.constdata)
 <LI><a href="#[7c]">md5_ctx_free</a> from md_wrap.o(i.md5_ctx_free) referenced from md_wrap.o(.constdata)
 <LI><a href="#[79]">md5_finish_wrap</a> from md_wrap.o(i.md5_finish_wrap) referenced from md_wrap.o(.constdata)
 <LI><a href="#[7e]">md5_process_wrap</a> from md_wrap.o(i.md5_process_wrap) referenced from md_wrap.o(.constdata)
 <LI><a href="#[77]">md5_starts_wrap</a> from md_wrap.o(i.md5_starts_wrap) referenced from md_wrap.o(.constdata)
 <LI><a href="#[78]">md5_update_wrap</a> from md_wrap.o(i.md5_update_wrap) referenced from md_wrap.o(.constdata)
 <LI><a href="#[0]">memset</a> from memseta.o(.text) referenced 2 times from platform_util.o(.data)
 <LI><a href="#[98]">rsa_alloc_wrap</a> from pk_wrap.o(i.rsa_alloc_wrap) referenced from pk_wrap.o(.constdata)
 <LI><a href="#[92]">rsa_can_do</a> from pk_wrap.o(i.rsa_can_do) referenced from pk_wrap.o(.constdata)
 <LI><a href="#[97]">rsa_check_pair_wrap</a> from pk_wrap.o(i.rsa_check_pair_wrap) referenced from pk_wrap.o(.constdata)
 <LI><a href="#[9a]">rsa_debug</a> from pk_wrap.o(i.rsa_debug) referenced from pk_wrap.o(.constdata)
 <LI><a href="#[95]">rsa_decrypt_wrap</a> from pk_wrap.o(i.rsa_decrypt_wrap) referenced from pk_wrap.o(.constdata)
 <LI><a href="#[96]">rsa_encrypt_wrap</a> from pk_wrap.o(i.rsa_encrypt_wrap) referenced from pk_wrap.o(.constdata)
 <LI><a href="#[99]">rsa_free_wrap</a> from pk_wrap.o(i.rsa_free_wrap) referenced from pk_wrap.o(.constdata)
 <LI><a href="#[91]">rsa_get_bitlen</a> from pk_wrap.o(i.rsa_get_bitlen) referenced from pk_wrap.o(.constdata)
 <LI><a href="#[94]">rsa_sign_wrap</a> from pk_wrap.o(i.rsa_sign_wrap) referenced from pk_wrap.o(.constdata)
 <LI><a href="#[93]">rsa_verify_wrap</a> from pk_wrap.o(i.rsa_verify_wrap) referenced from pk_wrap.o(.constdata)
 <LI><a href="#[85]">sha1_clone_wrap</a> from md_wrap.o(i.sha1_clone_wrap) referenced from md_wrap.o(.constdata)
 <LI><a href="#[83]">sha1_ctx_alloc</a> from md_wrap.o(i.sha1_ctx_alloc) referenced from md_wrap.o(.constdata)
 <LI><a href="#[84]">sha1_ctx_free</a> from md_wrap.o(i.sha1_ctx_free) referenced from md_wrap.o(.constdata)
 <LI><a href="#[81]">sha1_finish_wrap</a> from md_wrap.o(i.sha1_finish_wrap) referenced from md_wrap.o(.constdata)
 <LI><a href="#[86]">sha1_process_wrap</a> from md_wrap.o(i.sha1_process_wrap) referenced from md_wrap.o(.constdata)
 <LI><a href="#[7f]">sha1_starts_wrap</a> from md_wrap.o(i.sha1_starts_wrap) referenced from md_wrap.o(.constdata)
 <LI><a href="#[80]">sha1_update_wrap</a> from md_wrap.o(i.sha1_update_wrap) referenced from md_wrap.o(.constdata)
 <LI><a href="#[8d]">sha224_clone_wrap</a> from md_wrap.o(i.sha224_clone_wrap) referenced 2 times from md_wrap.o(.constdata)
 <LI><a href="#[8b]">sha224_ctx_alloc</a> from md_wrap.o(i.sha224_ctx_alloc) referenced 2 times from md_wrap.o(.constdata)
 <LI><a href="#[8c]">sha224_ctx_free</a> from md_wrap.o(i.sha224_ctx_free) referenced 2 times from md_wrap.o(.constdata)
 <LI><a href="#[89]">sha224_finish_wrap</a> from md_wrap.o(i.sha224_finish_wrap) referenced 2 times from md_wrap.o(.constdata)
 <LI><a href="#[8e]">sha224_process_wrap</a> from md_wrap.o(i.sha224_process_wrap) referenced 2 times from md_wrap.o(.constdata)
 <LI><a href="#[87]">sha224_starts_wrap</a> from md_wrap.o(i.sha224_starts_wrap) referenced from md_wrap.o(.constdata)
 <LI><a href="#[88]">sha224_update_wrap</a> from md_wrap.o(i.sha224_update_wrap) referenced 2 times from md_wrap.o(.constdata)
 <LI><a href="#[8a]">sha224_wrap</a> from md_wrap.o(i.sha224_wrap) referenced from md_wrap.o(.constdata)
 <LI><a href="#[8f]">sha256_starts_wrap</a> from md_wrap.o(i.sha256_starts_wrap) referenced from md_wrap.o(.constdata)
 <LI><a href="#[90]">sha256_wrap</a> from md_wrap.o(i.sha256_wrap) referenced from md_wrap.o(.constdata)
 <LI><a href="#[6e]">ssl_calc_finished_tls_sha256</a> from ssl_tls.o(i.ssl_calc_finished_tls_sha256) referenced from ssl_tls.o(i.mbedtls_ssl_derive_keys)
 <LI><a href="#[6d]">ssl_calc_verify_tls_sha256</a> from ssl_tls.o(i.ssl_calc_verify_tls_sha256) referenced from ssl_tls.o(i.mbedtls_ssl_derive_keys)
 <LI><a href="#[6f]">ssl_update_checksum_sha256</a> from ssl_tls.o(i.ssl_update_checksum_sha256) referenced from ssl_tls.o(i.mbedtls_ssl_optimize_checksum)
 <LI><a href="#[70]">ssl_update_checksum_start</a> from ssl_tls.o(i.ssl_update_checksum_start) referenced from ssl_tls.o(i.ssl_handshake_params_init)
 <LI><a href="#[6c]">tls_prf_sha256</a> from ssl_tls.o(i.tls_prf_sha256) referenced from ssl_tls.o(i.mbedtls_ssl_derive_keys)
</UL>
<P>
<H3>
Global Symbols
</H3>
<P><STRONG><a name="[5b]"></a>__main</STRONG> (Thumb, 0 bytes, Stack size unknown bytes, entry.o(.ARM.Collect$$$$00000000))
<BR>[Address Reference Count : 1]<UL><LI> startup_stm32f407xx.o(.text)
</UL>
<P><STRONG><a name="[2fc]"></a>_main_stk</STRONG> (Thumb, 0 bytes, Stack size unknown bytes, entry2.o(.ARM.Collect$$$$00000001))

<P><STRONG><a name="[a2]"></a>_main_scatterload</STRONG> (Thumb, 0 bytes, Stack size unknown bytes, entry5.o(.ARM.Collect$$$$00000004))
<BR><BR>[Calls]<UL><LI><a href="#[a3]">&gt;&gt;</a>&nbsp;&nbsp;&nbsp;__scatterload
</UL>

<P><STRONG><a name="[c7]"></a>__main_after_scatterload</STRONG> (Thumb, 0 bytes, Stack size unknown bytes, entry5.o(.ARM.Collect$$$$00000004))
<BR><BR>[Called By]<UL><LI><a href="#[a3]">&gt;&gt;</a>&nbsp;&nbsp;&nbsp;__scatterload
</UL>

<P><STRONG><a name="[2fd]"></a>_main_clock</STRONG> (Thumb, 0 bytes, Stack size unknown bytes, entry7b.o(.ARM.Collect$$$$00000008))

<P><STRONG><a name="[2fe]"></a>_main_cpp_init</STRONG> (Thumb, 0 bytes, Stack size unknown bytes, entry8b.o(.ARM.Collect$$$$0000000A))

<P><STRONG><a name="[2ff]"></a>_main_init</STRONG> (Thumb, 0 bytes, Stack size unknown bytes, entry9a.o(.ARM.Collect$$$$0000000B))

<P><STRONG><a name="[300]"></a>__rt_final_cpp</STRONG> (Thumb, 0 bytes, Stack size unknown bytes, entry10a.o(.ARM.Collect$$$$0000000D))

<P><STRONG><a name="[301]"></a>__rt_final_exit</STRONG> (Thumb, 0 bytes, Stack size unknown bytes, entry11a.o(.ARM.Collect$$$$0000000F))

<P><STRONG><a name="[1]"></a>Reset_Handler</STRONG> (Thumb, 8 bytes, Stack size 0 bytes, startup_stm32f407xx.o(.text))
<BR>[Address Reference Count : 1]<UL><LI> startup_stm32f407xx.o(RESET)
</UL>
<P><STRONG><a name="[1f]"></a>CAN1_RX0_IRQHandler</STRONG> (Thumb, 0 bytes, Stack size 0 bytes, startup_stm32f407xx.o(.text))
<BR><BR>[Calls]<UL><LI><a href="#[1f]">&gt;&gt;</a>&nbsp;&nbsp;&nbsp;CAN1_RX0_IRQHandler
</UL>
<BR>[Called By]<UL><LI><a href="#[1f]">&gt;&gt;</a>&nbsp;&nbsp;&nbsp;CAN1_RX0_IRQHandler
</UL>
<BR>[Address Reference Count : 1]<UL><LI> startup_stm32f407xx.o(RESET)
</UL>
<P><STRONG><a name="[20]"></a>CAN1_RX1_IRQHandler</STRONG> (Thumb, 0 bytes, Stack size 0 bytes, startup_stm32f407xx.o(.text))
<BR>[Address Reference Count : 1]<UL><LI> startup_stm32f407xx.o(RESET)
</UL>
<P><STRONG><a name="[21]"></a>CAN1_SCE_IRQHandler</STRONG> (Thumb, 0 bytes, Stack size 0 bytes, startup_stm32f407xx.o(.text))
<BR>[Address Reference Count : 1]<UL><LI> startup_stm32f407xx.o(RESET)
</UL>
<P><STRONG><a name="[1e]"></a>CAN1_TX_IRQHandler</STRONG> (Thumb, 0 bytes, Stack size 0 bytes, startup_stm32f407xx.o(.text))
<BR>[Address Reference Count : 1]<UL><LI> startup_stm32f407xx.o(RESET)
</UL>
<P><STRONG><a name="[49]"></a>CAN2_RX0_IRQHandler</STRONG> (Thumb, 0 bytes, Stack size 0 bytes, startup_stm32f407xx.o(.text))
<BR>[Address Reference Count : 1]<UL><LI> startup_stm32f407xx.o(RESET)
</UL>
<P><STRONG><a name="[4a]"></a>CAN2_RX1_IRQHandler</STRONG> (Thumb, 0 bytes, Stack size 0 bytes, startup_stm32f407xx.o(.text))
<BR>[Address Reference Count : 1]<UL><LI> startup_stm32f407xx.o(RESET)
</UL>
<P><STRONG><a name="[4b]"></a>CAN2_SCE_IRQHandler</STRONG> (Thumb, 0 bytes, Stack size 0 bytes, startup_stm32f407xx.o(.text))
<BR>[Address Reference Count : 1]<UL><LI> startup_stm32f407xx.o(RESET)
</UL>
<P><STRONG><a name="[48]"></a>CAN2_TX_IRQHandler</STRONG> (Thumb, 0 bytes, Stack size 0 bytes, startup_stm32f407xx.o(.text))
<BR>[Address Reference Count : 1]<UL><LI> startup_stm32f407xx.o(RESET)
</UL>
<P><STRONG><a name="[16]"></a>DMA1_Stream0_IRQHandler</STRONG> (Thumb, 0 bytes, Stack size 0 bytes, startup_stm32f407xx.o(.text))
<BR>[Address Reference Count : 1]<UL><LI> startup_stm32f407xx.o(RESET)
</UL>
<P><STRONG><a name="[17]"></a>DMA1_Stream1_IRQHandler</STRONG> (Thumb, 0 bytes, Stack size 0 bytes, startup_stm32f407xx.o(.text))
<BR>[Address Reference Count : 1]<UL><LI> startup_stm32f407xx.o(RESET)
</UL>
<P><STRONG><a name="[18]"></a>DMA1_Stream2_IRQHandler</STRONG> (Thumb, 0 bytes, Stack size 0 bytes, startup_stm32f407xx.o(.text))
<BR>[Address Reference Count : 1]<UL><LI> startup_stm32f407xx.o(RESET)
</UL>
<P><STRONG><a name="[19]"></a>DMA1_Stream3_IRQHandler</STRONG> (Thumb, 0 bytes, Stack size 0 bytes, startup_stm32f407xx.o(.text))
<BR>[Address Reference Count : 1]<UL><LI> startup_stm32f407xx.o(RESET)
</UL>
<P><STRONG><a name="[1a]"></a>DMA1_Stream4_IRQHandler</STRONG> (Thumb, 0 bytes, Stack size 0 bytes, startup_stm32f407xx.o(.text))
<BR>[Address Reference Count : 1]<UL><LI> startup_stm32f407xx.o(RESET)
</UL>
<P><STRONG><a name="[1b]"></a>DMA1_Stream5_IRQHandler</STRONG> (Thumb, 0 bytes, Stack size 0 bytes, startup_stm32f407xx.o(.text))
<BR>[Address Reference Count : 1]<UL><LI> startup_stm32f407xx.o(RESET)
</UL>
<P><STRONG><a name="[1c]"></a>DMA1_Stream6_IRQHandler</STRONG> (Thumb, 0 bytes, Stack size 0 bytes, startup_stm32f407xx.o(.text))
<BR>[Address Reference Count : 1]<UL><LI> startup_stm32f407xx.o(RESET)
</UL>
<P><STRONG><a name="[3a]"></a>DMA1_Stream7_IRQHandler</STRONG> (Thumb, 0 bytes, Stack size 0 bytes, startup_stm32f407xx.o(.text))
<BR>[Address Reference Count : 1]<UL><LI> startup_stm32f407xx.o(RESET)
</UL>
<P><STRONG><a name="[43]"></a>DMA2_Stream0_IRQHandler</STRONG> (Thumb, 0 bytes, Stack size 0 bytes, startup_stm32f407xx.o(.text))
<BR>[Address Reference Count : 1]<UL><LI> startup_stm32f407xx.o(RESET)
</UL>
<P><STRONG><a name="[44]"></a>DMA2_Stream1_IRQHandler</STRONG> (Thumb, 0 bytes, Stack size 0 bytes, startup_stm32f407xx.o(.text))
<BR>[Address Reference Count : 1]<UL><LI> startup_stm32f407xx.o(RESET)
</UL>
<P><STRONG><a name="[45]"></a>DMA2_Stream2_IRQHandler</STRONG> (Thumb, 0 bytes, Stack size 0 bytes, startup_stm32f407xx.o(.text))
<BR>[Address Reference Count : 1]<UL><LI> startup_stm32f407xx.o(RESET)
</UL>
<P><STRONG><a name="[46]"></a>DMA2_Stream3_IRQHandler</STRONG> (Thumb, 0 bytes, Stack size 0 bytes, startup_stm32f407xx.o(.text))
<BR>[Address Reference Count : 1]<UL><LI> startup_stm32f407xx.o(RESET)
</UL>
<P><STRONG><a name="[47]"></a>DMA2_Stream4_IRQHandler</STRONG> (Thumb, 0 bytes, Stack size 0 bytes, startup_stm32f407xx.o(.text))
<BR>[Address Reference Count : 1]<UL><LI> startup_stm32f407xx.o(RESET)
</UL>
<P><STRONG><a name="[4d]"></a>DMA2_Stream5_IRQHandler</STRONG> (Thumb, 0 bytes, Stack size 0 bytes, startup_stm32f407xx.o(.text))
<BR>[Address Reference Count : 1]<UL><LI> startup_stm32f407xx.o(RESET)
</UL>
<P><STRONG><a name="[4e]"></a>DMA2_Stream6_IRQHandler</STRONG> (Thumb, 0 bytes, Stack size 0 bytes, startup_stm32f407xx.o(.text))
<BR>[Address Reference Count : 1]<UL><LI> startup_stm32f407xx.o(RESET)
</UL>
<P><STRONG><a name="[4f]"></a>DMA2_Stream7_IRQHandler</STRONG> (Thumb, 0 bytes, Stack size 0 bytes, startup_stm32f407xx.o(.text))
<BR>[Address Reference Count : 1]<UL><LI> startup_stm32f407xx.o(RESET)
</UL>
<P><STRONG><a name="[11]"></a>EXTI0_IRQHandler</STRONG> (Thumb, 0 bytes, Stack size 0 bytes, startup_stm32f407xx.o(.text))
<BR>[Address Reference Count : 1]<UL><LI> startup_stm32f407xx.o(RESET)
</UL>
<P><STRONG><a name="[33]"></a>EXTI15_10_IRQHandler</STRONG> (Thumb, 0 bytes, Stack size 0 bytes, startup_stm32f407xx.o(.text))
<BR>[Address Reference Count : 1]<UL><LI> startup_stm32f407xx.o(RESET)
</UL>
<P><STRONG><a name="[12]"></a>EXTI1_IRQHandler</STRONG> (Thumb, 0 bytes, Stack size 0 bytes, startup_stm32f407xx.o(.text))
<BR>[Address Reference Count : 1]<UL><LI> startup_stm32f407xx.o(RESET)
</UL>
<P><STRONG><a name="[13]"></a>EXTI2_IRQHandler</STRONG> (Thumb, 0 bytes, Stack size 0 bytes, startup_stm32f407xx.o(.text))
<BR>[Address Reference Count : 1]<UL><LI> startup_stm32f407xx.o(RESET)
</UL>
<P><STRONG><a name="[14]"></a>EXTI3_IRQHandler</STRONG> (Thumb, 0 bytes, Stack size 0 bytes, startup_stm32f407xx.o(.text))
<BR>[Address Reference Count : 1]<UL><LI> startup_stm32f407xx.o(RESET)
</UL>
<P><STRONG><a name="[15]"></a>EXTI4_IRQHandler</STRONG> (Thumb, 0 bytes, Stack size 0 bytes, startup_stm32f407xx.o(.text))
<BR>[Address Reference Count : 1]<UL><LI> startup_stm32f407xx.o(RESET)
</UL>
<P><STRONG><a name="[22]"></a>EXTI9_5_IRQHandler</STRONG> (Thumb, 0 bytes, Stack size 0 bytes, startup_stm32f407xx.o(.text))
<BR>[Address Reference Count : 1]<UL><LI> startup_stm32f407xx.o(RESET)
</UL>
<P><STRONG><a name="[f]"></a>FLASH_IRQHandler</STRONG> (Thumb, 0 bytes, Stack size 0 bytes, startup_stm32f407xx.o(.text))
<BR>[Address Reference Count : 1]<UL><LI> startup_stm32f407xx.o(RESET)
</UL>
<P><STRONG><a name="[3b]"></a>FMC_IRQHandler</STRONG> (Thumb, 0 bytes, Stack size 0 bytes, startup_stm32f407xx.o(.text))
<BR>[Address Reference Count : 1]<UL><LI> startup_stm32f407xx.o(RESET)
</UL>
<P><STRONG><a name="[58]"></a>FPU_IRQHandler</STRONG> (Thumb, 0 bytes, Stack size 0 bytes, startup_stm32f407xx.o(.text))
<BR>[Address Reference Count : 1]<UL><LI> startup_stm32f407xx.o(RESET)
</UL>
<P><STRONG><a name="[57]"></a>HASH_RNG_IRQHandler</STRONG> (Thumb, 0 bytes, Stack size 0 bytes, startup_stm32f407xx.o(.text))
<BR>[Address Reference Count : 1]<UL><LI> startup_stm32f407xx.o(RESET)
</UL>
<P><STRONG><a name="[2b]"></a>I2C1_ER_IRQHandler</STRONG> (Thumb, 0 bytes, Stack size 0 bytes, startup_stm32f407xx.o(.text))
<BR>[Address Reference Count : 1]<UL><LI> startup_stm32f407xx.o(RESET)
</UL>
<P><STRONG><a name="[2a]"></a>I2C1_EV_IRQHandler</STRONG> (Thumb, 0 bytes, Stack size 0 bytes, startup_stm32f407xx.o(.text))
<BR>[Address Reference Count : 1]<UL><LI> startup_stm32f407xx.o(RESET)
</UL>
<P><STRONG><a name="[2d]"></a>I2C2_ER_IRQHandler</STRONG> (Thumb, 0 bytes, Stack size 0 bytes, startup_stm32f407xx.o(.text))
<BR>[Address Reference Count : 1]<UL><LI> startup_stm32f407xx.o(RESET)
</UL>
<P><STRONG><a name="[2c]"></a>I2C2_EV_IRQHandler</STRONG> (Thumb, 0 bytes, Stack size 0 bytes, startup_stm32f407xx.o(.text))
<BR>[Address Reference Count : 1]<UL><LI> startup_stm32f407xx.o(RESET)
</UL>
<P><STRONG><a name="[52]"></a>I2C3_ER_IRQHandler</STRONG> (Thumb, 0 bytes, Stack size 0 bytes, startup_stm32f407xx.o(.text))
<BR>[Address Reference Count : 1]<UL><LI> startup_stm32f407xx.o(RESET)
</UL>
<P><STRONG><a name="[51]"></a>I2C3_EV_IRQHandler</STRONG> (Thumb, 0 bytes, Stack size 0 bytes, startup_stm32f407xx.o(.text))
<BR>[Address Reference Count : 1]<UL><LI> startup_stm32f407xx.o(RESET)
</UL>
<P><STRONG><a name="[4c]"></a>OTG_FS_IRQHandler</STRONG> (Thumb, 0 bytes, Stack size 0 bytes, startup_stm32f407xx.o(.text))
<BR>[Address Reference Count : 1]<UL><LI> startup_stm32f407xx.o(RESET)
</UL>
<P><STRONG><a name="[35]"></a>OTG_FS_WKUP_IRQHandler</STRONG> (Thumb, 0 bytes, Stack size 0 bytes, startup_stm32f407xx.o(.text))
<BR>[Address Reference Count : 1]<UL><LI> startup_stm32f407xx.o(RESET)
</UL>
<P><STRONG><a name="[54]"></a>OTG_HS_EP1_IN_IRQHandler</STRONG> (Thumb, 0 bytes, Stack size 0 bytes, startup_stm32f407xx.o(.text))
<BR>[Address Reference Count : 1]<UL><LI> startup_stm32f407xx.o(RESET)
</UL>
<P><STRONG><a name="[53]"></a>OTG_HS_EP1_OUT_IRQHandler</STRONG> (Thumb, 0 bytes, Stack size 0 bytes, startup_stm32f407xx.o(.text))
<BR>[Address Reference Count : 1]<UL><LI> startup_stm32f407xx.o(RESET)
</UL>
<P><STRONG><a name="[56]"></a>OTG_HS_IRQHandler</STRONG> (Thumb, 0 bytes, Stack size 0 bytes, startup_stm32f407xx.o(.text))
<BR>[Address Reference Count : 1]<UL><LI> startup_stm32f407xx.o(RESET)
</UL>
<P><STRONG><a name="[55]"></a>OTG_HS_WKUP_IRQHandler</STRONG> (Thumb, 0 bytes, Stack size 0 bytes, startup_stm32f407xx.o(.text))
<BR>[Address Reference Count : 1]<UL><LI> startup_stm32f407xx.o(RESET)
</UL>
<P><STRONG><a name="[c]"></a>PVD_IRQHandler</STRONG> (Thumb, 0 bytes, Stack size 0 bytes, startup_stm32f407xx.o(.text))
<BR>[Address Reference Count : 1]<UL><LI> startup_stm32f407xx.o(RESET)
</UL>
<P><STRONG><a name="[10]"></a>RCC_IRQHandler</STRONG> (Thumb, 0 bytes, Stack size 0 bytes, startup_stm32f407xx.o(.text))
<BR>[Address Reference Count : 1]<UL><LI> startup_stm32f407xx.o(RESET)
</UL>
<P><STRONG><a name="[e]"></a>RTC_WKUP_IRQHandler</STRONG> (Thumb, 0 bytes, Stack size 0 bytes, startup_stm32f407xx.o(.text))
<BR>[Address Reference Count : 1]<UL><LI> startup_stm32f407xx.o(RESET)
</UL>
<P><STRONG><a name="[3c]"></a>SDIO_IRQHandler</STRONG> (Thumb, 0 bytes, Stack size 0 bytes, startup_stm32f407xx.o(.text))
<BR>[Address Reference Count : 1]<UL><LI> startup_stm32f407xx.o(RESET)
</UL>
<P><STRONG><a name="[2e]"></a>SPI1_IRQHandler</STRONG> (Thumb, 0 bytes, Stack size 0 bytes, startup_stm32f407xx.o(.text))
<BR>[Address Reference Count : 1]<UL><LI> startup_stm32f407xx.o(RESET)
</UL>
<P><STRONG><a name="[2f]"></a>SPI2_IRQHandler</STRONG> (Thumb, 0 bytes, Stack size 0 bytes, startup_stm32f407xx.o(.text))
<BR>[Address Reference Count : 1]<UL><LI> startup_stm32f407xx.o(RESET)
</UL>
<P><STRONG><a name="[3e]"></a>SPI3_IRQHandler</STRONG> (Thumb, 0 bytes, Stack size 0 bytes, startup_stm32f407xx.o(.text))
<BR>[Address Reference Count : 1]<UL><LI> startup_stm32f407xx.o(RESET)
</UL>
<P><STRONG><a name="[d]"></a>TAMP_STAMP_IRQHandler</STRONG> (Thumb, 0 bytes, Stack size 0 bytes, startup_stm32f407xx.o(.text))
<BR>[Address Reference Count : 1]<UL><LI> startup_stm32f407xx.o(RESET)
</UL>
<P><STRONG><a name="[26]"></a>TIM1_CC_IRQHandler</STRONG> (Thumb, 0 bytes, Stack size 0 bytes, startup_stm32f407xx.o(.text))
<BR>[Address Reference Count : 1]<UL><LI> startup_stm32f407xx.o(RESET)
</UL>
<P><STRONG><a name="[36]"></a>TIM8_BRK_TIM12_IRQHandler</STRONG> (Thumb, 0 bytes, Stack size 0 bytes, startup_stm32f407xx.o(.text))
<BR>[Address Reference Count : 1]<UL><LI> startup_stm32f407xx.o(RESET)
</UL>
<P><STRONG><a name="[39]"></a>TIM8_CC_IRQHandler</STRONG> (Thumb, 0 bytes, Stack size 0 bytes, startup_stm32f407xx.o(.text))
<BR>[Address Reference Count : 1]<UL><LI> startup_stm32f407xx.o(RESET)
</UL>
<P><STRONG><a name="[38]"></a>TIM8_TRG_COM_TIM14_IRQHandler</STRONG> (Thumb, 0 bytes, Stack size 0 bytes, startup_stm32f407xx.o(.text))
<BR>[Address Reference Count : 1]<UL><LI> startup_stm32f407xx.o(RESET)
</UL>
<P><STRONG><a name="[37]"></a>TIM8_UP_TIM13_IRQHandler</STRONG> (Thumb, 0 bytes, Stack size 0 bytes, startup_stm32f407xx.o(.text))
<BR>[Address Reference Count : 1]<UL><LI> startup_stm32f407xx.o(RESET)
</UL>
<P><STRONG><a name="[b]"></a>WWDG_IRQHandler</STRONG> (Thumb, 0 bytes, Stack size 0 bytes, startup_stm32f407xx.o(.text))
<BR>[Address Reference Count : 1]<UL><LI> startup_stm32f407xx.o(RESET)
</UL>
<P><STRONG><a name="[a4]"></a>__aeabi_uldivmod</STRONG> (Thumb, 98 bytes, Stack size 40 bytes, uldiv.o(.text))
<BR><BR>[Stack]<UL><LI>Max Depth = 40<LI>Call Chain = __aeabi_uldivmod
</UL>
<BR>[Calls]<UL><LI><a href="#[a5]">&gt;&gt;</a>&nbsp;&nbsp;&nbsp;__aeabi_llsr
<LI><a href="#[a6]">&gt;&gt;</a>&nbsp;&nbsp;&nbsp;__aeabi_llsl
</UL>
<BR>[Called By]<UL><LI><a href="#[222]">&gt;&gt;</a>&nbsp;&nbsp;&nbsp;mbedtls_int_div_int
<LI><a href="#[10b]">&gt;&gt;</a>&nbsp;&nbsp;&nbsp;HAL_RCC_GetSysClockFreq
<LI><a href="#[13b]">&gt;&gt;</a>&nbsp;&nbsp;&nbsp;UART_SetConfig
<LI><a href="#[1a7]">&gt;&gt;</a>&nbsp;&nbsp;&nbsp;_printf_core
<LI><a href="#[1ac]">&gt;&gt;</a>&nbsp;&nbsp;&nbsp;_fp_digits
</UL>

<P><STRONG><a name="[2ca]"></a>rand</STRONG> (Thumb, 20 bytes, Stack size 0 bytes, rand.o(.text))
<BR><BR>[Called By]<UL><LI><a href="#[221]">&gt;&gt;</a>&nbsp;&nbsp;&nbsp;os_get_random
</UL>

<P><STRONG><a name="[2c9]"></a>srand</STRONG> (Thumb, 6 bytes, Stack size 0 bytes, rand.o(.text))
<BR><BR>[Called By]<UL><LI><a href="#[221]">&gt;&gt;</a>&nbsp;&nbsp;&nbsp;os_get_random
</UL>

<P><STRONG><a name="[a7]"></a>mktime</STRONG> (Thumb, 150 bytes, Stack size 16 bytes, mktime.o(.text))
<BR><BR>[Stack]<UL><LI>Max Depth = 24<LI>Call Chain = mktime &rArr; _localtime
</UL>
<BR>[Calls]<UL><LI><a href="#[a8]">&gt;&gt;</a>&nbsp;&nbsp;&nbsp;_localtime
</UL>
<BR>[Called By]<UL><LI><a href="#[59]">&gt;&gt;</a>&nbsp;&nbsp;&nbsp;main
</UL>

<P><STRONG><a name="[ed]"></a>asctime</STRONG> (Thumb, 172 bytes, Stack size 40 bytes, asctime.o(.text))
<BR><BR>[Stack]<UL><LI>Max Depth = 40<LI>Call Chain = asctime
</UL>
<BR>[Called By]<UL><LI><a href="#[59]">&gt;&gt;</a>&nbsp;&nbsp;&nbsp;main
<LI><a href="#[e4]">&gt;&gt;</a>&nbsp;&nbsp;&nbsp;GSM_Status_Check
</UL>

<P><STRONG><a name="[302]"></a>___aeabi_memcpy8$move</STRONG> (Thumb, 0 bytes, Stack size 8 bytes, memmovea.o(.text), UNUSED)

<P><STRONG><a name="[1b9]"></a>__aeabi_memcpy</STRONG> (Thumb, 64 bytes, Stack size 8 bytes, memmovea.o(.text))
<BR><BR>[Stack]<UL><LI>Max Depth = 8<LI>Call Chain = __aeabi_memcpy
</UL>
<BR>[Called By]<UL><LI><a href="#[206]">&gt;&gt;</a>&nbsp;&nbsp;&nbsp;mbedtls_cipher_update
<LI><a href="#[204]">&gt;&gt;</a>&nbsp;&nbsp;&nbsp;mbedtls_cipher_set_iv
<LI><a href="#[1b1]">&gt;&gt;</a>&nbsp;&nbsp;&nbsp;mbedtls_aes_crypt_cbc
<LI><a href="#[147]">&gt;&gt;</a>&nbsp;&nbsp;&nbsp;tcpc_httpc_dnld_on_data
<LI><a href="#[158]">&gt;&gt;</a>&nbsp;&nbsp;&nbsp;mbedtls_ssl_set_hostname
<LI><a href="#[146]">&gt;&gt;</a>&nbsp;&nbsp;&nbsp;mbedtls_ssl_read
<LI><a href="#[61]">&gt;&gt;</a>&nbsp;&nbsp;&nbsp;mbedtls_entropy_func
<LI><a href="#[226]">&gt;&gt;</a>&nbsp;&nbsp;&nbsp;mbedtls_md5_update_ret
<LI><a href="#[1ef]">&gt;&gt;</a>&nbsp;&nbsp;&nbsp;mbedtls_sha256_update_ret
<LI><a href="#[20e]">&gt;&gt;</a>&nbsp;&nbsp;&nbsp;mbedtls_ctr_drbg_reseed
<LI><a href="#[20d]">&gt;&gt;</a>&nbsp;&nbsp;&nbsp;mbedtls_ctr_drbg_random_with_add
<LI><a href="#[1b8]">&gt;&gt;</a>&nbsp;&nbsp;&nbsp;block_cipher_df
<LI><a href="#[26b]">&gt;&gt;</a>&nbsp;&nbsp;&nbsp;mbedtls_rsa_rsaes_pkcs1_v15_encrypt
<LI><a href="#[269]">&gt;&gt;</a>&nbsp;&nbsp;&nbsp;mbedtls_rsa_rsaes_pkcs1_v15_decrypt
<LI><a href="#[273]">&gt;&gt;</a>&nbsp;&nbsp;&nbsp;rsa_rsassa_pkcs1_v15_encode
<LI><a href="#[2cb]">&gt;&gt;</a>&nbsp;&nbsp;&nbsp;pem_pbkdf1
<LI><a href="#[277]">&gt;&gt;</a>&nbsp;&nbsp;&nbsp;mbedtls_sha1_update_ret
<LI><a href="#[29a]">&gt;&gt;</a>&nbsp;&nbsp;&nbsp;mbedtls_ssl_write_certificate
<LI><a href="#[282]">&gt;&gt;</a>&nbsp;&nbsp;&nbsp;mbedtls_ssl_derive_keys
<LI><a href="#[294]">&gt;&gt;</a>&nbsp;&nbsp;&nbsp;ssl_write_client_hello
<LI><a href="#[295]">&gt;&gt;</a>&nbsp;&nbsp;&nbsp;ssl_parse_server_hello
<LI><a href="#[26d]">&gt;&gt;</a>&nbsp;&nbsp;&nbsp;mbedtls_rsa_rsassa_pkcs1_v15_sign
<LI><a href="#[2b8]">&gt;&gt;</a>&nbsp;&nbsp;&nbsp;x509_crt_parse_der_core
<LI><a href="#[2e1]">&gt;&gt;</a>&nbsp;&nbsp;&nbsp;tls_prf_generic
<LI><a href="#[2b4]">&gt;&gt;</a>&nbsp;&nbsp;&nbsp;ssl_write_real
<LI><a href="#[2b6]">&gt;&gt;</a>&nbsp;&nbsp;&nbsp;ssl_encrypt_buf
</UL>

<P><STRONG><a name="[ec]"></a>__aeabi_memcpy4</STRONG> (Thumb, 0 bytes, Stack size 8 bytes, memmovea.o(.text))
<BR><BR>[Stack]<UL><LI>Max Depth = 8<LI>Call Chain = __aeabi_memcpy4
</UL>
<BR>[Called By]<UL><LI><a href="#[e4]">&gt;&gt;</a>&nbsp;&nbsp;&nbsp;GSM_Status_Check
<LI><a href="#[1e8]">&gt;&gt;</a>&nbsp;&nbsp;&nbsp;mbedtls_mpi_shrink
<LI><a href="#[1d6]">&gt;&gt;</a>&nbsp;&nbsp;&nbsp;mbedtls_mpi_grow
<LI><a href="#[1cc]">&gt;&gt;</a>&nbsp;&nbsp;&nbsp;mbedtls_mpi_copy
<LI><a href="#[237]">&gt;&gt;</a>&nbsp;&nbsp;&nbsp;mpi_montmul
<LI><a href="#[223]">&gt;&gt;</a>&nbsp;&nbsp;&nbsp;mbedtls_md5_clone
<LI><a href="#[27c]">&gt;&gt;</a>&nbsp;&nbsp;&nbsp;mbedtls_sha256_clone
<LI><a href="#[275]">&gt;&gt;</a>&nbsp;&nbsp;&nbsp;mbedtls_sha1_clone
<LI><a href="#[282]">&gt;&gt;</a>&nbsp;&nbsp;&nbsp;mbedtls_ssl_derive_keys
<LI><a href="#[261]">&gt;&gt;</a>&nbsp;&nbsp;&nbsp;mbedtls_rsa_deduce_primes
</UL>

<P><STRONG><a name="[2ad]"></a>__aeabi_memmove</STRONG> (Thumb, 0 bytes, Stack size 8 bytes, memmovea.o(.text))
<BR><BR>[Stack]<UL><LI>Max Depth = 8<LI>Call Chain = __aeabi_memmove
</UL>
<BR>[Called By]<UL><LI><a href="#[2ab]">&gt;&gt;</a>&nbsp;&nbsp;&nbsp;mbedtls_ssl_read_record_layer
</UL>

<P><STRONG><a name="[303]"></a>__aeabi_memmove4</STRONG> (Thumb, 0 bytes, Stack size 8 bytes, memmovea.o(.text), UNUSED)

<P><STRONG><a name="[304]"></a>__aeabi_memmove8</STRONG> (Thumb, 0 bytes, Stack size 8 bytes, memmovea.o(.text), UNUSED)

<P><STRONG><a name="[aa]"></a>__aeabi_memset</STRONG> (Thumb, 14 bytes, Stack size 0 bytes, memseta.o(.text))
<BR><BR>[Called By]<UL><LI><a href="#[22e]">&gt;&gt;</a>&nbsp;&nbsp;&nbsp;mbedtls_md_hmac_starts
<LI><a href="#[273]">&gt;&gt;</a>&nbsp;&nbsp;&nbsp;rsa_rsassa_pkcs1_v15_encode
<LI><a href="#[0]">&gt;&gt;</a>&nbsp;&nbsp;&nbsp;memset
<LI><a href="#[a9]">&gt;&gt;</a>&nbsp;&nbsp;&nbsp;__aeabi_memclr
</UL>

<P><STRONG><a name="[305]"></a>__aeabi_memset4</STRONG> (Thumb, 0 bytes, Stack size 0 bytes, memseta.o(.text), UNUSED)

<P><STRONG><a name="[306]"></a>__aeabi_memset8</STRONG> (Thumb, 0 bytes, Stack size 0 bytes, memseta.o(.text), UNUSED)

<P><STRONG><a name="[a9]"></a>__aeabi_memclr</STRONG> (Thumb, 4 bytes, Stack size 0 bytes, memseta.o(.text))
<BR><BR>[Calls]<UL><LI><a href="#[aa]">&gt;&gt;</a>&nbsp;&nbsp;&nbsp;__aeabi_memset
</UL>
<BR>[Called By]<UL><LI><a href="#[14e]">&gt;&gt;</a>&nbsp;&nbsp;&nbsp;Https_init
<LI><a href="#[141]">&gt;&gt;</a>&nbsp;&nbsp;&nbsp;Https_download
<LI><a href="#[59]">&gt;&gt;</a>&nbsp;&nbsp;&nbsp;main
<LI><a href="#[e4]">&gt;&gt;</a>&nbsp;&nbsp;&nbsp;GSM_Status_Check
<LI><a href="#[23e]">&gt;&gt;</a>&nbsp;&nbsp;&nbsp;mbedtls_mpi_write_binary
<LI><a href="#[63]">&gt;&gt;</a>&nbsp;&nbsp;&nbsp;mbedtls_net_recv
<LI><a href="#[1d0]">&gt;&gt;</a>&nbsp;&nbsp;&nbsp;ecp_comb_fixed
<LI><a href="#[24a]">&gt;&gt;</a>&nbsp;&nbsp;&nbsp;pem_get_iv
</UL>

<P><STRONG><a name="[e8]"></a>__aeabi_memclr4</STRONG> (Thumb, 0 bytes, Stack size 0 bytes, memseta.o(.text))
<BR><BR>[Called By]<UL><LI><a href="#[174]">&gt;&gt;</a>&nbsp;&nbsp;&nbsp;mbedtls_x509_crt_init
<LI><a href="#[172]">&gt;&gt;</a>&nbsp;&nbsp;&nbsp;mbedtls_ssl_init
<LI><a href="#[173]">&gt;&gt;</a>&nbsp;&nbsp;&nbsp;mbedtls_ssl_config_init
<LI><a href="#[176]">&gt;&gt;</a>&nbsp;&nbsp;&nbsp;mbedtls_entropy_init
<LI><a href="#[175]">&gt;&gt;</a>&nbsp;&nbsp;&nbsp;mbedtls_ctr_drbg_init
<LI><a href="#[14f]">&gt;&gt;</a>&nbsp;&nbsp;&nbsp;MX_MBEDTLS_Init
<LI><a href="#[16d]">&gt;&gt;</a>&nbsp;&nbsp;&nbsp;MQTT_sub_topic
<LI><a href="#[16b]">&gt;&gt;</a>&nbsp;&nbsp;&nbsp;MQTT_pub_attrib_topic
<LI><a href="#[16a]">&gt;&gt;</a>&nbsp;&nbsp;&nbsp;MQTT_pub_OTAinfo_topic
<LI><a href="#[169]">&gt;&gt;</a>&nbsp;&nbsp;&nbsp;MQTT_pub_OTAProg_topic
<LI><a href="#[168]">&gt;&gt;</a>&nbsp;&nbsp;&nbsp;MQTT_pub_NTP_topic
<LI><a href="#[15e]">&gt;&gt;</a>&nbsp;&nbsp;&nbsp;MQTT_Link
<LI><a href="#[141]">&gt;&gt;</a>&nbsp;&nbsp;&nbsp;Https_download
<LI><a href="#[59]">&gt;&gt;</a>&nbsp;&nbsp;&nbsp;main
<LI><a href="#[1f1]">&gt;&gt;</a>&nbsp;&nbsp;&nbsp;init_SIM
<LI><a href="#[1a3]">&gt;&gt;</a>&nbsp;&nbsp;&nbsp;SystemClock_Config
<LI><a href="#[13e]">&gt;&gt;</a>&nbsp;&nbsp;&nbsp;HAL_UART_RxCpltCallback
<LI><a href="#[12b]">&gt;&gt;</a>&nbsp;&nbsp;&nbsp;HAL_TIM_PeriodElapsedCallback
<LI><a href="#[e4]">&gt;&gt;</a>&nbsp;&nbsp;&nbsp;GSM_Status_Check
<LI><a href="#[177]">&gt;&gt;</a>&nbsp;&nbsp;&nbsp;MX_RTC_Init
<LI><a href="#[16e]">&gt;&gt;</a>&nbsp;&nbsp;&nbsp;MX_GPIO_Init
<LI><a href="#[20b]">&gt;&gt;</a>&nbsp;&nbsp;&nbsp;mbedtls_cipher_setup
<LI><a href="#[20a]">&gt;&gt;</a>&nbsp;&nbsp;&nbsp;mbedtls_cipher_init
<LI><a href="#[1e4]">&gt;&gt;</a>&nbsp;&nbsp;&nbsp;mbedtls_mpi_lset
<LI><a href="#[235]">&gt;&gt;</a>&nbsp;&nbsp;&nbsp;mbedtls_mpi_exp_mod
<LI><a href="#[1cc]">&gt;&gt;</a>&nbsp;&nbsp;&nbsp;mbedtls_mpi_copy
<LI><a href="#[237]">&gt;&gt;</a>&nbsp;&nbsp;&nbsp;mpi_montmul
<LI><a href="#[1b3]">&gt;&gt;</a>&nbsp;&nbsp;&nbsp;mbedtls_aes_init
<LI><a href="#[13a]">&gt;&gt;</a>&nbsp;&nbsp;&nbsp;HAL_UART_MspInit
<LI><a href="#[11b]">&gt;&gt;</a>&nbsp;&nbsp;&nbsp;HAL_SPI_MspInit
<LI><a href="#[fe]">&gt;&gt;</a>&nbsp;&nbsp;&nbsp;HAL_I2C_MspInit
<LI><a href="#[64]">&gt;&gt;</a>&nbsp;&nbsp;&nbsp;mbedtls_net_send
<LI><a href="#[228]">&gt;&gt;</a>&nbsp;&nbsp;&nbsp;mbedtls_md5_init
<LI><a href="#[61]">&gt;&gt;</a>&nbsp;&nbsp;&nbsp;mbedtls_entropy_func
<LI><a href="#[21f]">&gt;&gt;</a>&nbsp;&nbsp;&nbsp;mbedtls_sha256_init
<LI><a href="#[6a]">&gt;&gt;</a>&nbsp;&nbsp;&nbsp;ecp_mod_p384
<LI><a href="#[69]">&gt;&gt;</a>&nbsp;&nbsp;&nbsp;ecp_mod_p256
<LI><a href="#[212]">&gt;&gt;</a>&nbsp;&nbsp;&nbsp;mbedtls_ecp_group_init
<LI><a href="#[20f]">&gt;&gt;</a>&nbsp;&nbsp;&nbsp;mbedtls_ctr_drbg_seed_entropy_len
<LI><a href="#[20e]">&gt;&gt;</a>&nbsp;&nbsp;&nbsp;mbedtls_ctr_drbg_reseed
<LI><a href="#[20d]">&gt;&gt;</a>&nbsp;&nbsp;&nbsp;mbedtls_ctr_drbg_random_with_add
<LI><a href="#[1bb]">&gt;&gt;</a>&nbsp;&nbsp;&nbsp;ctr_drbg_update_internal
<LI><a href="#[1b8]">&gt;&gt;</a>&nbsp;&nbsp;&nbsp;block_cipher_df
<LI><a href="#[266]">&gt;&gt;</a>&nbsp;&nbsp;&nbsp;mbedtls_rsa_init
<LI><a href="#[279]">&gt;&gt;</a>&nbsp;&nbsp;&nbsp;mbedtls_sha1_init
<LI><a href="#[2a6]">&gt;&gt;</a>&nbsp;&nbsp;&nbsp;mbedtls_x509_crt_verify_with_profile
<LI><a href="#[2b1]">&gt;&gt;</a>&nbsp;&nbsp;&nbsp;mbedtls_ssl_session_init
<LI><a href="#[2d4]">&gt;&gt;</a>&nbsp;&nbsp;&nbsp;ssl_transform_init
<LI><a href="#[2d5]">&gt;&gt;</a>&nbsp;&nbsp;&nbsp;ssl_handshake_params_init
</UL>

<P><STRONG><a name="[307]"></a>__aeabi_memclr8</STRONG> (Thumb, 0 bytes, Stack size 0 bytes, memseta.o(.text), UNUSED)

<P><STRONG><a name="[0]"></a>memset</STRONG> (Thumb, 18 bytes, Stack size 8 bytes, memseta.o(.text))
<BR><BR>[Stack]<UL><LI>Max Depth = 8<LI>Call Chain = memset
</UL>
<BR>[Calls]<UL><LI><a href="#[aa]">&gt;&gt;</a>&nbsp;&nbsp;&nbsp;__aeabi_memset
</UL>
<BR>[Address Reference Count : 1]<UL><LI> platform_util.o(.data)
</UL>
<P><STRONG><a name="[e5]"></a>strstr</STRONG> (Thumb, 36 bytes, Stack size 12 bytes, strstr.o(.text))
<BR><BR>[Stack]<UL><LI>Max Depth = 12<LI>Call Chain = strstr
</UL>
<BR>[Called By]<UL><LI><a href="#[e4]">&gt;&gt;</a>&nbsp;&nbsp;&nbsp;GSM_Status_Check
<LI><a href="#[147]">&gt;&gt;</a>&nbsp;&nbsp;&nbsp;tcpc_httpc_dnld_on_data
<LI><a href="#[151]">&gt;&gt;</a>&nbsp;&nbsp;&nbsp;mbedtls_x509_crt_parse
<LI><a href="#[248]">&gt;&gt;</a>&nbsp;&nbsp;&nbsp;mbedtls_pem_read_buffer
</UL>

<P><STRONG><a name="[e6]"></a>strlen</STRONG> (Thumb, 14 bytes, Stack size 0 bytes, strlen.o(.text))
<BR><BR>[Called By]<UL><LI><a href="#[171]">&gt;&gt;</a>&nbsp;&nbsp;&nbsp;mbedtls_net_init
<LI><a href="#[1a0]">&gt;&gt;</a>&nbsp;&nbsp;&nbsp;Read_CQS
<LI><a href="#[16d]">&gt;&gt;</a>&nbsp;&nbsp;&nbsp;MQTT_sub_topic
<LI><a href="#[16b]">&gt;&gt;</a>&nbsp;&nbsp;&nbsp;MQTT_pub_attrib_topic
<LI><a href="#[16a]">&gt;&gt;</a>&nbsp;&nbsp;&nbsp;MQTT_pub_OTAinfo_topic
<LI><a href="#[169]">&gt;&gt;</a>&nbsp;&nbsp;&nbsp;MQTT_pub_OTAProg_topic
<LI><a href="#[168]">&gt;&gt;</a>&nbsp;&nbsp;&nbsp;MQTT_pub_NTP_topic
<LI><a href="#[15e]">&gt;&gt;</a>&nbsp;&nbsp;&nbsp;MQTT_Link
<LI><a href="#[14e]">&gt;&gt;</a>&nbsp;&nbsp;&nbsp;Https_init
<LI><a href="#[141]">&gt;&gt;</a>&nbsp;&nbsp;&nbsp;Https_download
<LI><a href="#[59]">&gt;&gt;</a>&nbsp;&nbsp;&nbsp;main
<LI><a href="#[1f1]">&gt;&gt;</a>&nbsp;&nbsp;&nbsp;init_SIM
<LI><a href="#[e4]">&gt;&gt;</a>&nbsp;&nbsp;&nbsp;GSM_Status_Check
<LI><a href="#[64]">&gt;&gt;</a>&nbsp;&nbsp;&nbsp;mbedtls_net_send
<LI><a href="#[148]">&gt;&gt;</a>&nbsp;&nbsp;&nbsp;mbedtls_net_free
<LI><a href="#[152]">&gt;&gt;</a>&nbsp;&nbsp;&nbsp;mbedtls_net_connect
<LI><a href="#[158]">&gt;&gt;</a>&nbsp;&nbsp;&nbsp;mbedtls_ssl_set_hostname
<LI><a href="#[14a]">&gt;&gt;</a>&nbsp;&nbsp;&nbsp;mbedtls_ssl_free
<LI><a href="#[142]">&gt;&gt;</a>&nbsp;&nbsp;&nbsp;url_config
<LI><a href="#[248]">&gt;&gt;</a>&nbsp;&nbsp;&nbsp;mbedtls_pem_read_buffer
<LI><a href="#[2b9]">&gt;&gt;</a>&nbsp;&nbsp;&nbsp;x509_crt_verify_name
<LI><a href="#[2e2]">&gt;&gt;</a>&nbsp;&nbsp;&nbsp;x509_check_wildcard
<LI><a href="#[2e1]">&gt;&gt;</a>&nbsp;&nbsp;&nbsp;tls_prf_generic
</UL>

<P><STRONG><a name="[249]"></a>memcmp</STRONG> (Thumb, 26 bytes, Stack size 12 bytes, memcmp.o(.text))
<BR><BR>[Stack]<UL><LI>Max Depth = 12<LI>Call Chain = memcmp
</UL>
<BR>[Called By]<UL><LI><a href="#[147]">&gt;&gt;</a>&nbsp;&nbsp;&nbsp;tcpc_httpc_dnld_on_data
<LI><a href="#[248]">&gt;&gt;</a>&nbsp;&nbsp;&nbsp;mbedtls_pem_read_buffer
<LI><a href="#[246]">&gt;&gt;</a>&nbsp;&nbsp;&nbsp;oid_x509_ext_from_asn1
<LI><a href="#[244]">&gt;&gt;</a>&nbsp;&nbsp;&nbsp;oid_sig_alg_from_asn1
<LI><a href="#[242]">&gt;&gt;</a>&nbsp;&nbsp;&nbsp;oid_pk_alg_from_asn1
<LI><a href="#[240]">&gt;&gt;</a>&nbsp;&nbsp;&nbsp;oid_grp_id_from_asn1
<LI><a href="#[295]">&gt;&gt;</a>&nbsp;&nbsp;&nbsp;ssl_parse_server_hello
<LI><a href="#[2f8]">&gt;&gt;</a>&nbsp;&nbsp;&nbsp;x509_string_cmp
<LI><a href="#[2e6]">&gt;&gt;</a>&nbsp;&nbsp;&nbsp;x509_name_cmp
<LI><a href="#[2b9]">&gt;&gt;</a>&nbsp;&nbsp;&nbsp;x509_crt_verify_name
<LI><a href="#[2b8]">&gt;&gt;</a>&nbsp;&nbsp;&nbsp;x509_crt_parse_der_core
<LI><a href="#[2e5]">&gt;&gt;</a>&nbsp;&nbsp;&nbsp;x509_crt_check_ee_locally_trusted
</UL>

<P><STRONG><a name="[ab]"></a>calloc</STRONG> (Thumb, 28 bytes, Stack size 8 bytes, calloc.o(.text))
<BR><BR>[Stack]<UL><LI>Max Depth = 28<LI>Call Chain = calloc &rArr; malloc
</UL>
<BR>[Calls]<UL><LI><a href="#[ac]">&gt;&gt;</a>&nbsp;&nbsp;&nbsp;malloc
</UL>
<BR>[Called By]<UL><LI><a href="#[75]">&gt;&gt;</a>&nbsp;&nbsp;&nbsp;aes_ctx_alloc
<LI><a href="#[1e8]">&gt;&gt;</a>&nbsp;&nbsp;&nbsp;mbedtls_mpi_shrink
<LI><a href="#[1d6]">&gt;&gt;</a>&nbsp;&nbsp;&nbsp;mbedtls_mpi_grow
<LI><a href="#[202]">&gt;&gt;</a>&nbsp;&nbsp;&nbsp;mbedtls_asn1_get_sequence_of
<LI><a href="#[147]">&gt;&gt;</a>&nbsp;&nbsp;&nbsp;tcpc_httpc_dnld_on_data
<LI><a href="#[157]">&gt;&gt;</a>&nbsp;&nbsp;&nbsp;mbedtls_ssl_setup
<LI><a href="#[158]">&gt;&gt;</a>&nbsp;&nbsp;&nbsp;mbedtls_ssl_set_hostname
<LI><a href="#[22f]">&gt;&gt;</a>&nbsp;&nbsp;&nbsp;mbedtls_md_setup
<LI><a href="#[1e7]">&gt;&gt;</a>&nbsp;&nbsp;&nbsp;ecp_normalize_jac_many
<LI><a href="#[1db]">&gt;&gt;</a>&nbsp;&nbsp;&nbsp;ecp_mul_comb
<LI><a href="#[98]">&gt;&gt;</a>&nbsp;&nbsp;&nbsp;rsa_alloc_wrap
<LI><a href="#[9e]">&gt;&gt;</a>&nbsp;&nbsp;&nbsp;eckey_alloc_wrap
<LI><a href="#[248]">&gt;&gt;</a>&nbsp;&nbsp;&nbsp;mbedtls_pem_read_buffer
<LI><a href="#[8b]">&gt;&gt;</a>&nbsp;&nbsp;&nbsp;sha224_ctx_alloc
<LI><a href="#[83]">&gt;&gt;</a>&nbsp;&nbsp;&nbsp;sha1_ctx_alloc
<LI><a href="#[7b]">&gt;&gt;</a>&nbsp;&nbsp;&nbsp;md5_ctx_alloc
<LI><a href="#[296]">&gt;&gt;</a>&nbsp;&nbsp;&nbsp;mbedtls_ssl_parse_certificate
<LI><a href="#[26f]">&gt;&gt;</a>&nbsp;&nbsp;&nbsp;mbedtls_rsa_rsassa_pkcs1_v15_verify
<LI><a href="#[26d]">&gt;&gt;</a>&nbsp;&nbsp;&nbsp;mbedtls_rsa_rsassa_pkcs1_v15_sign
<LI><a href="#[2f6]">&gt;&gt;</a>&nbsp;&nbsp;&nbsp;x509_get_subject_alt_name
<LI><a href="#[2b8]">&gt;&gt;</a>&nbsp;&nbsp;&nbsp;x509_crt_parse_der_core
<LI><a href="#[2c1]">&gt;&gt;</a>&nbsp;&nbsp;&nbsp;mbedtls_x509_get_name
<LI><a href="#[2a5]">&gt;&gt;</a>&nbsp;&nbsp;&nbsp;mbedtls_x509_crt_parse_der
<LI><a href="#[2b2]">&gt;&gt;</a>&nbsp;&nbsp;&nbsp;ssl_handshake_init
</UL>

<P><STRONG><a name="[ad]"></a>__0sscanf</STRONG> (Thumb, 48 bytes, Stack size 72 bytes, __0sscanf.o(.text))
<BR><BR>[Stack]<UL><LI>Max Depth = 264<LI>Call Chain = __0sscanf &rArr; __vfscanf_char &rArr; __vfscanf &rArr; _scanf_real
</UL>
<BR>[Calls]<UL><LI><a href="#[ae]">&gt;&gt;</a>&nbsp;&nbsp;&nbsp;__vfscanf_char
</UL>
<BR>[Called By]<UL><LI><a href="#[e4]">&gt;&gt;</a>&nbsp;&nbsp;&nbsp;GSM_Status_Check
</UL>

<P><STRONG><a name="[af]"></a>_scanf_int</STRONG> (Thumb, 332 bytes, Stack size 56 bytes, _scanf_int.o(.text))
<BR><BR>[Stack]<UL><LI>Max Depth = 56<LI>Call Chain = _scanf_int
</UL>
<BR>[Calls]<UL><LI><a href="#[b0]">&gt;&gt;</a>&nbsp;&nbsp;&nbsp;_chval
</UL>
<BR>[Called By]<UL><LI><a href="#[c0]">&gt;&gt;</a>&nbsp;&nbsp;&nbsp;__vfscanf
</UL>

<P><STRONG><a name="[c8]"></a>_scanf_string</STRONG> (Thumb, 224 bytes, Stack size 56 bytes, _scanf_str.o(.text))
<BR><BR>[Stack]<UL><LI>Max Depth = 56<LI>Call Chain = _scanf_string
</UL>
<BR>[Called By]<UL><LI><a href="#[c0]">&gt;&gt;</a>&nbsp;&nbsp;&nbsp;__vfscanf
</UL>

<P><STRONG><a name="[b1]"></a>atoi</STRONG> (Thumb, 26 bytes, Stack size 16 bytes, atoi.o(.text))
<BR><BR>[Stack]<UL><LI>Max Depth = 88<LI>Call Chain = atoi &rArr; strtol &rArr; _strtoul
</UL>
<BR>[Calls]<UL><LI><a href="#[b3]">&gt;&gt;</a>&nbsp;&nbsp;&nbsp;strtol
<LI><a href="#[b2]">&gt;&gt;</a>&nbsp;&nbsp;&nbsp;__aeabi_errno_addr
</UL>
<BR>[Called By]<UL><LI><a href="#[e4]">&gt;&gt;</a>&nbsp;&nbsp;&nbsp;GSM_Status_Check
<LI><a href="#[147]">&gt;&gt;</a>&nbsp;&nbsp;&nbsp;tcpc_httpc_dnld_on_data
</UL>

<P><STRONG><a name="[b4]"></a>atol</STRONG> (Thumb, 26 bytes, Stack size 16 bytes, atol.o(.text))
<BR><BR>[Stack]<UL><LI>Max Depth = 88<LI>Call Chain = atol &rArr; strtol &rArr; _strtoul
</UL>
<BR>[Calls]<UL><LI><a href="#[b3]">&gt;&gt;</a>&nbsp;&nbsp;&nbsp;strtol
<LI><a href="#[b2]">&gt;&gt;</a>&nbsp;&nbsp;&nbsp;__aeabi_errno_addr
</UL>
<BR>[Called By]<UL><LI><a href="#[e4]">&gt;&gt;</a>&nbsp;&nbsp;&nbsp;GSM_Status_Check
</UL>

<P><STRONG><a name="[b5]"></a>__aeabi_dadd</STRONG> (Thumb, 322 bytes, Stack size 48 bytes, dadd.o(.text))
<BR><BR>[Stack]<UL><LI>Max Depth = 88<LI>Call Chain = __aeabi_dadd &rArr; _double_epilogue &rArr; _double_round
</UL>
<BR>[Calls]<UL><LI><a href="#[b8]">&gt;&gt;</a>&nbsp;&nbsp;&nbsp;_double_round
<LI><a href="#[b7]">&gt;&gt;</a>&nbsp;&nbsp;&nbsp;_double_epilogue
<LI><a href="#[b6]">&gt;&gt;</a>&nbsp;&nbsp;&nbsp;__aeabi_lasr
<LI><a href="#[a6]">&gt;&gt;</a>&nbsp;&nbsp;&nbsp;__aeabi_llsl
</UL>
<BR>[Called By]<UL><LI><a href="#[b9]">&gt;&gt;</a>&nbsp;&nbsp;&nbsp;__aeabi_dsub
<LI><a href="#[ba]">&gt;&gt;</a>&nbsp;&nbsp;&nbsp;__aeabi_drsub
<LI><a href="#[1ac]">&gt;&gt;</a>&nbsp;&nbsp;&nbsp;_fp_digits
</UL>

<P><STRONG><a name="[b9]"></a>__aeabi_dsub</STRONG> (Thumb, 6 bytes, Stack size 0 bytes, dadd.o(.text))
<BR><BR>[Stack]<UL><LI>Max Depth = 88<LI>Call Chain = __aeabi_dsub &rArr; __aeabi_dadd &rArr; _double_epilogue &rArr; _double_round
</UL>
<BR>[Calls]<UL><LI><a href="#[b5]">&gt;&gt;</a>&nbsp;&nbsp;&nbsp;__aeabi_dadd
</UL>
<BR>[Called By]<UL><LI><a href="#[59]">&gt;&gt;</a>&nbsp;&nbsp;&nbsp;main
</UL>

<P><STRONG><a name="[ba]"></a>__aeabi_drsub</STRONG> (Thumb, 6 bytes, Stack size 0 bytes, dadd.o(.text), UNUSED)
<BR><BR>[Calls]<UL><LI><a href="#[b5]">&gt;&gt;</a>&nbsp;&nbsp;&nbsp;__aeabi_dadd
</UL>

<P><STRONG><a name="[bb]"></a>__aeabi_dmul</STRONG> (Thumb, 228 bytes, Stack size 48 bytes, dmul.o(.text))
<BR><BR>[Stack]<UL><LI>Max Depth = 88<LI>Call Chain = __aeabi_dmul &rArr; _double_epilogue &rArr; _double_round
</UL>
<BR>[Calls]<UL><LI><a href="#[b7]">&gt;&gt;</a>&nbsp;&nbsp;&nbsp;_double_epilogue
</UL>
<BR>[Called By]<UL><LI><a href="#[e4]">&gt;&gt;</a>&nbsp;&nbsp;&nbsp;GSM_Status_Check
<LI><a href="#[1ac]">&gt;&gt;</a>&nbsp;&nbsp;&nbsp;_fp_digits
<LI><a href="#[c9]">&gt;&gt;</a>&nbsp;&nbsp;&nbsp;_fp_value
</UL>

<P><STRONG><a name="[bc]"></a>__aeabi_ddiv</STRONG> (Thumb, 222 bytes, Stack size 32 bytes, ddiv.o(.text))
<BR><BR>[Stack]<UL><LI>Max Depth = 40<LI>Call Chain = __aeabi_ddiv &rArr; _double_round
</UL>
<BR>[Calls]<UL><LI><a href="#[b8]">&gt;&gt;</a>&nbsp;&nbsp;&nbsp;_double_round
</UL>
<BR>[Called By]<UL><LI><a href="#[e4]">&gt;&gt;</a>&nbsp;&nbsp;&nbsp;GSM_Status_Check
<LI><a href="#[1ac]">&gt;&gt;</a>&nbsp;&nbsp;&nbsp;_fp_digits
<LI><a href="#[c9]">&gt;&gt;</a>&nbsp;&nbsp;&nbsp;_fp_value
</UL>

<P><STRONG><a name="[eb]"></a>__aeabi_f2d</STRONG> (Thumb, 38 bytes, Stack size 0 bytes, f2d.o(.text))
<BR><BR>[Called By]<UL><LI><a href="#[59]">&gt;&gt;</a>&nbsp;&nbsp;&nbsp;main
<LI><a href="#[e4]">&gt;&gt;</a>&nbsp;&nbsp;&nbsp;GSM_Status_Check
</UL>

<P><STRONG><a name="[308]"></a>__aeabi_cdcmpeq</STRONG> (Thumb, 0 bytes, Stack size 0 bytes, cdcmple.o(.text), UNUSED)

<P><STRONG><a name="[1f3]"></a>__aeabi_cdcmple</STRONG> (Thumb, 48 bytes, Stack size 0 bytes, cdcmple.o(.text))
<BR><BR>[Called By]<UL><LI><a href="#[59]">&gt;&gt;</a>&nbsp;&nbsp;&nbsp;main
</UL>

<P><STRONG><a name="[bd]"></a>__aeabi_d2f</STRONG> (Thumb, 56 bytes, Stack size 8 bytes, d2f.o(.text))
<BR><BR>[Stack]<UL><LI>Max Depth = 8<LI>Call Chain = __aeabi_d2f
</UL>
<BR>[Calls]<UL><LI><a href="#[be]">&gt;&gt;</a>&nbsp;&nbsp;&nbsp;_float_round
</UL>
<BR>[Called By]<UL><LI><a href="#[e4]">&gt;&gt;</a>&nbsp;&nbsp;&nbsp;GSM_Status_Check
<LI><a href="#[cb]">&gt;&gt;</a>&nbsp;&nbsp;&nbsp;_scanf_really_real
</UL>

<P><STRONG><a name="[309]"></a>__aeabi_uidiv</STRONG> (Thumb, 0 bytes, Stack size 12 bytes, uidiv.o(.text), UNUSED)

<P><STRONG><a name="[1b0]"></a>__aeabi_uidivmod</STRONG> (Thumb, 44 bytes, Stack size 12 bytes, uidiv.o(.text), UNUSED)
<BR><BR>[Called By]<UL><LI><a href="#[1a7]">&gt;&gt;</a>&nbsp;&nbsp;&nbsp;_printf_core
</UL>

<P><STRONG><a name="[a6]"></a>__aeabi_llsl</STRONG> (Thumb, 30 bytes, Stack size 0 bytes, llshl.o(.text))
<BR><BR>[Called By]<UL><LI><a href="#[b7]">&gt;&gt;</a>&nbsp;&nbsp;&nbsp;_double_epilogue
<LI><a href="#[b5]">&gt;&gt;</a>&nbsp;&nbsp;&nbsp;__aeabi_dadd
<LI><a href="#[c6]">&gt;&gt;</a>&nbsp;&nbsp;&nbsp;__aeabi_d2ulz
<LI><a href="#[a4]">&gt;&gt;</a>&nbsp;&nbsp;&nbsp;__aeabi_uldivmod
</UL>

<P><STRONG><a name="[30a]"></a>_ll_shift_l</STRONG> (Thumb, 0 bytes, Stack size 0 bytes, llshl.o(.text), UNUSED)

<P><STRONG><a name="[a5]"></a>__aeabi_llsr</STRONG> (Thumb, 32 bytes, Stack size 0 bytes, llushr.o(.text))
<BR><BR>[Called By]<UL><LI><a href="#[b7]">&gt;&gt;</a>&nbsp;&nbsp;&nbsp;_double_epilogue
<LI><a href="#[c6]">&gt;&gt;</a>&nbsp;&nbsp;&nbsp;__aeabi_d2ulz
<LI><a href="#[a4]">&gt;&gt;</a>&nbsp;&nbsp;&nbsp;__aeabi_uldivmod
</UL>

<P><STRONG><a name="[30b]"></a>_ll_ushift_r</STRONG> (Thumb, 0 bytes, Stack size 0 bytes, llushr.o(.text), UNUSED)

<P><STRONG><a name="[b6]"></a>__aeabi_lasr</STRONG> (Thumb, 36 bytes, Stack size 0 bytes, llsshr.o(.text))
<BR><BR>[Called By]<UL><LI><a href="#[b5]">&gt;&gt;</a>&nbsp;&nbsp;&nbsp;__aeabi_dadd
</UL>

<P><STRONG><a name="[30c]"></a>_ll_sshift_r</STRONG> (Thumb, 0 bytes, Stack size 0 bytes, llsshr.o(.text), UNUSED)

<P><STRONG><a name="[bf]"></a>localtime</STRONG> (Thumb, 6 bytes, Stack size 0 bytes, localtime_w.o(.text))
<BR><BR>[Stack]<UL><LI>Max Depth = 8<LI>Call Chain = localtime &rArr; _localtime
</UL>
<BR>[Calls]<UL><LI><a href="#[a8]">&gt;&gt;</a>&nbsp;&nbsp;&nbsp;_localtime
</UL>
<BR>[Called By]<UL><LI><a href="#[e4]">&gt;&gt;</a>&nbsp;&nbsp;&nbsp;GSM_Status_Check
</UL>

<P><STRONG><a name="[a8]"></a>_localtime</STRONG> (Thumb, 134 bytes, Stack size 8 bytes, localtime_i.o(.text))
<BR><BR>[Stack]<UL><LI>Max Depth = 8<LI>Call Chain = _localtime
</UL>
<BR>[Called By]<UL><LI><a href="#[a7]">&gt;&gt;</a>&nbsp;&nbsp;&nbsp;mktime
<LI><a href="#[bf]">&gt;&gt;</a>&nbsp;&nbsp;&nbsp;localtime
</UL>

<P><STRONG><a name="[b0]"></a>_chval</STRONG> (Thumb, 28 bytes, Stack size 0 bytes, _chval.o(.text))
<BR><BR>[Called By]<UL><LI><a href="#[af]">&gt;&gt;</a>&nbsp;&nbsp;&nbsp;_scanf_int
<LI><a href="#[c5]">&gt;&gt;</a>&nbsp;&nbsp;&nbsp;_strtoul
</UL>

<P><STRONG><a name="[ae]"></a>__vfscanf_char</STRONG> (Thumb, 20 bytes, Stack size 0 bytes, scanf_char.o(.text))
<BR><BR>[Stack]<UL><LI>Max Depth = 192<LI>Call Chain = __vfscanf_char &rArr; __vfscanf &rArr; _scanf_real
</UL>
<BR>[Calls]<UL><LI><a href="#[c0]">&gt;&gt;</a>&nbsp;&nbsp;&nbsp;__vfscanf
</UL>
<BR>[Called By]<UL><LI><a href="#[ad]">&gt;&gt;</a>&nbsp;&nbsp;&nbsp;__0sscanf
</UL>

<P><STRONG><a name="[5c]"></a>_sgetc</STRONG> (Thumb, 30 bytes, Stack size 0 bytes, _sgetc.o(.text))
<BR>[Address Reference Count : 2]<UL><LI> __0sscanf.o(.text)
<LI> strtod.o(.text)
</UL>
<P><STRONG><a name="[5d]"></a>_sbackspace</STRONG> (Thumb, 34 bytes, Stack size 0 bytes, _sgetc.o(.text))
<BR>[Address Reference Count : 2]<UL><LI> __0sscanf.o(.text)
<LI> strtod.o(.text)
</UL>
<P><STRONG><a name="[c3]"></a>__strtod_int</STRONG> (Thumb, 90 bytes, Stack size 40 bytes, strtod.o(.text))
<BR><BR>[Stack]<UL><LI>Max Depth = 200<LI>Call Chain = __strtod_int &rArr; _local_sscanf &rArr; _scanf_real
</UL>
<BR>[Calls]<UL><LI><a href="#[c1]">&gt;&gt;</a>&nbsp;&nbsp;&nbsp;_local_sscanf
</UL>
<BR>[Called By]<UL><LI><a href="#[ea]">&gt;&gt;</a>&nbsp;&nbsp;&nbsp;__hardfp_atof
</UL>

<P><STRONG><a name="[b3]"></a>strtol</STRONG> (Thumb, 112 bytes, Stack size 32 bytes, strtol.o(.text))
<BR><BR>[Stack]<UL><LI>Max Depth = 72<LI>Call Chain = strtol &rArr; _strtoul
</UL>
<BR>[Calls]<UL><LI><a href="#[c5]">&gt;&gt;</a>&nbsp;&nbsp;&nbsp;_strtoul
<LI><a href="#[c4]">&gt;&gt;</a>&nbsp;&nbsp;&nbsp;__rt_ctype_table
<LI><a href="#[b2]">&gt;&gt;</a>&nbsp;&nbsp;&nbsp;__aeabi_errno_addr
</UL>
<BR>[Called By]<UL><LI><a href="#[b4]">&gt;&gt;</a>&nbsp;&nbsp;&nbsp;atol
<LI><a href="#[b1]">&gt;&gt;</a>&nbsp;&nbsp;&nbsp;atoi
</UL>

<P><STRONG><a name="[30d]"></a>__I$use$fp</STRONG> (Thumb, 0 bytes, Stack size 0 bytes, iusefp.o(.text), UNUSED)

<P><STRONG><a name="[be]"></a>_float_round</STRONG> (Thumb, 18 bytes, Stack size 0 bytes, fepilogue.o(.text))
<BR><BR>[Called By]<UL><LI><a href="#[bd]">&gt;&gt;</a>&nbsp;&nbsp;&nbsp;__aeabi_d2f
</UL>

<P><STRONG><a name="[30e]"></a>_float_epilogue</STRONG> (Thumb, 92 bytes, Stack size 4 bytes, fepilogue.o(.text), UNUSED)

<P><STRONG><a name="[b8]"></a>_double_round</STRONG> (Thumb, 30 bytes, Stack size 8 bytes, depilogue.o(.text))
<BR><BR>[Stack]<UL><LI>Max Depth = 8<LI>Call Chain = _double_round
</UL>
<BR>[Called By]<UL><LI><a href="#[bc]">&gt;&gt;</a>&nbsp;&nbsp;&nbsp;__aeabi_ddiv
<LI><a href="#[b7]">&gt;&gt;</a>&nbsp;&nbsp;&nbsp;_double_epilogue
<LI><a href="#[b5]">&gt;&gt;</a>&nbsp;&nbsp;&nbsp;__aeabi_dadd
</UL>

<P><STRONG><a name="[b7]"></a>_double_epilogue</STRONG> (Thumb, 156 bytes, Stack size 32 bytes, depilogue.o(.text))
<BR><BR>[Stack]<UL><LI>Max Depth = 40<LI>Call Chain = _double_epilogue &rArr; _double_round
</UL>
<BR>[Calls]<UL><LI><a href="#[b8]">&gt;&gt;</a>&nbsp;&nbsp;&nbsp;_double_round
<LI><a href="#[a5]">&gt;&gt;</a>&nbsp;&nbsp;&nbsp;__aeabi_llsr
<LI><a href="#[a6]">&gt;&gt;</a>&nbsp;&nbsp;&nbsp;__aeabi_llsl
</UL>
<BR>[Called By]<UL><LI><a href="#[bb]">&gt;&gt;</a>&nbsp;&nbsp;&nbsp;__aeabi_dmul
<LI><a href="#[b5]">&gt;&gt;</a>&nbsp;&nbsp;&nbsp;__aeabi_dadd
<LI><a href="#[ca]">&gt;&gt;</a>&nbsp;&nbsp;&nbsp;__aeabi_ul2d
</UL>

<P><STRONG><a name="[c6]"></a>__aeabi_d2ulz</STRONG> (Thumb, 48 bytes, Stack size 0 bytes, dfixul.o(.text), UNUSED)
<BR><BR>[Calls]<UL><LI><a href="#[a5]">&gt;&gt;</a>&nbsp;&nbsp;&nbsp;__aeabi_llsr
<LI><a href="#[a6]">&gt;&gt;</a>&nbsp;&nbsp;&nbsp;__aeabi_llsl
</UL>
<BR>[Called By]<UL><LI><a href="#[1ac]">&gt;&gt;</a>&nbsp;&nbsp;&nbsp;_fp_digits
</UL>

<P><STRONG><a name="[1ad]"></a>__aeabi_cdrcmple</STRONG> (Thumb, 48 bytes, Stack size 0 bytes, cdrcmple.o(.text), UNUSED)
<BR><BR>[Called By]<UL><LI><a href="#[1ac]">&gt;&gt;</a>&nbsp;&nbsp;&nbsp;_fp_digits
</UL>

<P><STRONG><a name="[a3]"></a>__scatterload</STRONG> (Thumb, 28 bytes, Stack size 0 bytes, init.o(.text))
<BR><BR>[Calls]<UL><LI><a href="#[c7]">&gt;&gt;</a>&nbsp;&nbsp;&nbsp;__main_after_scatterload
</UL>
<BR>[Called By]<UL><LI><a href="#[a2]">&gt;&gt;</a>&nbsp;&nbsp;&nbsp;_main_scatterload
</UL>

<P><STRONG><a name="[30f]"></a>__scatterload_rt2</STRONG> (Thumb, 0 bytes, Stack size 0 bytes, init.o(.text), UNUSED)

<P><STRONG><a name="[c4]"></a>__rt_ctype_table</STRONG> (Thumb, 4 bytes, Stack size 0 bytes, ctype_o.o(.text))
<BR><BR>[Called By]<UL><LI><a href="#[5f]">&gt;&gt;</a>&nbsp;&nbsp;&nbsp;isspace
<LI><a href="#[b3]">&gt;&gt;</a>&nbsp;&nbsp;&nbsp;strtol
</UL>

<P><STRONG><a name="[5f]"></a>isspace</STRONG> (Thumb, 18 bytes, Stack size 8 bytes, isspace_o.o(.text))
<BR><BR>[Stack]<UL><LI>Max Depth = 8<LI>Call Chain = isspace
</UL>
<BR>[Calls]<UL><LI><a href="#[c4]">&gt;&gt;</a>&nbsp;&nbsp;&nbsp;__rt_ctype_table
</UL>
<BR>[Address Reference Count : 2]<UL><LI> scanf_char.o(.text)
<LI> strtod.o(.text)
</UL>
<P><STRONG><a name="[c0]"></a>__vfscanf</STRONG> (Thumb, 808 bytes, Stack size 88 bytes, _scanf.o(.text))
<BR><BR>[Stack]<UL><LI>Max Depth = 192<LI>Call Chain = __vfscanf &rArr; _scanf_real
</UL>
<BR>[Calls]<UL><LI><a href="#[c8]">&gt;&gt;</a>&nbsp;&nbsp;&nbsp;_scanf_string
<LI><a href="#[af]">&gt;&gt;</a>&nbsp;&nbsp;&nbsp;_scanf_int
<LI><a href="#[c2]">&gt;&gt;</a>&nbsp;&nbsp;&nbsp;_scanf_real
</UL>
<BR>[Called By]<UL><LI><a href="#[ae]">&gt;&gt;</a>&nbsp;&nbsp;&nbsp;__vfscanf_char
</UL>

<P><STRONG><a name="[c2]"></a>_scanf_real</STRONG> (Thumb, 0 bytes, Stack size 104 bytes, scanf_fp.o(.text))
<BR><BR>[Stack]<UL><LI>Max Depth = 104<LI>Call Chain = _scanf_real
</UL>
<BR>[Called By]<UL><LI><a href="#[c0]">&gt;&gt;</a>&nbsp;&nbsp;&nbsp;__vfscanf
<LI><a href="#[c1]">&gt;&gt;</a>&nbsp;&nbsp;&nbsp;_local_sscanf
</UL>

<P><STRONG><a name="[cb]"></a>_scanf_really_real</STRONG> (Thumb, 556 bytes, Stack size 104 bytes, scanf_fp.o(.text), UNUSED)
<BR><BR>[Calls]<UL><LI><a href="#[bd]">&gt;&gt;</a>&nbsp;&nbsp;&nbsp;__aeabi_d2f
<LI><a href="#[cc]">&gt;&gt;</a>&nbsp;&nbsp;&nbsp;_is_digit
<LI><a href="#[c9]">&gt;&gt;</a>&nbsp;&nbsp;&nbsp;_fp_value
</UL>

<P><STRONG><a name="[c5]"></a>_strtoul</STRONG> (Thumb, 158 bytes, Stack size 40 bytes, _strtoul.o(.text))
<BR><BR>[Stack]<UL><LI>Max Depth = 40<LI>Call Chain = _strtoul
</UL>
<BR>[Calls]<UL><LI><a href="#[b0]">&gt;&gt;</a>&nbsp;&nbsp;&nbsp;_chval
<LI><a href="#[b2]">&gt;&gt;</a>&nbsp;&nbsp;&nbsp;__aeabi_errno_addr
</UL>
<BR>[Called By]<UL><LI><a href="#[b3]">&gt;&gt;</a>&nbsp;&nbsp;&nbsp;strtol
</UL>

<P><STRONG><a name="[ca]"></a>__aeabi_ul2d</STRONG> (Thumb, 24 bytes, Stack size 16 bytes, dfltul.o(.text), UNUSED)
<BR><BR>[Calls]<UL><LI><a href="#[b7]">&gt;&gt;</a>&nbsp;&nbsp;&nbsp;_double_epilogue
</UL>
<BR>[Called By]<UL><LI><a href="#[c9]">&gt;&gt;</a>&nbsp;&nbsp;&nbsp;_fp_value
</UL>

<P><STRONG><a name="[310]"></a>__decompress</STRONG> (Thumb, 0 bytes, Stack size unknown bytes, __dczerorl2.o(.text), UNUSED)

<P><STRONG><a name="[311]"></a>__decompress1</STRONG> (Thumb, 86 bytes, Stack size unknown bytes, __dczerorl2.o(.text), UNUSED)

<P><STRONG><a name="[1d]"></a>ADC_IRQHandler</STRONG> (Thumb, 10 bytes, Stack size 8 bytes, stm32f4xx_it.o(i.ADC_IRQHandler))
<BR><BR>[Stack]<UL><LI>Max Depth = 24<LI>Call Chain = ADC_IRQHandler &rArr; HAL_ADC_IRQHandler
</UL>
<BR>[Calls]<UL><LI><a href="#[cd]">&gt;&gt;</a>&nbsp;&nbsp;&nbsp;HAL_ADC_IRQHandler
</UL>
<BR>[Address Reference Count : 1]<UL><LI> startup_stm32f407xx.o(RESET)
</UL>
<P><STRONG><a name="[ce]"></a>BSP_W25Qx_Erase_APP_Block</STRONG> (Thumb, 156 bytes, Stack size 24 bytes, w25qxx.o(i.BSP_W25Qx_Erase_APP_Block))
<BR><BR>[Stack]<UL><LI>Max Depth = 192<LI>Call Chain = BSP_W25Qx_Erase_APP_Block &rArr; BSP_W25Qx_WriteEnable &rArr; BSP_W25Qx_GetStatus &rArr; HAL_SPI_Receive &rArr; HAL_SPI_TransmitReceive &rArr; SPI_EndRxTxTransaction &rArr; SPI_WaitFlagStateUntilTimeout
</UL>
<BR>[Calls]<UL><LI><a href="#[d1]">&gt;&gt;</a>&nbsp;&nbsp;&nbsp;HAL_GPIO_WritePin
<LI><a href="#[d5]">&gt;&gt;</a>&nbsp;&nbsp;&nbsp;HAL_Delay
<LI><a href="#[d2]">&gt;&gt;</a>&nbsp;&nbsp;&nbsp;HAL_SPI_Transmit
<LI><a href="#[cf]">&gt;&gt;</a>&nbsp;&nbsp;&nbsp;HAL_GetTick
<LI><a href="#[d0]">&gt;&gt;</a>&nbsp;&nbsp;&nbsp;BSP_W25Qx_WriteEnable
<LI><a href="#[d4]">&gt;&gt;</a>&nbsp;&nbsp;&nbsp;BSP_W25Qx_GetStatus
<LI><a href="#[d3]">&gt;&gt;</a>&nbsp;&nbsp;&nbsp;__2printf
</UL>
<BR>[Called By]<UL><LI><a href="#[59]">&gt;&gt;</a>&nbsp;&nbsp;&nbsp;main
</UL>

<P><STRONG><a name="[d7]"></a>BSP_W25Qx_Init</STRONG> (Thumb, 12 bytes, Stack size 8 bytes, w25qxx.o(i.BSP_W25Qx_Init))
<BR><BR>[Stack]<UL><LI>Max Depth = 160<LI>Call Chain = BSP_W25Qx_Init &rArr; BSP_W25Qx_GetStatus &rArr; HAL_SPI_Receive &rArr; HAL_SPI_TransmitReceive &rArr; SPI_EndRxTxTransaction &rArr; SPI_WaitFlagStateUntilTimeout
</UL>
<BR>[Calls]<UL><LI><a href="#[d8]">&gt;&gt;</a>&nbsp;&nbsp;&nbsp;BSP_W25Qx_Reset
<LI><a href="#[d4]">&gt;&gt;</a>&nbsp;&nbsp;&nbsp;BSP_W25Qx_GetStatus
</UL>
<BR>[Called By]<UL><LI><a href="#[59]">&gt;&gt;</a>&nbsp;&nbsp;&nbsp;main
</UL>

<P><STRONG><a name="[d9]"></a>BSP_W25Qx_Read</STRONG> (Thumb, 90 bytes, Stack size 24 bytes, w25qxx.o(i.BSP_W25Qx_Read))
<BR><BR>[Stack]<UL><LI>Max Depth = 160<LI>Call Chain = BSP_W25Qx_Read &rArr; HAL_SPI_Receive &rArr; HAL_SPI_TransmitReceive &rArr; SPI_EndRxTxTransaction &rArr; SPI_WaitFlagStateUntilTimeout
</UL>
<BR>[Calls]<UL><LI><a href="#[d1]">&gt;&gt;</a>&nbsp;&nbsp;&nbsp;HAL_GPIO_WritePin
<LI><a href="#[d2]">&gt;&gt;</a>&nbsp;&nbsp;&nbsp;HAL_SPI_Transmit
<LI><a href="#[d6]">&gt;&gt;</a>&nbsp;&nbsp;&nbsp;HAL_SPI_Receive
</UL>
<BR>[Called By]<UL><LI><a href="#[1f8]">&gt;&gt;</a>&nbsp;&nbsp;&nbsp;md5Check
<LI><a href="#[59]">&gt;&gt;</a>&nbsp;&nbsp;&nbsp;main
<LI><a href="#[147]">&gt;&gt;</a>&nbsp;&nbsp;&nbsp;tcpc_httpc_dnld_on_data
</UL>

<P><STRONG><a name="[da]"></a>BSP_W25Qx_Read_ID</STRONG> (Thumb, 60 bytes, Stack size 16 bytes, w25qxx.o(i.BSP_W25Qx_Read_ID))
<BR><BR>[Stack]<UL><LI>Max Depth = 152<LI>Call Chain = BSP_W25Qx_Read_ID &rArr; HAL_SPI_Receive &rArr; HAL_SPI_TransmitReceive &rArr; SPI_EndRxTxTransaction &rArr; SPI_WaitFlagStateUntilTimeout
</UL>
<BR>[Calls]<UL><LI><a href="#[d1]">&gt;&gt;</a>&nbsp;&nbsp;&nbsp;HAL_GPIO_WritePin
<LI><a href="#[d2]">&gt;&gt;</a>&nbsp;&nbsp;&nbsp;HAL_SPI_Transmit
<LI><a href="#[d6]">&gt;&gt;</a>&nbsp;&nbsp;&nbsp;HAL_SPI_Receive
</UL>
<BR>[Called By]<UL><LI><a href="#[59]">&gt;&gt;</a>&nbsp;&nbsp;&nbsp;main
</UL>

<P><STRONG><a name="[db]"></a>BSP_W25Qx_Write</STRONG> (Thumb, 194 bytes, Stack size 40 bytes, w25qxx.o(i.BSP_W25Qx_Write))
<BR><BR>[Stack]<UL><LI>Max Depth = 208<LI>Call Chain = BSP_W25Qx_Write &rArr; BSP_W25Qx_WriteEnable &rArr; BSP_W25Qx_GetStatus &rArr; HAL_SPI_Receive &rArr; HAL_SPI_TransmitReceive &rArr; SPI_EndRxTxTransaction &rArr; SPI_WaitFlagStateUntilTimeout
</UL>
<BR>[Calls]<UL><LI><a href="#[d1]">&gt;&gt;</a>&nbsp;&nbsp;&nbsp;HAL_GPIO_WritePin
<LI><a href="#[d2]">&gt;&gt;</a>&nbsp;&nbsp;&nbsp;HAL_SPI_Transmit
<LI><a href="#[cf]">&gt;&gt;</a>&nbsp;&nbsp;&nbsp;HAL_GetTick
<LI><a href="#[d0]">&gt;&gt;</a>&nbsp;&nbsp;&nbsp;BSP_W25Qx_WriteEnable
<LI><a href="#[d4]">&gt;&gt;</a>&nbsp;&nbsp;&nbsp;BSP_W25Qx_GetStatus
</UL>
<BR>[Called By]<UL><LI><a href="#[147]">&gt;&gt;</a>&nbsp;&nbsp;&nbsp;tcpc_httpc_dnld_on_data
</UL>

<P><STRONG><a name="[d0]"></a>BSP_W25Qx_WriteEnable</STRONG> (Thumb, 78 bytes, Stack size 16 bytes, w25qxx.o(i.BSP_W25Qx_WriteEnable))
<BR><BR>[Stack]<UL><LI>Max Depth = 168<LI>Call Chain = BSP_W25Qx_WriteEnable &rArr; BSP_W25Qx_GetStatus &rArr; HAL_SPI_Receive &rArr; HAL_SPI_TransmitReceive &rArr; SPI_EndRxTxTransaction &rArr; SPI_WaitFlagStateUntilTimeout
</UL>
<BR>[Calls]<UL><LI><a href="#[d1]">&gt;&gt;</a>&nbsp;&nbsp;&nbsp;HAL_GPIO_WritePin
<LI><a href="#[d2]">&gt;&gt;</a>&nbsp;&nbsp;&nbsp;HAL_SPI_Transmit
<LI><a href="#[cf]">&gt;&gt;</a>&nbsp;&nbsp;&nbsp;HAL_GetTick
<LI><a href="#[d4]">&gt;&gt;</a>&nbsp;&nbsp;&nbsp;BSP_W25Qx_GetStatus
</UL>
<BR>[Called By]<UL><LI><a href="#[db]">&gt;&gt;</a>&nbsp;&nbsp;&nbsp;BSP_W25Qx_Write
<LI><a href="#[ce]">&gt;&gt;</a>&nbsp;&nbsp;&nbsp;BSP_W25Qx_Erase_APP_Block
</UL>

<P><STRONG><a name="[5]"></a>BusFault_Handler</STRONG> (Thumb, 10 bytes, Stack size 0 bytes, stm32f4xx_it.o(i.BusFault_Handler))
<BR><BR>[Stack]<UL><LI>Max Depth = 24<LI>Call Chain = BusFault_Handler &rArr; __2printf
</UL>
<BR>[Calls]<UL><LI><a href="#[d3]">&gt;&gt;</a>&nbsp;&nbsp;&nbsp;__2printf
</UL>
<BR>[Address Reference Count : 1]<UL><LI> startup_stm32f407xx.o(RESET)
</UL>
<P><STRONG><a name="[8]"></a>DebugMon_Handler</STRONG> (Thumb, 2 bytes, Stack size 0 bytes, stm32f4xx_it.o(i.DebugMon_Handler))
<BR>[Address Reference Count : 1]<UL><LI> startup_stm32f407xx.o(RESET)
</UL>
<P><STRONG><a name="[170]"></a>Error_Handler</STRONG> (Thumb, 2 bytes, Stack size 0 bytes, main.o(i.Error_Handler))
<BR><BR>[Called By]<UL><LI><a href="#[1a3]">&gt;&gt;</a>&nbsp;&nbsp;&nbsp;SystemClock_Config
<LI><a href="#[189]">&gt;&gt;</a>&nbsp;&nbsp;&nbsp;MX_USART6_UART_Init
<LI><a href="#[188]">&gt;&gt;</a>&nbsp;&nbsp;&nbsp;MX_USART2_UART_Init
<LI><a href="#[187]">&gt;&gt;</a>&nbsp;&nbsp;&nbsp;MX_USART1_UART_Init
<LI><a href="#[186]">&gt;&gt;</a>&nbsp;&nbsp;&nbsp;MX_TIM9_Init
<LI><a href="#[185]">&gt;&gt;</a>&nbsp;&nbsp;&nbsp;MX_TIM8_Init
<LI><a href="#[184]">&gt;&gt;</a>&nbsp;&nbsp;&nbsp;MX_TIM7_Init
<LI><a href="#[183]">&gt;&gt;</a>&nbsp;&nbsp;&nbsp;MX_TIM6_Init
<LI><a href="#[182]">&gt;&gt;</a>&nbsp;&nbsp;&nbsp;MX_TIM5_Init
<LI><a href="#[181]">&gt;&gt;</a>&nbsp;&nbsp;&nbsp;MX_TIM4_Init
<LI><a href="#[180]">&gt;&gt;</a>&nbsp;&nbsp;&nbsp;MX_TIM3_Init
<LI><a href="#[17e]">&gt;&gt;</a>&nbsp;&nbsp;&nbsp;MX_TIM2_Init
<LI><a href="#[17d]">&gt;&gt;</a>&nbsp;&nbsp;&nbsp;MX_TIM14_Init
<LI><a href="#[17c]">&gt;&gt;</a>&nbsp;&nbsp;&nbsp;MX_TIM13_Init
<LI><a href="#[17b]">&gt;&gt;</a>&nbsp;&nbsp;&nbsp;MX_TIM12_Init
<LI><a href="#[17a]">&gt;&gt;</a>&nbsp;&nbsp;&nbsp;MX_TIM11_Init
<LI><a href="#[179]">&gt;&gt;</a>&nbsp;&nbsp;&nbsp;MX_TIM10_Init
<LI><a href="#[178]">&gt;&gt;</a>&nbsp;&nbsp;&nbsp;MX_SPI1_Init
<LI><a href="#[177]">&gt;&gt;</a>&nbsp;&nbsp;&nbsp;MX_RTC_Init
<LI><a href="#[16f]">&gt;&gt;</a>&nbsp;&nbsp;&nbsp;MX_I2C1_Init
</UL>

<P><STRONG><a name="[f7]"></a>FLASH_Erase_Sector</STRONG> (Thumb, 86 bytes, Stack size 8 bytes, stm32f4xx_hal_flash_ex.o(i.FLASH_Erase_Sector))
<BR><BR>[Stack]<UL><LI>Max Depth = 8<LI>Call Chain = FLASH_Erase_Sector
</UL>
<BR>[Called By]<UL><LI><a href="#[e0]">&gt;&gt;</a>&nbsp;&nbsp;&nbsp;HAL_FLASHEx_Erase
</UL>

<P><STRONG><a name="[f8]"></a>FLASH_FlushCaches</STRONG> (Thumb, 114 bytes, Stack size 0 bytes, stm32f4xx_hal_flash_ex.o(i.FLASH_FlushCaches))
<BR><BR>[Called By]<UL><LI><a href="#[e0]">&gt;&gt;</a>&nbsp;&nbsp;&nbsp;HAL_FLASHEx_Erase
</UL>

<P><STRONG><a name="[1f2]"></a>FLASH_Read</STRONG> (Thumb, 22 bytes, Stack size 12 bytes, common.o(i.FLASH_Read))
<BR><BR>[Stack]<UL><LI>Max Depth = 12<LI>Call Chain = FLASH_Read
</UL>
<BR>[Called By]<UL><LI><a href="#[e7]">&gt;&gt;</a>&nbsp;&nbsp;&nbsp;savenv
<LI><a href="#[1f4]">&gt;&gt;</a>&nbsp;&nbsp;&nbsp;savebootnv
<LI><a href="#[59]">&gt;&gt;</a>&nbsp;&nbsp;&nbsp;main
</UL>

<P><STRONG><a name="[dc]"></a>FLASH_WaitForLastOperation</STRONG> (Thumb, 90 bytes, Stack size 16 bytes, stm32f4xx_hal_flash.o(i.FLASH_WaitForLastOperation))
<BR><BR>[Stack]<UL><LI>Max Depth = 16<LI>Call Chain = FLASH_WaitForLastOperation
</UL>
<BR>[Calls]<UL><LI><a href="#[cf]">&gt;&gt;</a>&nbsp;&nbsp;&nbsp;HAL_GetTick
<LI><a href="#[dd]">&gt;&gt;</a>&nbsp;&nbsp;&nbsp;FLASH_SetErrorCode
</UL>
<BR>[Called By]<UL><LI><a href="#[e2]">&gt;&gt;</a>&nbsp;&nbsp;&nbsp;HAL_FLASH_Program
<LI><a href="#[e0]">&gt;&gt;</a>&nbsp;&nbsp;&nbsp;HAL_FLASHEx_Erase
</UL>

<P><STRONG><a name="[de]"></a>Flash_write</STRONG> (Thumb, 116 bytes, Stack size 64 bytes, common.o(i.Flash_write))
<BR><BR>[Stack]<UL><LI>Max Depth = 104<LI>Call Chain = Flash_write &rArr; HAL_FLASH_Program &rArr; FLASH_WaitForLastOperation
</UL>
<BR>[Calls]<UL><LI><a href="#[df]">&gt;&gt;</a>&nbsp;&nbsp;&nbsp;HAL_FLASH_Unlock
<LI><a href="#[e2]">&gt;&gt;</a>&nbsp;&nbsp;&nbsp;HAL_FLASH_Program
<LI><a href="#[e3]">&gt;&gt;</a>&nbsp;&nbsp;&nbsp;HAL_FLASH_Lock
<LI><a href="#[e0]">&gt;&gt;</a>&nbsp;&nbsp;&nbsp;HAL_FLASHEx_Erase
<LI><a href="#[e1]">&gt;&gt;</a>&nbsp;&nbsp;&nbsp;delay_flash
</UL>
<BR>[Called By]<UL><LI><a href="#[e7]">&gt;&gt;</a>&nbsp;&nbsp;&nbsp;savenv
<LI><a href="#[1f4]">&gt;&gt;</a>&nbsp;&nbsp;&nbsp;savebootnv
<LI><a href="#[59]">&gt;&gt;</a>&nbsp;&nbsp;&nbsp;main
</UL>

<P><STRONG><a name="[e4]"></a>GSM_Status_Check</STRONG> (Thumb, 9972 bytes, Stack size 112 bytes, main.o(i.GSM_Status_Check))
<BR><BR>[Stack]<UL><LI>Max Depth = 376<LI>Call Chain = GSM_Status_Check &rArr; __0sscanf &rArr; __vfscanf_char &rArr; __vfscanf &rArr; _scanf_real
</UL>
<BR>[Calls]<UL><LI><a href="#[eb]">&gt;&gt;</a>&nbsp;&nbsp;&nbsp;__aeabi_f2d
<LI><a href="#[bb]">&gt;&gt;</a>&nbsp;&nbsp;&nbsp;__aeabi_dmul
<LI><a href="#[bc]">&gt;&gt;</a>&nbsp;&nbsp;&nbsp;__aeabi_ddiv
<LI><a href="#[bd]">&gt;&gt;</a>&nbsp;&nbsp;&nbsp;__aeabi_d2f
<LI><a href="#[ee]">&gt;&gt;</a>&nbsp;&nbsp;&nbsp;HAL_RTC_SetTime
<LI><a href="#[ef]">&gt;&gt;</a>&nbsp;&nbsp;&nbsp;HAL_RTC_SetDate
<LI><a href="#[f0]">&gt;&gt;</a>&nbsp;&nbsp;&nbsp;HAL_RTC_GetTime
<LI><a href="#[f1]">&gt;&gt;</a>&nbsp;&nbsp;&nbsp;HAL_RTC_GetDate
<LI><a href="#[e7]">&gt;&gt;</a>&nbsp;&nbsp;&nbsp;savenv
<LI><a href="#[e9]">&gt;&gt;</a>&nbsp;&nbsp;&nbsp;HextoString
<LI><a href="#[b4]">&gt;&gt;</a>&nbsp;&nbsp;&nbsp;atol
<LI><a href="#[b1]">&gt;&gt;</a>&nbsp;&nbsp;&nbsp;atoi
<LI><a href="#[ad]">&gt;&gt;</a>&nbsp;&nbsp;&nbsp;__0sscanf
<LI><a href="#[d3]">&gt;&gt;</a>&nbsp;&nbsp;&nbsp;__2printf
<LI><a href="#[e6]">&gt;&gt;</a>&nbsp;&nbsp;&nbsp;strlen
<LI><a href="#[e5]">&gt;&gt;</a>&nbsp;&nbsp;&nbsp;strstr
<LI><a href="#[e8]">&gt;&gt;</a>&nbsp;&nbsp;&nbsp;__aeabi_memclr4
<LI><a href="#[a9]">&gt;&gt;</a>&nbsp;&nbsp;&nbsp;__aeabi_memclr
<LI><a href="#[ec]">&gt;&gt;</a>&nbsp;&nbsp;&nbsp;__aeabi_memcpy4
<LI><a href="#[ed]">&gt;&gt;</a>&nbsp;&nbsp;&nbsp;asctime
<LI><a href="#[ea]">&gt;&gt;</a>&nbsp;&nbsp;&nbsp;__hardfp_atof
<LI><a href="#[bf]">&gt;&gt;</a>&nbsp;&nbsp;&nbsp;localtime
</UL>
<BR>[Called By]<UL><LI><a href="#[13e]">&gt;&gt;</a>&nbsp;&nbsp;&nbsp;HAL_UART_RxCpltCallback
<LI><a href="#[12b]">&gt;&gt;</a>&nbsp;&nbsp;&nbsp;HAL_TIM_PeriodElapsedCallback
</UL>

<P><STRONG><a name="[f3]"></a>HAL_ADCEx_InjectedConvCpltCallback</STRONG> (Thumb, 2 bytes, Stack size 0 bytes, stm32f4xx_hal_adc_ex.o(i.HAL_ADCEx_InjectedConvCpltCallback))
<BR><BR>[Called By]<UL><LI><a href="#[cd]">&gt;&gt;</a>&nbsp;&nbsp;&nbsp;HAL_ADC_IRQHandler
</UL>

<P><STRONG><a name="[f2]"></a>HAL_ADC_ConvCpltCallback</STRONG> (Thumb, 2 bytes, Stack size 0 bytes, stm32f4xx_hal_adc.o(i.HAL_ADC_ConvCpltCallback))
<BR><BR>[Called By]<UL><LI><a href="#[cd]">&gt;&gt;</a>&nbsp;&nbsp;&nbsp;HAL_ADC_IRQHandler
</UL>

<P><STRONG><a name="[f5]"></a>HAL_ADC_ErrorCallback</STRONG> (Thumb, 2 bytes, Stack size 0 bytes, stm32f4xx_hal_adc.o(i.HAL_ADC_ErrorCallback))
<BR><BR>[Called By]<UL><LI><a href="#[cd]">&gt;&gt;</a>&nbsp;&nbsp;&nbsp;HAL_ADC_IRQHandler
</UL>

<P><STRONG><a name="[cd]"></a>HAL_ADC_IRQHandler</STRONG> (Thumb, 372 bytes, Stack size 16 bytes, stm32f4xx_hal_adc.o(i.HAL_ADC_IRQHandler))
<BR><BR>[Stack]<UL><LI>Max Depth = 16<LI>Call Chain = HAL_ADC_IRQHandler
</UL>
<BR>[Calls]<UL><LI><a href="#[f4]">&gt;&gt;</a>&nbsp;&nbsp;&nbsp;HAL_ADC_LevelOutOfWindowCallback
<LI><a href="#[f5]">&gt;&gt;</a>&nbsp;&nbsp;&nbsp;HAL_ADC_ErrorCallback
<LI><a href="#[f2]">&gt;&gt;</a>&nbsp;&nbsp;&nbsp;HAL_ADC_ConvCpltCallback
<LI><a href="#[f3]">&gt;&gt;</a>&nbsp;&nbsp;&nbsp;HAL_ADCEx_InjectedConvCpltCallback
</UL>
<BR>[Called By]<UL><LI><a href="#[1d]">&gt;&gt;</a>&nbsp;&nbsp;&nbsp;ADC_IRQHandler
</UL>

<P><STRONG><a name="[f4]"></a>HAL_ADC_LevelOutOfWindowCallback</STRONG> (Thumb, 2 bytes, Stack size 0 bytes, stm32f4xx_hal_adc.o(i.HAL_ADC_LevelOutOfWindowCallback))
<BR><BR>[Called By]<UL><LI><a href="#[cd]">&gt;&gt;</a>&nbsp;&nbsp;&nbsp;HAL_ADC_IRQHandler
</UL>

<P><STRONG><a name="[135]"></a>HAL_DMA_Abort_IT</STRONG> (Thumb, 40 bytes, Stack size 0 bytes, stm32f4xx_hal_dma.o(i.HAL_DMA_Abort_IT))
<BR><BR>[Called By]<UL><LI><a href="#[132]">&gt;&gt;</a>&nbsp;&nbsp;&nbsp;HAL_UART_IRQHandler
</UL>

<P><STRONG><a name="[d5]"></a>HAL_Delay</STRONG> (Thumb, 36 bytes, Stack size 16 bytes, stm32f4xx_hal.o(i.HAL_Delay))
<BR><BR>[Stack]<UL><LI>Max Depth = 16<LI>Call Chain = HAL_Delay
</UL>
<BR>[Calls]<UL><LI><a href="#[cf]">&gt;&gt;</a>&nbsp;&nbsp;&nbsp;HAL_GetTick
</UL>
<BR>[Called By]<UL><LI><a href="#[ce]">&gt;&gt;</a>&nbsp;&nbsp;&nbsp;BSP_W25Qx_Erase_APP_Block
<LI><a href="#[59]">&gt;&gt;</a>&nbsp;&nbsp;&nbsp;main
<LI><a href="#[1f0]">&gt;&gt;</a>&nbsp;&nbsp;&nbsp;feed_dog
[...]
</UL>
<BR>[Calls]<UL><LI><a href="#[2e3]">&gt;&gt;</a>&nbsp;&nbsp;&nbsp;x509_memcasecmp
<LI><a href="#[2e2]">&gt;&gt;</a>&nbsp;&nbsp;&nbsp;x509_check_wildcard
</UL>
<BR>[Called By]<UL><LI><a href="#[2b9]">&gt;&gt;</a>&nbsp;&nbsp;&nbsp;x509_crt_verify_name
</UL>

<P><STRONG><a name="[2e5]"></a>x509_crt_check_ee_locally_trusted</STRONG> (Thumb, 66 bytes, Stack size 16 bytes, x509_crt.o(i.x509_crt_check_ee_locally_trusted))
<BR><BR>[Stack]<UL><LI>Max Depth = 68<LI>Call Chain = x509_crt_check_ee_locally_trusted &rArr; x509_name_cmp &rArr; x509_string_cmp &rArr; x509_memcasecmp
</UL>
<BR>[Calls]<UL><LI><a href="#[249]">&gt;&gt;</a>&nbsp;&nbsp;&nbsp;memcmp
<LI><a href="#[2e6]">&gt;&gt;</a>&nbsp;&nbsp;&nbsp;x509_name_cmp
</UL>
<BR>[Called By]<UL><LI><a href="#[2bd]">&gt;&gt;</a>&nbsp;&nbsp;&nbsp;x509_crt_verify_chain
</UL>

<P><STRONG><a name="[2e7]"></a>x509_crt_check_parent</STRONG> (Thumb, 62 bytes, Stack size 24 bytes, x509_crt.o(i.x509_crt_check_parent))
<BR><BR>[Stack]<UL><LI>Max Depth = 76<LI>Call Chain = x509_crt_check_parent &rArr; x509_name_cmp &rArr; x509_string_cmp &rArr; x509_memcasecmp
</UL>
<BR>[Calls]<UL><LI><a href="#[2e6]">&gt;&gt;</a>&nbsp;&nbsp;&nbsp;x509_name_cmp
</UL>
<BR>[Called By]<UL><LI><a href="#[2eb]">&gt;&gt;</a>&nbsp;&nbsp;&nbsp;x509_crt_find_parent_in
</UL>

<P><STRONG><a name="[2e8]"></a>x509_crt_check_signature</STRONG> (Thumb, 102 bytes, Stack size 72 bytes, x509_crt.o(i.x509_crt_check_signature))
<BR><BR>[Stack]<UL><LI>Max Depth = 184<LI>Call Chain = x509_crt_check_signature &rArr; mbedtls_pk_verify_ext &rArr; mbedtls_pk_verify &rArr; pk_hashlen_helper
</UL>
<BR>[Calls]<UL><LI><a href="#[284]">&gt;&gt;</a>&nbsp;&nbsp;&nbsp;mbedtls_md_info_from_type
<LI><a href="#[285]">&gt;&gt;</a>&nbsp;&nbsp;&nbsp;mbedtls_md_get_size
<LI><a href="#[2e9]">&gt;&gt;</a>&nbsp;&nbsp;&nbsp;mbedtls_md
<LI><a href="#[258]">&gt;&gt;</a>&nbsp;&nbsp;&nbsp;mbedtls_pk_verify_ext
</UL>
<BR>[Called By]<UL><LI><a href="#[2bd]">&gt;&gt;</a>&nbsp;&nbsp;&nbsp;x509_crt_verify_chain
<LI><a href="#[2eb]">&gt;&gt;</a>&nbsp;&nbsp;&nbsp;x509_crt_find_parent_in
</UL>

<P><STRONG><a name="[2ea]"></a>x509_crt_find_parent</STRONG> (Thumb, 64 bytes, Stack size 32 bytes, x509_crt.o(i.x509_crt_find_parent))
<BR><BR>[Stack]<UL><LI>Max Depth = 248<LI>Call Chain = x509_crt_find_parent &rArr; x509_crt_find_parent_in &rArr; x509_crt_check_signature &rArr; mbedtls_pk_verify_ext &rArr; mbedtls_pk_verify &rArr; pk_hashlen_helper
</UL>
<BR>[Calls]<UL><LI><a href="#[2eb]">&gt;&gt;</a>&nbsp;&nbsp;&nbsp;x509_crt_find_parent_in
</UL>
<BR>[Called By]<UL><LI><a href="#[2bd]">&gt;&gt;</a>&nbsp;&nbsp;&nbsp;x509_crt_verify_chain
</UL>

<P><STRONG><a name="[2eb]"></a>x509_crt_find_parent_in</STRONG> (Thumb, 128 bytes, Stack size 32 bytes, x509_crt.o(i.x509_crt_find_parent_in))
<BR><BR>[Stack]<UL><LI>Max Depth = 216<LI>Call Chain = x509_crt_find_parent_in &rArr; x509_crt_check_signature &rArr; mbedtls_pk_verify_ext &rArr; mbedtls_pk_verify &rArr; pk_hashlen_helper
</UL>
<BR>[Calls]<UL><LI><a href="#[2e8]">&gt;&gt;</a>&nbsp;&nbsp;&nbsp;x509_crt_check_signature
<LI><a href="#[2e7]">&gt;&gt;</a>&nbsp;&nbsp;&nbsp;x509_crt_check_parent
<LI><a href="#[2ec]">&gt;&gt;</a>&nbsp;&nbsp;&nbsp;mbedtls_x509_time_is_past
<LI><a href="#[2ed]">&gt;&gt;</a>&nbsp;&nbsp;&nbsp;mbedtls_x509_time_is_future
</UL>
<BR>[Called By]<UL><LI><a href="#[2ea]">&gt;&gt;</a>&nbsp;&nbsp;&nbsp;x509_crt_find_parent
</UL>

<P><STRONG><a name="[2be]"></a>x509_crt_merge_flags_with_cb</STRONG> (Thumb, 76 bytes, Stack size 40 bytes, x509_crt.o(i.x509_crt_merge_flags_with_cb))
<BR><BR>[Stack]<UL><LI>Max Depth = 40<LI>Call Chain = x509_crt_merge_flags_with_cb
</UL>
<BR>[Called By]<UL><LI><a href="#[2a6]">&gt;&gt;</a>&nbsp;&nbsp;&nbsp;mbedtls_x509_crt_verify_with_profile
</UL>

<P><STRONG><a name="[2b8]"></a>x509_crt_parse_der_core</STRONG> (Thumb, 796 bytes, Stack size 80 bytes, x509_crt.o(i.x509_crt_parse_der_core))
<BR><BR>[Stack]<UL><LI>Max Depth = 896<LI>Call Chain = x509_crt_parse_der_core &rArr; mbedtls_pk_parse_subpubkey &rArr; pk_get_rsapubkey &rArr; mbedtls_rsa_complete &rArr; mbedtls_rsa_deduce_primes &rArr; mbedtls_mpi_exp_mod &rArr; mbedtls_mpi_mod_mpi &rArr; mbedtls_mpi_div_mpi &rArr; mbedtls_mpi_mul_int &rArr; mbedtls_mpi_mul_mpi &rArr; mbedtls_mpi_copy &rArr; mbedtls_mpi_grow &rArr; mbedtls_mpi_zeroize &rArr; mbedtls_platform_zeroize
</UL>
<BR>[Calls]<UL><LI><a href="#[1fc]">&gt;&gt;</a>&nbsp;&nbsp;&nbsp;mbedtls_asn1_get_tag
<LI><a href="#[149]">&gt;&gt;</a>&nbsp;&nbsp;&nbsp;mbedtls_x509_crt_free
<LI><a href="#[24e]">&gt;&gt;</a>&nbsp;&nbsp;&nbsp;mbedtls_pk_parse_subpubkey
<LI><a href="#[ab]">&gt;&gt;</a>&nbsp;&nbsp;&nbsp;calloc
<LI><a href="#[249]">&gt;&gt;</a>&nbsp;&nbsp;&nbsp;memcmp
<LI><a href="#[1b9]">&gt;&gt;</a>&nbsp;&nbsp;&nbsp;__aeabi_memcpy
<LI><a href="#[2ee]">&gt;&gt;</a>&nbsp;&nbsp;&nbsp;x509_get_version
<LI><a href="#[2f0]">&gt;&gt;</a>&nbsp;&nbsp;&nbsp;x509_get_uid
<LI><a href="#[2ef]">&gt;&gt;</a>&nbsp;&nbsp;&nbsp;x509_get_dates
<LI><a href="#[2f1]">&gt;&gt;</a>&nbsp;&nbsp;&nbsp;x509_get_crt_ext
<LI><a href="#[2c5]">&gt;&gt;</a>&nbsp;&nbsp;&nbsp;mbedtls_x509_get_sig_alg
<LI><a href="#[2c4]">&gt;&gt;</a>&nbsp;&nbsp;&nbsp;mbedtls_x509_get_sig
<LI><a href="#[2c3]">&gt;&gt;</a>&nbsp;&nbsp;&nbsp;mbedtls_x509_get_serial
<LI><a href="#[2c1]">&gt;&gt;</a>&nbsp;&nbsp;&nbsp;mbedtls_x509_get_name
<LI><a href="#[2bf]">&gt;&gt;</a>&nbsp;&nbsp;&nbsp;mbedtls_x509_get_alg
</UL>
<BR>[Called By]<UL><LI><a href="#[2a5]">&gt;&gt;</a>&nbsp;&nbsp;&nbsp;mbedtls_x509_crt_parse_der
</UL>

<P><STRONG><a name="[2bd]"></a>x509_crt_verify_chain</STRONG> (Thumb, 280 bytes, Stack size 64 bytes, x509_crt.o(i.x509_crt_verify_chain))
<BR><BR>[Stack]<UL><LI>Max Depth = 312<LI>Call Chain = x509_crt_verify_chain &rArr; x509_crt_find_parent &rArr; x509_crt_find_parent_in &rArr; x509_crt_check_signature &rArr; mbedtls_pk_verify_ext &rArr; mbedtls_pk_verify &rArr; pk_hashlen_helper
</UL>
<BR>[Calls]<UL><LI><a href="#[2bb]">&gt;&gt;</a>&nbsp;&nbsp;&nbsp;x509_profile_check_pk_alg
<LI><a href="#[2f2]">&gt;&gt;</a>&nbsp;&nbsp;&nbsp;x509_profile_check_md_alg
<LI><a href="#[2bc]">&gt;&gt;</a>&nbsp;&nbsp;&nbsp;x509_profile_check_key
<LI><a href="#[2e6]">&gt;&gt;</a>&nbsp;&nbsp;&nbsp;x509_name_cmp
<LI><a href="#[2ea]">&gt;&gt;</a>&nbsp;&nbsp;&nbsp;x509_crt_find_parent
<LI><a href="#[2e8]">&gt;&gt;</a>&nbsp;&nbsp;&nbsp;x509_crt_check_signature
<LI><a href="#[2e5]">&gt;&gt;</a>&nbsp;&nbsp;&nbsp;x509_crt_check_ee_locally_trusted
<LI><a href="#[2ec]">&gt;&gt;</a>&nbsp;&nbsp;&nbsp;mbedtls_x509_time_is_past
<LI><a href="#[2ed]">&gt;&gt;</a>&nbsp;&nbsp;&nbsp;mbedtls_x509_time_is_future
</UL>
<BR>[Called By]<UL><LI><a href="#[2a6]">&gt;&gt;</a>&nbsp;&nbsp;&nbsp;mbedtls_x509_crt_verify_with_profile
</UL>

<P><STRONG><a name="[2b9]"></a>x509_crt_verify_name</STRONG> (Thumb, 138 bytes, Stack size 32 bytes, x509_crt.o(i.x509_crt_verify_name))
<BR><BR>[Stack]<UL><LI>Max Depth = 92<LI>Call Chain = x509_crt_verify_name &rArr; x509_crt_check_cn &rArr; x509_check_wildcard &rArr; x509_memcasecmp
</UL>
<BR>[Calls]<UL><LI><a href="#[249]">&gt;&gt;</a>&nbsp;&nbsp;&nbsp;memcmp
<LI><a href="#[e6]">&gt;&gt;</a>&nbsp;&nbsp;&nbsp;strlen
<LI><a href="#[2e4]">&gt;&gt;</a>&nbsp;&nbsp;&nbsp;x509_crt_check_cn
</UL>
<BR>[Called By]<UL><LI><a href="#[2a6]">&gt;&gt;</a>&nbsp;&nbsp;&nbsp;mbedtls_x509_crt_verify_with_profile
</UL>

<P><STRONG><a name="[2f3]"></a>x509_get_basic_constraints</STRONG> (Thumb, 156 bytes, Stack size 32 bytes, x509_crt.o(i.x509_get_basic_constraints))
<BR><BR>[Stack]<UL><LI>Max Depth = 84<LI>Call Chain = x509_get_basic_constraints &rArr; mbedtls_asn1_get_int &rArr; mbedtls_asn1_get_tag &rArr; mbedtls_asn1_get_len
</UL>
<BR>[Calls]<UL><LI><a href="#[1fc]">&gt;&gt;</a>&nbsp;&nbsp;&nbsp;mbedtls_asn1_get_tag
<LI><a href="#[201]">&gt;&gt;</a>&nbsp;&nbsp;&nbsp;mbedtls_asn1_get_int
<LI><a href="#[200]">&gt;&gt;</a>&nbsp;&nbsp;&nbsp;mbedtls_asn1_get_bool
</UL>
<BR>[Called By]<UL><LI><a href="#[2f1]">&gt;&gt;</a>&nbsp;&nbsp;&nbsp;x509_get_crt_ext
</UL>

<P><STRONG><a name="[2f1]"></a>x509_get_crt_ext</STRONG> (Thumb, 444 bytes, Stack size 56 bytes, x509_crt.o(i.x509_get_crt_ext))
<BR><BR>[Stack]<UL><LI>Max Depth = 144<LI>Call Chain = x509_get_crt_ext &rArr; x509_get_key_usage &rArr; mbedtls_asn1_get_bitstring &rArr; mbedtls_asn1_get_tag &rArr; mbedtls_asn1_get_len
</UL>
<BR>[Calls]<UL><LI><a href="#[1fc]">&gt;&gt;</a>&nbsp;&nbsp;&nbsp;mbedtls_asn1_get_tag
<LI><a href="#[200]">&gt;&gt;</a>&nbsp;&nbsp;&nbsp;mbedtls_asn1_get_bool
<LI><a href="#[245]">&gt;&gt;</a>&nbsp;&nbsp;&nbsp;mbedtls_oid_get_x509_ext_type
<LI><a href="#[2f6]">&gt;&gt;</a>&nbsp;&nbsp;&nbsp;x509_get_subject_alt_name
<LI><a href="#[2f7]">&gt;&gt;</a>&nbsp;&nbsp;&nbsp;x509_get_ns_cert_type
<LI><a href="#[2f4]">&gt;&gt;</a>&nbsp;&nbsp;&nbsp;x509_get_key_usage
<LI><a href="#[2f5]">&gt;&gt;</a>&nbsp;&nbsp;&nbsp;x509_get_ext_key_usage
<LI><a href="#[2f3]">&gt;&gt;</a>&nbsp;&nbsp;&nbsp;x509_get_basic_constraints
<LI><a href="#[2c0]">&gt;&gt;</a>&nbsp;&nbsp;&nbsp;mbedtls_x509_get_ext
</UL>
<BR>[Called By]<UL><LI><a href="#[2b8]">&gt;&gt;</a>&nbsp;&nbsp;&nbsp;x509_crt_parse_der_core
</UL>

<P><STRONG><a name="[2ef]"></a>x509_get_dates</STRONG> (Thumb, 92 bytes, Stack size 32 bytes, x509_crt.o(i.x509_get_dates))
<BR><BR>[Stack]<UL><LI>Max Depth = 104<LI>Call Chain = x509_get_dates &rArr; mbedtls_x509_get_time &rArr; x509_parse_time &rArr; x509_date_is_valid
</UL>
<BR>[Calls]<UL><LI><a href="#[1fc]">&gt;&gt;</a>&nbsp;&nbsp;&nbsp;mbedtls_asn1_get_tag
<LI><a href="#[2c6]">&gt;&gt;</a>&nbsp;&nbsp;&nbsp;mbedtls_x509_get_time
</UL>
<BR>[Called By]<UL><LI><a href="#[2b8]">&gt;&gt;</a>&nbsp;&nbsp;&nbsp;x509_crt_parse_der_core
</UL>

<P><STRONG><a name="[2f5]"></a>x509_get_ext_key_usage</STRONG> (Thumb, 46 bytes, Stack size 24 bytes, x509_crt.o(i.x509_get_ext_key_usage))
<BR><BR>[Stack]<UL><LI>Max Depth = 84<LI>Call Chain = x509_get_ext_key_usage &rArr; mbedtls_asn1_get_sequence_of &rArr; mbedtls_asn1_get_tag &rArr; mbedtls_asn1_get_len
</UL>
<BR>[Calls]<UL><LI><a href="#[202]">&gt;&gt;</a>&nbsp;&nbsp;&nbsp;mbedtls_asn1_get_sequence_of
</UL>
<BR>[Called By]<UL><LI><a href="#[2f1]">&gt;&gt;</a>&nbsp;&nbsp;&nbsp;x509_get_crt_ext
</UL>

<P><STRONG><a name="[2f4]"></a>x509_get_key_usage</STRONG> (Thumb, 88 bytes, Stack size 40 bytes, x509_crt.o(i.x509_get_key_usage))
<BR><BR>[Stack]<UL><LI>Max Depth = 88<LI>Call Chain = x509_get_key_usage &rArr; mbedtls_asn1_get_bitstring &rArr; mbedtls_asn1_get_tag &rArr; mbedtls_asn1_get_len
</UL>
<BR>[Calls]<UL><LI><a href="#[1fe]">&gt;&gt;</a>&nbsp;&nbsp;&nbsp;mbedtls_asn1_get_bitstring
</UL>
<BR>[Called By]<UL><LI><a href="#[2f1]">&gt;&gt;</a>&nbsp;&nbsp;&nbsp;x509_get_crt_ext
</UL>

<P><STRONG><a name="[2f7]"></a>x509_get_ns_cert_type</STRONG> (Thumb, 56 bytes, Stack size 32 bytes, x509_crt.o(i.x509_get_ns_cert_type))
<BR><BR>[Stack]<UL><LI>Max Depth = 80<LI>Call Chain = x509_get_ns_cert_type &rArr; mbedtls_asn1_get_bitstring &rArr; mbedtls_asn1_get_tag &rArr; mbedtls_asn1_get_len
</UL>
<BR>[Calls]<UL><LI><a href="#[1fe]">&gt;&gt;</a>&nbsp;&nbsp;&nbsp;mbedtls_asn1_get_bitstring
</UL>
<BR>[Called By]<UL><LI><a href="#[2f1]">&gt;&gt;</a>&nbsp;&nbsp;&nbsp;x509_get_crt_ext
</UL>

<P><STRONG><a name="[2f6]"></a>x509_get_subject_alt_name</STRONG> (Thumb, 216 bytes, Stack size 40 bytes, x509_crt.o(i.x509_get_subject_alt_name))
<BR><BR>[Stack]<UL><LI>Max Depth = 68<LI>Call Chain = x509_get_subject_alt_name &rArr; mbedtls_asn1_get_tag &rArr; mbedtls_asn1_get_len
</UL>
<BR>[Calls]<UL><LI><a href="#[1fc]">&gt;&gt;</a>&nbsp;&nbsp;&nbsp;mbedtls_asn1_get_tag
<LI><a href="#[1fd]">&gt;&gt;</a>&nbsp;&nbsp;&nbsp;mbedtls_asn1_get_len
<LI><a href="#[ab]">&gt;&gt;</a>&nbsp;&nbsp;&nbsp;calloc
</UL>
<BR>[Called By]<UL><LI><a href="#[2f1]">&gt;&gt;</a>&nbsp;&nbsp;&nbsp;x509_get_crt_ext
</UL>

<P><STRONG><a name="[2f0]"></a>x509_get_uid</STRONG> (Thumb, 78 bytes, Stack size 24 bytes, x509_crt.o(i.x509_get_uid))
<BR><BR>[Stack]<UL><LI>Max Depth = 52<LI>Call Chain = x509_get_uid &rArr; mbedtls_asn1_get_tag &rArr; mbedtls_asn1_get_len
</UL>
<BR>[Calls]<UL><LI><a href="#[1fc]">&gt;&gt;</a>&nbsp;&nbsp;&nbsp;mbedtls_asn1_get_tag
</UL>
<BR>[Called By]<UL><LI><a href="#[2b8]">&gt;&gt;</a>&nbsp;&nbsp;&nbsp;x509_crt_parse_der_core
</UL>

<P><STRONG><a name="[2ee]"></a>x509_get_version</STRONG> (Thumb, 80 bytes, Stack size 24 bytes, x509_crt.o(i.x509_get_version))
<BR><BR>[Stack]<UL><LI>Max Depth = 76<LI>Call Chain = x509_get_version &rArr; mbedtls_asn1_get_int &rArr; mbedtls_asn1_get_tag &rArr; mbedtls_asn1_get_len
</UL>
<BR>[Calls]<UL><LI><a href="#[1fc]">&gt;&gt;</a>&nbsp;&nbsp;&nbsp;mbedtls_asn1_get_tag
<LI><a href="#[201]">&gt;&gt;</a>&nbsp;&nbsp;&nbsp;mbedtls_asn1_get_int
</UL>
<BR>[Called By]<UL><LI><a href="#[2b8]">&gt;&gt;</a>&nbsp;&nbsp;&nbsp;x509_crt_parse_der_core
</UL>

<P><STRONG><a name="[2e3]"></a>x509_memcasecmp</STRONG> (Thumb, 76 bytes, Stack size 20 bytes, x509_crt.o(i.x509_memcasecmp))
<BR><BR>[Stack]<UL><LI>Max Depth = 20<LI>Call Chain = x509_memcasecmp
</UL>
<BR>[Called By]<UL><LI><a href="#[2f8]">&gt;&gt;</a>&nbsp;&nbsp;&nbsp;x509_string_cmp
<LI><a href="#[2e4]">&gt;&gt;</a>&nbsp;&nbsp;&nbsp;x509_crt_check_cn
<LI><a href="#[2e2]">&gt;&gt;</a>&nbsp;&nbsp;&nbsp;x509_check_wildcard
</UL>

<P><STRONG><a name="[2e6]"></a>x509_name_cmp</STRONG> (Thumb, 102 bytes, Stack size 16 bytes, x509_crt.o(i.x509_name_cmp))
<BR><BR>[Stack]<UL><LI>Max Depth = 52<LI>Call Chain = x509_name_cmp &rArr; x509_string_cmp &rArr; x509_memcasecmp
</UL>
<BR>[Calls]<UL><LI><a href="#[249]">&gt;&gt;</a>&nbsp;&nbsp;&nbsp;memcmp
<LI><a href="#[2f8]">&gt;&gt;</a>&nbsp;&nbsp;&nbsp;x509_string_cmp
</UL>
<BR>[Called By]<UL><LI><a href="#[2bd]">&gt;&gt;</a>&nbsp;&nbsp;&nbsp;x509_crt_verify_chain
<LI><a href="#[2e7]">&gt;&gt;</a>&nbsp;&nbsp;&nbsp;x509_crt_check_parent
<LI><a href="#[2e5]">&gt;&gt;</a>&nbsp;&nbsp;&nbsp;x509_crt_check_ee_locally_trusted
</UL>

<P><STRONG><a name="[2bc]"></a>x509_profile_check_key</STRONG> (Thumb, 96 bytes, Stack size 24 bytes, x509_crt.o(i.x509_profile_check_key))
<BR><BR>[Stack]<UL><LI>Max Depth = 32<LI>Call Chain = x509_profile_check_key &rArr; mbedtls_pk_get_bitlen
</UL>
<BR>[Calls]<UL><LI><a href="#[2ba]">&gt;&gt;</a>&nbsp;&nbsp;&nbsp;mbedtls_pk_get_type
<LI><a href="#[2fb]">&gt;&gt;</a>&nbsp;&nbsp;&nbsp;mbedtls_pk_get_bitlen
</UL>
<BR>[Called By]<UL><LI><a href="#[2bd]">&gt;&gt;</a>&nbsp;&nbsp;&nbsp;x509_crt_verify_chain
<LI><a href="#[2a6]">&gt;&gt;</a>&nbsp;&nbsp;&nbsp;mbedtls_x509_crt_verify_with_profile
</UL>

<P><STRONG><a name="[2f2]"></a>x509_profile_check_md_alg</STRONG> (Thumb, 26 bytes, Stack size 8 bytes, x509_crt.o(i.x509_profile_check_md_alg))
<BR><BR>[Stack]<UL><LI>Max Depth = 8<LI>Call Chain = x509_profile_check_md_alg
</UL>
<BR>[Called By]<UL><LI><a href="#[2bd]">&gt;&gt;</a>&nbsp;&nbsp;&nbsp;x509_crt_verify_chain
</UL>

<P><STRONG><a name="[2bb]"></a>x509_profile_check_pk_alg</STRONG> (Thumb, 26 bytes, Stack size 8 bytes, x509_crt.o(i.x509_profile_check_pk_alg))
<BR><BR>[Stack]<UL><LI>Max Depth = 8<LI>Call Chain = x509_profile_check_pk_alg
</UL>
<BR>[Called By]<UL><LI><a href="#[2bd]">&gt;&gt;</a>&nbsp;&nbsp;&nbsp;x509_crt_verify_chain
<LI><a href="#[2a6]">&gt;&gt;</a>&nbsp;&nbsp;&nbsp;mbedtls_x509_crt_verify_with_profile
</UL>

<P><STRONG><a name="[2f8]"></a>x509_string_cmp</STRONG> (Thumb, 92 bytes, Stack size 16 bytes, x509_crt.o(i.x509_string_cmp))
<BR><BR>[Stack]<UL><LI>Max Depth = 36<LI>Call Chain = x509_string_cmp &rArr; x509_memcasecmp
</UL>
<BR>[Calls]<UL><LI><a href="#[249]">&gt;&gt;</a>&nbsp;&nbsp;&nbsp;memcmp
<LI><a href="#[2e3]">&gt;&gt;</a>&nbsp;&nbsp;&nbsp;x509_memcasecmp
</UL>
<BR>[Called By]<UL><LI><a href="#[2e6]">&gt;&gt;</a>&nbsp;&nbsp;&nbsp;x509_name_cmp
</UL>

<P><STRONG><a name="[18d]"></a>crc16_update</STRONG> (Thumb, 32 bytes, Stack size 0 bytes, modbus_master.o(i.crc16_update))
<BR><BR>[Called By]<UL><LI><a href="#[18a]">&gt;&gt;</a>&nbsp;&nbsp;&nbsp;ModbusMaster_ModbusMasterTransaction
</UL>

<P><STRONG><a name="[18b]"></a>highByte</STRONG> (Thumb, 6 bytes, Stack size 0 bytes, modbus_master.o(i.highByte))
<BR><BR>[Called By]<UL><LI><a href="#[18a]">&gt;&gt;</a>&nbsp;&nbsp;&nbsp;ModbusMaster_ModbusMasterTransaction
</UL>

<P><STRONG><a name="[18c]"></a>lowByte</STRONG> (Thumb, 6 bytes, Stack size 0 bytes, modbus_master.o(i.lowByte))
<BR><BR>[Called By]<UL><LI><a href="#[18a]">&gt;&gt;</a>&nbsp;&nbsp;&nbsp;ModbusMaster_ModbusMasterTransaction
</UL>

<P><STRONG><a name="[193]"></a>word</STRONG> (Thumb, 10 bytes, Stack size 0 bytes, modbus_master.o(i.word))
<BR><BR>[Called By]<UL><LI><a href="#[18a]">&gt;&gt;</a>&nbsp;&nbsp;&nbsp;ModbusMaster_ModbusMasterTransaction
</UL>

<P><STRONG><a name="[1ac]"></a>_fp_digits</STRONG> (Thumb, 366 bytes, Stack size 64 bytes, printfa.o(i._fp_digits), UNUSED)
<BR><BR>[Calls]<UL><LI><a href="#[bb]">&gt;&gt;</a>&nbsp;&nbsp;&nbsp;__aeabi_dmul
<LI><a href="#[bc]">&gt;&gt;</a>&nbsp;&nbsp;&nbsp;__aeabi_ddiv
<LI><a href="#[b5]">&gt;&gt;</a>&nbsp;&nbsp;&nbsp;__aeabi_dadd
<LI><a href="#[c6]">&gt;&gt;</a>&nbsp;&nbsp;&nbsp;__aeabi_d2ulz
<LI><a href="#[1ad]">&gt;&gt;</a>&nbsp;&nbsp;&nbsp;__aeabi_cdrcmple
<LI><a href="#[a4]">&gt;&gt;</a>&nbsp;&nbsp;&nbsp;__aeabi_uldivmod
</UL>
<BR>[Called By]<UL><LI><a href="#[1a7]">&gt;&gt;</a>&nbsp;&nbsp;&nbsp;_printf_core
</UL>

<P><STRONG><a name="[1a7]"></a>_printf_core</STRONG> (Thumb, 1744 bytes, Stack size 136 bytes, printfa.o(i._printf_core), UNUSED)
<BR><BR>[Calls]<UL><LI><a href="#[1ae]">&gt;&gt;</a>&nbsp;&nbsp;&nbsp;_printf_pre_padding
<LI><a href="#[1af]">&gt;&gt;</a>&nbsp;&nbsp;&nbsp;_printf_post_padding
<LI><a href="#[1ac]">&gt;&gt;</a>&nbsp;&nbsp;&nbsp;_fp_digits
<LI><a href="#[a4]">&gt;&gt;</a>&nbsp;&nbsp;&nbsp;__aeabi_uldivmod
<LI><a href="#[1b0]">&gt;&gt;</a>&nbsp;&nbsp;&nbsp;__aeabi_uidivmod
</UL>
<BR>[Called By]<UL><LI><a href="#[1a9]">&gt;&gt;</a>&nbsp;&nbsp;&nbsp;__0sprintf
<LI><a href="#[1a8]">&gt;&gt;</a>&nbsp;&nbsp;&nbsp;__0snprintf
<LI><a href="#[1a6]">&gt;&gt;</a>&nbsp;&nbsp;&nbsp;__0printf
</UL>

<P><STRONG><a name="[1af]"></a>_printf_post_padding</STRONG> (Thumb, 36 bytes, Stack size 24 bytes, printfa.o(i._printf_post_padding), UNUSED)
<BR><BR>[Called By]<UL><LI><a href="#[1a7]">&gt;&gt;</a>&nbsp;&nbsp;&nbsp;_printf_core
</UL>

<P><STRONG><a name="[1ae]"></a>_printf_pre_padding</STRONG> (Thumb, 46 bytes, Stack size 24 bytes, printfa.o(i._printf_pre_padding), UNUSED)
<BR><BR>[Called By]<UL><LI><a href="#[1a7]">&gt;&gt;</a>&nbsp;&nbsp;&nbsp;_printf_core
</UL>

<P><STRONG><a name="[66]"></a>_snputc</STRONG> (Thumb, 22 bytes, Stack size 0 bytes, printfa.o(i._snputc))
<BR>[Address Reference Count : 1]<UL><LI> printfa.o(i.__0snprintf)
</UL>
<P><STRONG><a name="[67]"></a>_sputc</STRONG> (Thumb, 10 bytes, Stack size 0 bytes, printfa.o(i._sputc))
<BR><BR>[Called By]<UL><LI><a href="#[1a9]">&gt;&gt;</a>&nbsp;&nbsp;&nbsp;__0sprintf
</UL>
<BR>[Address Reference Count : 1]<UL><LI> printfa.o(i.__0sprintf)
</UL>
<P><STRONG><a name="[5e]"></a>_scanf_char_input</STRONG> (Thumb, 12 bytes, Stack size 0 bytes, scanf_char.o(.text))
<BR>[Address Reference Count : 1]<UL><LI> scanf_char.o(.text)
</UL>
<P><STRONG><a name="[c1]"></a>_local_sscanf</STRONG> (Thumb, 54 bytes, Stack size 56 bytes, strtod.o(.text))
<BR><BR>[Stack]<UL><LI>Max Depth = 160<LI>Call Chain = _local_sscanf &rArr; _scanf_real
</UL>
<BR>[Calls]<UL><LI><a href="#[c2]">&gt;&gt;</a>&nbsp;&nbsp;&nbsp;_scanf_real
</UL>
<BR>[Called By]<UL><LI><a href="#[c3]">&gt;&gt;</a>&nbsp;&nbsp;&nbsp;__strtod_int
</UL>

<P><STRONG><a name="[c9]"></a>_fp_value</STRONG> (Thumb, 296 bytes, Stack size 64 bytes, scanf_fp.o(.text), UNUSED)
<BR><BR>[Calls]<UL><LI><a href="#[bb]">&gt;&gt;</a>&nbsp;&nbsp;&nbsp;__aeabi_dmul
<LI><a href="#[bc]">&gt;&gt;</a>&nbsp;&nbsp;&nbsp;__aeabi_ddiv
<LI><a href="#[ca]">&gt;&gt;</a>&nbsp;&nbsp;&nbsp;__aeabi_ul2d
</UL>
<BR>[Called By]<UL><LI><a href="#[cb]">&gt;&gt;</a>&nbsp;&nbsp;&nbsp;_scanf_really_real
</UL>
<P>
<H3>
Undefined Global Symbols
</H3><HR></body></html>
